Copyright 1986-2022 Xilinx, Inc. All Rights Reserved. Copyright 2022-2023 Advanced Micro Devices, Inc. All Rights Reserved.
---------------------------------------------------------------------------------------------------------------------------------------------
| Tool Version : Vivado v.2023.1.1 (lin64) Build 3900603 Fri Jun 16 19:30:25 MDT 2023
| Date         : Tue Jul  2 19:36:16 2024
| Host         : TP-T480s running 64-bit unknown
| Command      : upgrade_ip
| Device       : xc7z020clg400-1
---------------------------------------------------------------------------------------------------------------------------------------------

Upgrade Log for IP 'Zynq_E40S_PMP_AHBMUX_0_0'

1. Summary
----------

CAUTION (success, with warnings) in the update of Zynq_E40S_PMP_AHBMUX_0_0 (xilinx.com:module_ref:AHBMUX:1.0 (Rev. 1)) to current project options.

After upgrade, an IP may have parameter and port differences compared to the original customization. Please review the parameters within the IP customization GUI to ensure proper functionality. Also, please review the updated IP instantiation template to ensure proper connectivity, and update your design if required.

2. Connection Warnings
----------------------

Detected external port differences while upgrading 'Zynq_E40S_PMP_AHBMUX_0_0'. These changes may impact your design.


-Upgrade has added port 'HRDATA_S1'

-Upgrade has added port 'HRDATA_S3'

-Upgrade has added port 'HRDATA_S6'

-Upgrade has added port 'HRDATA_S8'

-Upgrade has added port 'HRDATA_S9'

-Upgrade has added port 'HREADYOUT_S1'

-Upgrade has added port 'HREADYOUT_S3'

-Upgrade has added port 'HREADYOUT_S6'

-Upgrade has added port 'HREADYOUT_S8'

-Upgrade has added port 'HREADYOUT_S9'


