Vivado Simulator v2023.1.1
Copyright 1986-2022 Xilinx, Inc. All Rights Reserved.
Copyright 2022-2023 Advanced Micro Devices, Inc. All Rights Reserved.
Running: /home/christian/Apps/Vivado/2023.1/bin/unwrapped/lnx64.o/xelab --incr --debug typical --relax --mt 8 -L xil_defaultlib -L unisims_ver -L secureip --snapshot Zynq_E40S_PMP_wrapper_func_synth xil_defaultlib.Zynq_E40S_PMP_wrapper xil_defaultlib.glbl -log elaborate.log 
Using 8 slave threads.
Starting static elaboration
Pass Through NonSizing Optimizer
Completed static elaboration
Starting simulation data flow analysis
Completed simulation data flow analysis
Time Resolution for simulation is 1ps
Compiling module unisims_ver.IBUF
Compiling module unisims_ver.GND
Compiling module unisims_ver.VCC
Compiling module unisims_ver.FDCE_default
Compiling module unisims_ver.x_lut3_mux8
Compiling module unisims_ver.LUT3
Compiling module unisims_ver.x_lut1_mux2
Compiling module unisims_ver.LUT1
Compiling module xil_defaultlib.Zynq_E40S_PMP_AHB2DUMP_0_0_AHB2D...
Compiling module xil_defaultlib.Zynq_E40S_PMP_AHB2DUMP_0_0
Compiling module unisims_ver.LUT6
Compiling module unisims_ver.LUT4
Compiling module unisims_ver.FDRE_default
Compiling module unisims_ver.LUT5
Compiling module unisims_ver.x_lut2_mux4
Compiling module unisims_ver.LUT2
Compiling module xil_defaultlib.Zynq_E40S_PMP_AHB2TIMER_0_0_pres...
Compiling module unisims_ver.CARRY4
Compiling module xil_defaultlib.Zynq_E40S_PMP_AHB2TIMER_0_0_AHB2...
Compiling module xil_defaultlib.Zynq_E40S_PMP_AHB2TIMER_0_0
Compiling module unisims_ver.FDPE_default
Compiling module xil_defaultlib.Zynq_E40S_PMP_AHB2UART_0_0_BAUDG...
Compiling module xil_defaultlib.Zynq_E40S_PMP_AHB2UART_0_0_UFIFO
Compiling module unisims_ver.RAM32M
Compiling module unisims_ver.RAM32X1D
Compiling module xil_defaultlib.Zynq_E40S_PMP_AHB2UART_0_0_UFIFO...
Compiling module xil_defaultlib.Zynq_E40S_PMP_AHB2UART_0_0_UART_...
Compiling module xil_defaultlib.Zynq_E40S_PMP_AHB2UART_0_0_UART_...
Compiling module xil_defaultlib.Zynq_E40S_PMP_AHB2UART_0_0_AHB2U...
Compiling module xil_defaultlib.Zynq_E40S_PMP_AHB2UART_0_0
Compiling module xil_defaultlib.Zynq_E40S_PMP_AHBDCD_0_0
Compiling module xil_defaultlib.Zynq_E40S_PMP_AHBKEYS_0_0_AHBKEY...
Compiling module xil_defaultlib.Zynq_E40S_PMP_AHBKEYS_0_0
Compiling module xil_defaultlib.Zynq_E40S_PMP_AHBMUX_0_0_AHBMUX
Compiling module xil_defaultlib.Zynq_E40S_PMP_AHBMUX_0_0
Compiling module unisims_ver.MUXF7
Compiling module unisims_ver.MUXF8
Compiling module xil_defaultlib.Zynq_E40S_PMP_AHB_CACHE_0_0_set
Compiling module xil_defaultlib.Zynq_E40S_PMP_AHB_CACHE_0_0_set_...
Compiling module xil_defaultlib.Zynq_E40S_PMP_AHB_CACHE_0_0_set_...
Compiling module xil_defaultlib.Zynq_E40S_PMP_AHB_CACHE_0_0_set_...
Compiling module xil_defaultlib.Zynq_E40S_PMP_AHB_CACHE_0_0_set_...
Compiling module xil_defaultlib.Zynq_E40S_PMP_AHB_CACHE_0_0_set_...
Compiling module xil_defaultlib.Zynq_E40S_PMP_AHB_CACHE_0_0_set_...
Compiling module xil_defaultlib.Zynq_E40S_PMP_AHB_CACHE_0_0_set_...
Compiling module xil_defaultlib.Zynq_E40S_PMP_AHB_CACHE_0_0_cach...
Compiling module xil_defaultlib.Zynq_E40S_PMP_AHB_CACHE_0_0_AHB_...
Compiling module xil_defaultlib.Zynq_E40S_PMP_AHB_CACHE_0_0
Compiling module xil_defaultlib.Zynq_E40S_PMP_AHB_CACHE_1_0_set
Compiling module xil_defaultlib.Zynq_E40S_PMP_AHB_CACHE_1_0_set_...
Compiling module xil_defaultlib.Zynq_E40S_PMP_AHB_CACHE_1_0_set_...
Compiling module xil_defaultlib.Zynq_E40S_PMP_AHB_CACHE_1_0_set_...
Compiling module xil_defaultlib.Zynq_E40S_PMP_AHB_CACHE_1_0_set_...
Compiling module xil_defaultlib.Zynq_E40S_PMP_AHB_CACHE_1_0_set_...
Compiling module xil_defaultlib.Zynq_E40S_PMP_AHB_CACHE_1_0_set_...
Compiling module xil_defaultlib.Zynq_E40S_PMP_AHB_CACHE_1_0_set_...
Compiling module xil_defaultlib.Zynq_E40S_PMP_AHB_CACHE_1_0_cach...
Compiling module xil_defaultlib.Zynq_E40S_PMP_AHB_CACHE_1_0_AHB_...
Compiling module xil_defaultlib.Zynq_E40S_PMP_AHB_CACHE_1_0
Compiling module xil_defaultlib.Zynq_E40S_PMP_BRAM_ARBITER_0_0_B...
Compiling module xil_defaultlib.Zynq_E40S_PMP_BRAM_ARBITER_0_0
Compiling module xil_defaultlib.Zynq_E40S_PMP_UA_encrypt_0_0_sbo...
Compiling module xil_defaultlib.Zynq_E40S_PMP_UA_encrypt_0_0_sbo...
Compiling module xil_defaultlib.Zynq_E40S_PMP_UA_encrypt_0_0_sbo...
Compiling module xil_defaultlib.Zynq_E40S_PMP_UA_encrypt_0_0_sbo...
Compiling module xil_defaultlib.Zynq_E40S_PMP_UA_encrypt_0_0_sbo...
Compiling module xil_defaultlib.Zynq_E40S_PMP_UA_encrypt_0_0_sbo...
Compiling module xil_defaultlib.Zynq_E40S_PMP_UA_encrypt_0_0_sbo...
Compiling module xil_defaultlib.Zynq_E40S_PMP_UA_encrypt_0_0_sbo...
Compiling module xil_defaultlib.Zynq_E40S_PMP_UA_encrypt_0_0_sbo...
Compiling module xil_defaultlib.Zynq_E40S_PMP_UA_encrypt_0_0_sbo...
Compiling module xil_defaultlib.Zynq_E40S_PMP_UA_encrypt_0_0_sbo...
Compiling module xil_defaultlib.Zynq_E40S_PMP_UA_encrypt_0_0_sbo...
Compiling module xil_defaultlib.Zynq_E40S_PMP_UA_encrypt_0_0_sbo...
Compiling module xil_defaultlib.Zynq_E40S_PMP_UA_encrypt_0_0_sbo...
Compiling module xil_defaultlib.Zynq_E40S_PMP_UA_encrypt_0_0_sbo...
Compiling module xil_defaultlib.Zynq_E40S_PMP_UA_encrypt_0_0_sbo...
Compiling module xil_defaultlib.Zynq_E40S_PMP_UA_encrypt_0_0_sbo...
Compiling module xil_defaultlib.Zynq_E40S_PMP_UA_encrypt_0_0_sbo...
Compiling module xil_defaultlib.Zynq_E40S_PMP_UA_encrypt_0_0_sbo...
Compiling module xil_defaultlib.Zynq_E40S_PMP_UA_encrypt_0_0_sbo...
Compiling module xil_defaultlib.Zynq_E40S_PMP_UA_encrypt_0_0_sbo...
Compiling module xil_defaultlib.Zynq_E40S_PMP_UA_encrypt_0_0_sbo...
Compiling module xil_defaultlib.Zynq_E40S_PMP_UA_encrypt_0_0_sbo...
Compiling module xil_defaultlib.Zynq_E40S_PMP_UA_encrypt_0_0_sbo...
Compiling module xil_defaultlib.Zynq_E40S_PMP_UA_encrypt_0_0_sbo...
Compiling module xil_defaultlib.Zynq_E40S_PMP_UA_encrypt_0_0_sbo...
Compiling module xil_defaultlib.Zynq_E40S_PMP_UA_encrypt_0_0_sbo...
Compiling module xil_defaultlib.Zynq_E40S_PMP_UA_encrypt_0_0_sbo...
Compiling module xil_defaultlib.Zynq_E40S_PMP_UA_encrypt_0_0_sbo...
Compiling module xil_defaultlib.Zynq_E40S_PMP_UA_encrypt_0_0_sbo...
Compiling module xil_defaultlib.Zynq_E40S_PMP_UA_encrypt_0_0_sbo...
Compiling module xil_defaultlib.Zynq_E40S_PMP_UA_encrypt_0_0_sbo...
Compiling module xil_defaultlib.Zynq_E40S_PMP_UA_encrypt_0_0_sbo...
Compiling module xil_defaultlib.Zynq_E40S_PMP_UA_encrypt_0_0_sbo...
Compiling module xil_defaultlib.Zynq_E40S_PMP_UA_encrypt_0_0_sbo...
Compiling module xil_defaultlib.Zynq_E40S_PMP_UA_encrypt_0_0_sbo...
Compiling module xil_defaultlib.Zynq_E40S_PMP_UA_encrypt_0_0_sbo...
Compiling module xil_defaultlib.Zynq_E40S_PMP_UA_encrypt_0_0_sbo...
Compiling module xil_defaultlib.Zynq_E40S_PMP_UA_encrypt_0_0_sbo...
Compiling module xil_defaultlib.Zynq_E40S_PMP_UA_encrypt_0_0_sbo...
Compiling module xil_defaultlib.Zynq_E40S_PMP_UA_encrypt_0_0_sbo...
Compiling module xil_defaultlib.Zynq_E40S_PMP_UA_encrypt_0_0_sbo...
Compiling module xil_defaultlib.Zynq_E40S_PMP_UA_encrypt_0_0_sbo...
Compiling module xil_defaultlib.Zynq_E40S_PMP_UA_encrypt_0_0_sbo...
Compiling module xil_defaultlib.Zynq_E40S_PMP_UA_encrypt_0_0_sbo...
Compiling module xil_defaultlib.Zynq_E40S_PMP_UA_encrypt_0_0_sbo...
Compiling module xil_defaultlib.Zynq_E40S_PMP_UA_encrypt_0_0_sbo...
Compiling module xil_defaultlib.Zynq_E40S_PMP_UA_encrypt_0_0_sbo...
Compiling module xil_defaultlib.Zynq_E40S_PMP_UA_encrypt_0_0_sbo...
Compiling module xil_defaultlib.Zynq_E40S_PMP_UA_encrypt_0_0_sbo...
Compiling module xil_defaultlib.Zynq_E40S_PMP_UA_encrypt_0_0_sbo...
Compiling module xil_defaultlib.Zynq_E40S_PMP_UA_encrypt_0_0_sbo...
Compiling module xil_defaultlib.Zynq_E40S_PMP_UA_encrypt_0_0_sbo...
Compiling module xil_defaultlib.Zynq_E40S_PMP_UA_encrypt_0_0_sbo...
Compiling module xil_defaultlib.Zynq_E40S_PMP_UA_encrypt_0_0_sbo...
Compiling module xil_defaultlib.Zynq_E40S_PMP_UA_encrypt_0_0_sbo...
Compiling module xil_defaultlib.Zynq_E40S_PMP_UA_encrypt_0_0_sbo...
Compiling module xil_defaultlib.Zynq_E40S_PMP_UA_encrypt_0_0_sbo...
Compiling module xil_defaultlib.Zynq_E40S_PMP_UA_encrypt_0_0_sbo...
Compiling module xil_defaultlib.Zynq_E40S_PMP_UA_encrypt_0_0_sbo...
Compiling module xil_defaultlib.Zynq_E40S_PMP_UA_encrypt_0_0_sbo...
Compiling module xil_defaultlib.Zynq_E40S_PMP_UA_encrypt_0_0_sbo...
Compiling module xil_defaultlib.Zynq_E40S_PMP_UA_encrypt_0_0_sbo...
Compiling module xil_defaultlib.Zynq_E40S_PMP_UA_encrypt_0_0_sbo...
Compiling module xil_defaultlib.Zynq_E40S_PMP_UA_encrypt_0_0_sbo...
Compiling module xil_defaultlib.Zynq_E40S_PMP_UA_encrypt_0_0_sbo...
Compiling module xil_defaultlib.Zynq_E40S_PMP_UA_encrypt_0_0_sbo...
Compiling module xil_defaultlib.Zynq_E40S_PMP_UA_encrypt_0_0_sbo...
Compiling module xil_defaultlib.Zynq_E40S_PMP_UA_encrypt_0_0_sbo...
Compiling module xil_defaultlib.Zynq_E40S_PMP_UA_encrypt_0_0_sbo...
Compiling module xil_defaultlib.Zynq_E40S_PMP_UA_encrypt_0_0_sbo...
Compiling module xil_defaultlib.Zynq_E40S_PMP_UA_encrypt_0_0_sbo...
Compiling module xil_defaultlib.Zynq_E40S_PMP_UA_encrypt_0_0_sbo...
Compiling module xil_defaultlib.Zynq_E40S_PMP_UA_encrypt_0_0_sbo...
Compiling module xil_defaultlib.Zynq_E40S_PMP_UA_encrypt_0_0_sbo...
Compiling module xil_defaultlib.Zynq_E40S_PMP_UA_encrypt_0_0_sbo...
Compiling module xil_defaultlib.Zynq_E40S_PMP_UA_encrypt_0_0_sbo...
Compiling module xil_defaultlib.Zynq_E40S_PMP_UA_encrypt_0_0_sbo...
Compiling module xil_defaultlib.Zynq_E40S_PMP_UA_encrypt_0_0_sbo...
Compiling module xil_defaultlib.Zynq_E40S_PMP_UA_encrypt_0_0_sbo...
Compiling module xil_defaultlib.Zynq_E40S_PMP_UA_encrypt_0_0_sbo...
Compiling module xil_defaultlib.Zynq_E40S_PMP_UA_encrypt_0_0_sbo...
Compiling module xil_defaultlib.Zynq_E40S_PMP_UA_encrypt_0_0_sbo...
Compiling module xil_defaultlib.Zynq_E40S_PMP_UA_encrypt_0_0_sbo...
Compiling module xil_defaultlib.Zynq_E40S_PMP_UA_encrypt_0_0_sbo...
Compiling module xil_defaultlib.Zynq_E40S_PMP_UA_encrypt_0_0_sbo...
Compiling module xil_defaultlib.Zynq_E40S_PMP_UA_encrypt_0_0_sbo...
Compiling module xil_defaultlib.Zynq_E40S_PMP_UA_encrypt_0_0_sbo...
Compiling module xil_defaultlib.Zynq_E40S_PMP_UA_encrypt_0_0_sbo...
Compiling module xil_defaultlib.Zynq_E40S_PMP_UA_encrypt_0_0_sbo...
Compiling module xil_defaultlib.Zynq_E40S_PMP_UA_encrypt_0_0_sbo...
Compiling module xil_defaultlib.Zynq_E40S_PMP_UA_encrypt_0_0_sbo...
Compiling module xil_defaultlib.Zynq_E40S_PMP_UA_encrypt_0_0_sbo...
Compiling module xil_defaultlib.Zynq_E40S_PMP_UA_encrypt_0_0_sbo...
Compiling module xil_defaultlib.Zynq_E40S_PMP_UA_encrypt_0_0_sbo...
Compiling module xil_defaultlib.Zynq_E40S_PMP_UA_encrypt_0_0_sbo...
Compiling module xil_defaultlib.Zynq_E40S_PMP_UA_encrypt_0_0_sbo...
Compiling module xil_defaultlib.Zynq_E40S_PMP_UA_encrypt_0_0_sbo...
Compiling module xil_defaultlib.Zynq_E40S_PMP_UA_encrypt_0_0_sbo...
Compiling module xil_defaultlib.Zynq_E40S_PMP_UA_encrypt_0_0_sbo...
Compiling module xil_defaultlib.Zynq_E40S_PMP_UA_encrypt_0_0_sbo...
Compiling module xil_defaultlib.Zynq_E40S_PMP_UA_encrypt_0_0_sbo...
Compiling module xil_defaultlib.Zynq_E40S_PMP_UA_encrypt_0_0_sbo...
Compiling module xil_defaultlib.Zynq_E40S_PMP_UA_encrypt_0_0_sbo...
Compiling module xil_defaultlib.Zynq_E40S_PMP_UA_encrypt_0_0_sbo...
Compiling module xil_defaultlib.Zynq_E40S_PMP_UA_encrypt_0_0_sbo...
Compiling module xil_defaultlib.Zynq_E40S_PMP_UA_encrypt_0_0_sbo...
Compiling module xil_defaultlib.Zynq_E40S_PMP_UA_encrypt_0_0_sbo...
Compiling module xil_defaultlib.Zynq_E40S_PMP_UA_encrypt_0_0_sbo...
Compiling module xil_defaultlib.Zynq_E40S_PMP_UA_encrypt_0_0_sbo...
Compiling module xil_defaultlib.Zynq_E40S_PMP_UA_encrypt_0_0_sbo...
Compiling module xil_defaultlib.Zynq_E40S_PMP_UA_encrypt_0_0_sbo...
Compiling module xil_defaultlib.Zynq_E40S_PMP_UA_encrypt_0_0_sbo...
Compiling module xil_defaultlib.Zynq_E40S_PMP_UA_encrypt_0_0_sbo...
Compiling module xil_defaultlib.Zynq_E40S_PMP_UA_encrypt_0_0_sbo...
Compiling module xil_defaultlib.Zynq_E40S_PMP_UA_encrypt_0_0_sbo...
Compiling module xil_defaultlib.Zynq_E40S_PMP_UA_encrypt_0_0_sbo...
Compiling module xil_defaultlib.Zynq_E40S_PMP_UA_encrypt_0_0_sbo...
Compiling module xil_defaultlib.Zynq_E40S_PMP_UA_encrypt_0_0_sbo...
Compiling module xil_defaultlib.Zynq_E40S_PMP_UA_encrypt_0_0_sbo...
Compiling module xil_defaultlib.Zynq_E40S_PMP_UA_encrypt_0_0_sbo...
Compiling module xil_defaultlib.Zynq_E40S_PMP_UA_encrypt_0_0_sbo...
Compiling module xil_defaultlib.Zynq_E40S_PMP_UA_encrypt_0_0_sbo...
Compiling module xil_defaultlib.Zynq_E40S_PMP_UA_encrypt_0_0_sbo...
Compiling module xil_defaultlib.Zynq_E40S_PMP_UA_encrypt_0_0_sbo...
Compiling module xil_defaultlib.Zynq_E40S_PMP_UA_encrypt_0_0_sbo...
Compiling module xil_defaultlib.Zynq_E40S_PMP_UA_encrypt_0_0_sbo...
Compiling module xil_defaultlib.Zynq_E40S_PMP_UA_encrypt_0_0_sbo...
Compiling module xil_defaultlib.Zynq_E40S_PMP_UA_encrypt_0_0_sbo...
Compiling module xil_defaultlib.Zynq_E40S_PMP_UA_encrypt_0_0_sbo...
Compiling module xil_defaultlib.Zynq_E40S_PMP_UA_encrypt_0_0_sbo...
Compiling module xil_defaultlib.Zynq_E40S_PMP_UA_encrypt_0_0_sbo...
Compiling module xil_defaultlib.Zynq_E40S_PMP_UA_encrypt_0_0_sbo...
Compiling module xil_defaultlib.Zynq_E40S_PMP_UA_encrypt_0_0_sbo...
Compiling module xil_defaultlib.Zynq_E40S_PMP_UA_encrypt_0_0_sbo...
Compiling module xil_defaultlib.Zynq_E40S_PMP_UA_encrypt_0_0_sbo...
Compiling module xil_defaultlib.Zynq_E40S_PMP_UA_encrypt_0_0_sbo...
Compiling module xil_defaultlib.Zynq_E40S_PMP_UA_encrypt_0_0_sbo...
Compiling module xil_defaultlib.Zynq_E40S_PMP_UA_encrypt_0_0_pri...
Compiling module xil_defaultlib.Zynq_E40S_PMP_UA_encrypt_0_0_pri...
Compiling module xil_defaultlib.Zynq_E40S_PMP_UA_encrypt_0_0_cry...
Compiling module unisims_ver.latchsre_ldce
Compiling module unisims_ver.LDCE
Compiling module xil_defaultlib.Zynq_E40S_PMP_UA_encrypt_0_0_UA_...
Compiling module xil_defaultlib.Zynq_E40S_PMP_UA_encrypt_0_0
Compiling module xil_defaultlib.Zynq_E40S_PMP_UA_encrypt_1_0_sbo...
Compiling module xil_defaultlib.Zynq_E40S_PMP_UA_encrypt_1_0_sbo...
Compiling module xil_defaultlib.Zynq_E40S_PMP_UA_encrypt_1_0_sbo...
Compiling module xil_defaultlib.Zynq_E40S_PMP_UA_encrypt_1_0_sbo...
Compiling module xil_defaultlib.Zynq_E40S_PMP_UA_encrypt_1_0_sbo...
Compiling module xil_defaultlib.Zynq_E40S_PMP_UA_encrypt_1_0_sbo...
Compiling module xil_defaultlib.Zynq_E40S_PMP_UA_encrypt_1_0_sbo...
Compiling module xil_defaultlib.Zynq_E40S_PMP_UA_encrypt_1_0_sbo...
Compiling module xil_defaultlib.Zynq_E40S_PMP_UA_encrypt_1_0_sbo...
Compiling module xil_defaultlib.Zynq_E40S_PMP_UA_encrypt_1_0_sbo...
Compiling module xil_defaultlib.Zynq_E40S_PMP_UA_encrypt_1_0_sbo...
Compiling module xil_defaultlib.Zynq_E40S_PMP_UA_encrypt_1_0_sbo...
Compiling module xil_defaultlib.Zynq_E40S_PMP_UA_encrypt_1_0_sbo...
Compiling module xil_defaultlib.Zynq_E40S_PMP_UA_encrypt_1_0_sbo...
Compiling module xil_defaultlib.Zynq_E40S_PMP_UA_encrypt_1_0_sbo...
Compiling module xil_defaultlib.Zynq_E40S_PMP_UA_encrypt_1_0_sbo...
Compiling module xil_defaultlib.Zynq_E40S_PMP_UA_encrypt_1_0_sbo...
Compiling module xil_defaultlib.Zynq_E40S_PMP_UA_encrypt_1_0_sbo...
Compiling module xil_defaultlib.Zynq_E40S_PMP_UA_encrypt_1_0_sbo...
Compiling module xil_defaultlib.Zynq_E40S_PMP_UA_encrypt_1_0_sbo...
Compiling module xil_defaultlib.Zynq_E40S_PMP_UA_encrypt_1_0_sbo...
Compiling module xil_defaultlib.Zynq_E40S_PMP_UA_encrypt_1_0_sbo...
Compiling module xil_defaultlib.Zynq_E40S_PMP_UA_encrypt_1_0_sbo...
Compiling module xil_defaultlib.Zynq_E40S_PMP_UA_encrypt_1_0_sbo...
Compiling module xil_defaultlib.Zynq_E40S_PMP_UA_encrypt_1_0_sbo...
Compiling module xil_defaultlib.Zynq_E40S_PMP_UA_encrypt_1_0_sbo...
Compiling module xil_defaultlib.Zynq_E40S_PMP_UA_encrypt_1_0_sbo...
Compiling module xil_defaultlib.Zynq_E40S_PMP_UA_encrypt_1_0_sbo...
Compiling module xil_defaultlib.Zynq_E40S_PMP_UA_encrypt_1_0_sbo...
Compiling module xil_defaultlib.Zynq_E40S_PMP_UA_encrypt_1_0_sbo...
Compiling module xil_defaultlib.Zynq_E40S_PMP_UA_encrypt_1_0_sbo...
Compiling module xil_defaultlib.Zynq_E40S_PMP_UA_encrypt_1_0_sbo...
Compiling module xil_defaultlib.Zynq_E40S_PMP_UA_encrypt_1_0_sbo...
Compiling module xil_defaultlib.Zynq_E40S_PMP_UA_encrypt_1_0_sbo...
Compiling module xil_defaultlib.Zynq_E40S_PMP_UA_encrypt_1_0_sbo...
Compiling module xil_defaultlib.Zynq_E40S_PMP_UA_encrypt_1_0_sbo...
Compiling module xil_defaultlib.Zynq_E40S_PMP_UA_encrypt_1_0_sbo...
Compiling module xil_defaultlib.Zynq_E40S_PMP_UA_encrypt_1_0_sbo...
Compiling module xil_defaultlib.Zynq_E40S_PMP_UA_encrypt_1_0_sbo...
Compiling module xil_defaultlib.Zynq_E40S_PMP_UA_encrypt_1_0_sbo...
Compiling module xil_defaultlib.Zynq_E40S_PMP_UA_encrypt_1_0_sbo...
Compiling module xil_defaultlib.Zynq_E40S_PMP_UA_encrypt_1_0_sbo...
Compiling module xil_defaultlib.Zynq_E40S_PMP_UA_encrypt_1_0_sbo...
Compiling module xil_defaultlib.Zynq_E40S_PMP_UA_encrypt_1_0_sbo...
Compiling module xil_defaultlib.Zynq_E40S_PMP_UA_encrypt_1_0_sbo...
Compiling module xil_defaultlib.Zynq_E40S_PMP_UA_encrypt_1_0_sbo...
Compiling module xil_defaultlib.Zynq_E40S_PMP_UA_encrypt_1_0_sbo...
Compiling module xil_defaultlib.Zynq_E40S_PMP_UA_encrypt_1_0_sbo...
Compiling module xil_defaultlib.Zynq_E40S_PMP_UA_encrypt_1_0_sbo...
Compiling module xil_defaultlib.Zynq_E40S_PMP_UA_encrypt_1_0_sbo...
Compiling module xil_defaultlib.Zynq_E40S_PMP_UA_encrypt_1_0_sbo...
Compiling module xil_defaultlib.Zynq_E40S_PMP_UA_encrypt_1_0_sbo...
Compiling module xil_defaultlib.Zynq_E40S_PMP_UA_encrypt_1_0_sbo...
Compiling module xil_defaultlib.Zynq_E40S_PMP_UA_encrypt_1_0_sbo...
Compiling module xil_defaultlib.Zynq_E40S_PMP_UA_encrypt_1_0_sbo...
Compiling module xil_defaultlib.Zynq_E40S_PMP_UA_encrypt_1_0_sbo...
Compiling module xil_defaultlib.Zynq_E40S_PMP_UA_encrypt_1_0_sbo...
Compiling module xil_defaultlib.Zynq_E40S_PMP_UA_encrypt_1_0_sbo...
Compiling module xil_defaultlib.Zynq_E40S_PMP_UA_encrypt_1_0_sbo...
Compiling module xil_defaultlib.Zynq_E40S_PMP_UA_encrypt_1_0_sbo...
Compiling module xil_defaultlib.Zynq_E40S_PMP_UA_encrypt_1_0_sbo...
Compiling module xil_defaultlib.Zynq_E40S_PMP_UA_encrypt_1_0_sbo...
Compiling module xil_defaultlib.Zynq_E40S_PMP_UA_encrypt_1_0_sbo...
Compiling module xil_defaultlib.Zynq_E40S_PMP_UA_encrypt_1_0_sbo...
Compiling module xil_defaultlib.Zynq_E40S_PMP_UA_encrypt_1_0_sbo...
Compiling module xil_defaultlib.Zynq_E40S_PMP_UA_encrypt_1_0_sbo...
Compiling module xil_defaultlib.Zynq_E40S_PMP_UA_encrypt_1_0_sbo...
Compiling module xil_defaultlib.Zynq_E40S_PMP_UA_encrypt_1_0_sbo...
Compiling module xil_defaultlib.Zynq_E40S_PMP_UA_encrypt_1_0_sbo...
Compiling module xil_defaultlib.Zynq_E40S_PMP_UA_encrypt_1_0_sbo...
Compiling module xil_defaultlib.Zynq_E40S_PMP_UA_encrypt_1_0_sbo...
Compiling module xil_defaultlib.Zynq_E40S_PMP_UA_encrypt_1_0_sbo...
Compiling module xil_defaultlib.Zynq_E40S_PMP_UA_encrypt_1_0_sbo...
Compiling module xil_defaultlib.Zynq_E40S_PMP_UA_encrypt_1_0_sbo...
Compiling module xil_defaultlib.Zynq_E40S_PMP_UA_encrypt_1_0_sbo...
Compiling module xil_defaultlib.Zynq_E40S_PMP_UA_encrypt_1_0_sbo...
Compiling module xil_defaultlib.Zynq_E40S_PMP_UA_encrypt_1_0_sbo...
Compiling module xil_defaultlib.Zynq_E40S_PMP_UA_encrypt_1_0_sbo...
Compiling module xil_defaultlib.Zynq_E40S_PMP_UA_encrypt_1_0_sbo...
Compiling module xil_defaultlib.Zynq_E40S_PMP_UA_encrypt_1_0_sbo...
Compiling module xil_defaultlib.Zynq_E40S_PMP_UA_encrypt_1_0_sbo...
Compiling module xil_defaultlib.Zynq_E40S_PMP_UA_encrypt_1_0_sbo...
Compiling module xil_defaultlib.Zynq_E40S_PMP_UA_encrypt_1_0_sbo...
Compiling module xil_defaultlib.Zynq_E40S_PMP_UA_encrypt_1_0_sbo...
Compiling module xil_defaultlib.Zynq_E40S_PMP_UA_encrypt_1_0_sbo...
Compiling module xil_defaultlib.Zynq_E40S_PMP_UA_encrypt_1_0_sbo...
Compiling module xil_defaultlib.Zynq_E40S_PMP_UA_encrypt_1_0_sbo...
Compiling module xil_defaultlib.Zynq_E40S_PMP_UA_encrypt_1_0_sbo...
Compiling module xil_defaultlib.Zynq_E40S_PMP_UA_encrypt_1_0_sbo...
Compiling module xil_defaultlib.Zynq_E40S_PMP_UA_encrypt_1_0_sbo...
Compiling module xil_defaultlib.Zynq_E40S_PMP_UA_encrypt_1_0_sbo...
Compiling module xil_defaultlib.Zynq_E40S_PMP_UA_encrypt_1_0_sbo...
Compiling module xil_defaultlib.Zynq_E40S_PMP_UA_encrypt_1_0_sbo...
Compiling module xil_defaultlib.Zynq_E40S_PMP_UA_encrypt_1_0_sbo...
Compiling module xil_defaultlib.Zynq_E40S_PMP_UA_encrypt_1_0_sbo...
Compiling module xil_defaultlib.Zynq_E40S_PMP_UA_encrypt_1_0_sbo...
Compiling module xil_defaultlib.Zynq_E40S_PMP_UA_encrypt_1_0_sbo...
Compiling module xil_defaultlib.Zynq_E40S_PMP_UA_encrypt_1_0_sbo...
Compiling module xil_defaultlib.Zynq_E40S_PMP_UA_encrypt_1_0_sbo...
Compiling module xil_defaultlib.Zynq_E40S_PMP_UA_encrypt_1_0_sbo...
Compiling module xil_defaultlib.Zynq_E40S_PMP_UA_encrypt_1_0_sbo...
Compiling module xil_defaultlib.Zynq_E40S_PMP_UA_encrypt_1_0_sbo...
Compiling module xil_defaultlib.Zynq_E40S_PMP_UA_encrypt_1_0_sbo...
Compiling module xil_defaultlib.Zynq_E40S_PMP_UA_encrypt_1_0_sbo...
Compiling module xil_defaultlib.Zynq_E40S_PMP_UA_encrypt_1_0_sbo...
Compiling module xil_defaultlib.Zynq_E40S_PMP_UA_encrypt_1_0_sbo...
Compiling module xil_defaultlib.Zynq_E40S_PMP_UA_encrypt_1_0_sbo...
Compiling module xil_defaultlib.Zynq_E40S_PMP_UA_encrypt_1_0_sbo...
Compiling module xil_defaultlib.Zynq_E40S_PMP_UA_encrypt_1_0_sbo...
Compiling module xil_defaultlib.Zynq_E40S_PMP_UA_encrypt_1_0_sbo...
Compiling module xil_defaultlib.Zynq_E40S_PMP_UA_encrypt_1_0_sbo...
Compiling module xil_defaultlib.Zynq_E40S_PMP_UA_encrypt_1_0_sbo...
Compiling module xil_defaultlib.Zynq_E40S_PMP_UA_encrypt_1_0_sbo...
Compiling module xil_defaultlib.Zynq_E40S_PMP_UA_encrypt_1_0_sbo...
Compiling module xil_defaultlib.Zynq_E40S_PMP_UA_encrypt_1_0_sbo...
Compiling module xil_defaultlib.Zynq_E40S_PMP_UA_encrypt_1_0_sbo...
Compiling module xil_defaultlib.Zynq_E40S_PMP_UA_encrypt_1_0_sbo...
Compiling module xil_defaultlib.Zynq_E40S_PMP_UA_encrypt_1_0_sbo...
Compiling module xil_defaultlib.Zynq_E40S_PMP_UA_encrypt_1_0_sbo...
Compiling module xil_defaultlib.Zynq_E40S_PMP_UA_encrypt_1_0_sbo...
Compiling module xil_defaultlib.Zynq_E40S_PMP_UA_encrypt_1_0_sbo...
Compiling module xil_defaultlib.Zynq_E40S_PMP_UA_encrypt_1_0_sbo...
Compiling module xil_defaultlib.Zynq_E40S_PMP_UA_encrypt_1_0_sbo...
Compiling module xil_defaultlib.Zynq_E40S_PMP_UA_encrypt_1_0_sbo...
Compiling module xil_defaultlib.Zynq_E40S_PMP_UA_encrypt_1_0_sbo...
Compiling module xil_defaultlib.Zynq_E40S_PMP_UA_encrypt_1_0_sbo...
Compiling module xil_defaultlib.Zynq_E40S_PMP_UA_encrypt_1_0_sbo...
Compiling module xil_defaultlib.Zynq_E40S_PMP_UA_encrypt_1_0_sbo...
Compiling module xil_defaultlib.Zynq_E40S_PMP_UA_encrypt_1_0_sbo...
Compiling module xil_defaultlib.Zynq_E40S_PMP_UA_encrypt_1_0_sbo...
Compiling module xil_defaultlib.Zynq_E40S_PMP_UA_encrypt_1_0_sbo...
Compiling module xil_defaultlib.Zynq_E40S_PMP_UA_encrypt_1_0_sbo...
Compiling module xil_defaultlib.Zynq_E40S_PMP_UA_encrypt_1_0_sbo...
Compiling module xil_defaultlib.Zynq_E40S_PMP_UA_encrypt_1_0_sbo...
Compiling module xil_defaultlib.Zynq_E40S_PMP_UA_encrypt_1_0_sbo...
Compiling module xil_defaultlib.Zynq_E40S_PMP_UA_encrypt_1_0_sbo...
Compiling module xil_defaultlib.Zynq_E40S_PMP_UA_encrypt_1_0_sbo...
Compiling module xil_defaultlib.Zynq_E40S_PMP_UA_encrypt_1_0_sbo...
Compiling module xil_defaultlib.Zynq_E40S_PMP_UA_encrypt_1_0_pri...
Compiling module xil_defaultlib.Zynq_E40S_PMP_UA_encrypt_1_0_pri...
Compiling module xil_defaultlib.Zynq_E40S_PMP_UA_encrypt_1_0_cry...
Compiling module xil_defaultlib.Zynq_E40S_PMP_UA_encrypt_1_0_UA_...
Compiling module xil_defaultlib.Zynq_E40S_PMP_UA_encrypt_1_0
Compiling module unisims_ver.RB36_INTERNAL_VLOG(DOA_REG=1,RDA...
Compiling module unisims_ver.RAMB36E1(DOA_REG=1,INIT_00=256'b...
Compiling module unisims_ver.RB36_INTERNAL_VLOG(DOA_REG=1,RDA...
Compiling module unisims_ver.RAMB36E1(DOA_REG=1,RDADDR_COLLIS...
Compiling module unisims_ver.RB36_INTERNAL_VLOG(DOA_REG=1,RDA...
Compiling module unisims_ver.RAMB36E1(DOA_REG=1,RDADDR_COLLIS...
Compiling module unisims_ver.RB36_INTERNAL_VLOG(DOA_REG=1,RDA...
Compiling module unisims_ver.RAMB36E1(DOA_REG=1,INITP_00=256'...
Compiling module unisims_ver.RB36_INTERNAL_VLOG(DOA_REG=1,RDA...
Compiling module unisims_ver.RAMB36E1(DOA_REG=1,INITP_00=256'...
Compiling module unisims_ver.RB36_INTERNAL_VLOG(DOA_REG=1,RDA...
Compiling module unisims_ver.RAMB36E1(DOA_REG=1,INITP_00=256'...
Compiling module unisims_ver.RB36_INTERNAL_VLOG(DOA_REG=1,RDA...
Compiling module unisims_ver.RAMB36E1(DOA_REG=1,INITP_00=256'...
Compiling module unisims_ver.RB18_INTERNAL_VLOG(DOA_REG=1,RDA...
Compiling module unisims_ver.RAMB18E1(DOA_REG=1,RDADDR_COLLIS...
Compiling module unisims_ver.RB36_INTERNAL_VLOG(DOA_REG=1,RDA...
Compiling module unisims_ver.RAMB36E1(DOA_REG=1,INITP_00=256'...
Compiling module unisims_ver.RB36_INTERNAL_VLOG(DOA_REG=1,RDA...
Compiling module unisims_ver.RAMB36E1(DOA_REG=1,INITP_01=256'...
Compiling module unisims_ver.RB18_INTERNAL_VLOG(DOA_REG=1,RDA...
Compiling module unisims_ver.RAMB18E1(DOA_REG=1,RDADDR_COLLIS...
Compiling module unisims_ver.RB36_INTERNAL_VLOG(DOA_REG=1,RDA...
Compiling module unisims_ver.RAMB36E1(DOA_REG=1,INITP_00=256'...
Compiling module unisims_ver.RB36_INTERNAL_VLOG(DOA_REG=1,RDA...
Compiling module unisims_ver.RAMB36E1(DOA_REG=1,INITP_00=256'...
Compiling module unisims_ver.RB18_INTERNAL_VLOG(DOA_REG=1,RDA...
Compiling module unisims_ver.RAMB18E1(DOA_REG=1,RDADDR_COLLIS...
Compiling module unisims_ver.RB36_INTERNAL_VLOG(DOA_REG=1,RDA...
Compiling module unisims_ver.RAMB36E1(DOA_REG=1,INITP_00=256'...
Compiling module unisims_ver.RB36_INTERNAL_VLOG(DOA_REG=1,RDA...
Compiling module unisims_ver.RAMB36E1(DOA_REG=1,INITP_00=256'...
Compiling module unisims_ver.RB36_INTERNAL_VLOG(DOA_REG=1,RDA...
Compiling module unisims_ver.RAMB36E1(DOA_REG=1,INIT_00=256'b...
Compiling module unisims_ver.RB18_INTERNAL_VLOG(DOA_REG=1,DOB...
Compiling module unisims_ver.RAMB18E1(DOA_REG=1,DOB_REG=1,RDA...
Compiling module unisims_ver.RB36_INTERNAL_VLOG(DOA_REG=1,RDA...
Compiling module unisims_ver.RAMB36E1(DOA_REG=1,INITP_00=256'...
Compiling module unisims_ver.RB36_INTERNAL_VLOG(DOA_REG=1,RDA...
Compiling module unisims_ver.RAMB36E1(DOA_REG=1,INITP_00=256'...
Compiling module unisims_ver.RB36_INTERNAL_VLOG(DOA_REG=1,RDA...
Compiling module unisims_ver.RAMB36E1(DOA_REG=1,INITP_00=256'...
Compiling module unisims_ver.RB36_INTERNAL_VLOG(DOA_REG=1,RDA...
Compiling module unisims_ver.RAMB36E1(DOA_REG=1,INITP_00=256'...
Compiling module unisims_ver.RB36_INTERNAL_VLOG(DOA_REG=1,RDA...
Compiling module unisims_ver.RAMB36E1(DOA_REG=1,INITP_00=256'...
Compiling module unisims_ver.RB36_INTERNAL_VLOG(DOA_REG=1,RDA...
Compiling module unisims_ver.RAMB36E1(DOA_REG=1,INITP_00=256'...
Compiling module unisims_ver.RB36_INTERNAL_VLOG(DOA_REG=1,RDA...
Compiling module unisims_ver.RAMB36E1(DOA_REG=1,INITP_01=256'...
Compiling module unisims_ver.RB36_INTERNAL_VLOG(DOA_REG=1,RDA...
Compiling module unisims_ver.RAMB36E1(DOA_REG=1,INITP_00=256'...
Compiling module unisims_ver.RB36_INTERNAL_VLOG(DOA_REG=1,RDA...
Compiling module unisims_ver.RAMB36E1(DOA_REG=1,INITP_00=256'...
Compiling module unisims_ver.RB36_INTERNAL_VLOG(DOA_REG=1,DOB...
Compiling module unisims_ver.RAMB36E1(DOA_REG=1,DOB_REG=1,REA...
Compiling module unisims_ver.RB36_INTERNAL_VLOG(DOA_REG=1,RDA...
Compiling module unisims_ver.RAMB36E1(DOA_REG=1,INITP_00=256'...
Compiling module unisims_ver.RB36_INTERNAL_VLOG(DOA_REG=1,RDA...
Compiling module unisims_ver.RAMB36E1(DOA_REG=1,INITP_00=256'...
Compiling module unisims_ver.RB36_INTERNAL_VLOG(DOA_REG=1,RDA...
Compiling module unisims_ver.RAMB36E1(DOA_REG=1,INITP_00=256'...
Compiling module unisims_ver.RB36_INTERNAL_VLOG(DOA_REG=1,RDA...
Compiling module unisims_ver.RAMB36E1(DOA_REG=1,INITP_00=256'...
Compiling module unisims_ver.RB36_INTERNAL_VLOG(DOA_REG=1,RDA...
Compiling module unisims_ver.RAMB36E1(DOA_REG=1,INITP_00=256'...
Compiling module unisims_ver.RB36_INTERNAL_VLOG(DOA_REG=1,RDA...
Compiling module unisims_ver.RAMB36E1(DOA_REG=1,INITP_00=256'...
Compiling module unisims_ver.RB36_INTERNAL_VLOG(DOA_REG=1,RDA...
Compiling module unisims_ver.RAMB36E1(DOA_REG=1,INITP_00=256'...
Compiling module unisims_ver.RB36_INTERNAL_VLOG(DOA_REG=1,RDA...
Compiling module unisims_ver.RAMB36E1(DOA_REG=1,INITP_00=256'...
Compiling module unisims_ver.RB36_INTERNAL_VLOG(DOA_REG=1,RDA...
Compiling module unisims_ver.RAMB36E1(DOA_REG=1,INITP_00=256'...
Compiling module xil_defaultlib.Zynq_E40S_PMP_blk_mem_gen_1_0
Compiling module xil_defaultlib.Zynq_E40S_PMP_bram_read_write_la...
Compiling module xil_defaultlib.Zynq_E40S_PMP_bram_read_write_la...
Compiling module xil_defaultlib.Zynq_E40S_PMP_c_addsub_1_0
Compiling module unisims_ver.BUFG
Compiling module unisims_ver.MMCME2_ADV(CLKFBOUT_MULT_F=10.0,...
Compiling module xil_defaultlib.Zynq_E40S_PMP_clk_wiz_0_0_clk_wi...
Compiling module xil_defaultlib.Zynq_E40S_PMP_clk_wiz_0_0
Compiling module xil_defaultlib.Zynq_E40S_PMP_riscv_top_ahb3lite...
Compiling module xil_defaultlib.Zynq_E40S_PMP_riscv_top_ahb3lite...
Compiling module xil_defaultlib.Zynq_E40S_PMP_riscv_top_ahb3lite...
Compiling module xil_defaultlib.Zynq_E40S_PMP_riscv_top_ahb3lite...
Compiling module xil_defaultlib.Zynq_E40S_PMP_riscv_top_ahb3lite...
Compiling module xil_defaultlib.Zynq_E40S_PMP_riscv_top_ahb3lite...
Compiling module xil_defaultlib.Zynq_E40S_PMP_riscv_top_ahb3lite...
Compiling module xil_defaultlib.Zynq_E40S_PMP_riscv_top_ahb3lite...
Compiling module xil_defaultlib.Zynq_E40S_PMP_riscv_top_ahb3lite...
Compiling module xil_defaultlib.Zynq_E40S_PMP_riscv_top_ahb3lite...
Compiling module xil_defaultlib.Zynq_E40S_PMP_riscv_top_ahb3lite...
Compiling module xil_defaultlib.Zynq_E40S_PMP_riscv_top_ahb3lite...
Compiling module xil_defaultlib.Zynq_E40S_PMP_riscv_top_ahb3lite...
Compiling module xil_defaultlib.Zynq_E40S_PMP_riscv_top_ahb3lite...
Compiling module xil_defaultlib.Zynq_E40S_PMP_riscv_top_ahb3lite...
Compiling module xil_defaultlib.Zynq_E40S_PMP_riscv_top_ahb3lite...
Compiling module xil_defaultlib.Zynq_E40S_PMP_riscv_top_ahb3lite...
Compiling module xil_defaultlib.Zynq_E40S_PMP_riscv_top_ahb3lite...
Compiling module xil_defaultlib.Zynq_E40S_PMP_riscv_top_ahb3lite...
Compiling module xil_defaultlib.Zynq_E40S_PMP_riscv_top_ahb3lite...
Compiling module xil_defaultlib.Zynq_E40S_PMP_riscv_top_ahb3lite...
Compiling module xil_defaultlib.Zynq_E40S_PMP_riscv_top_ahb3lite...
Compiling module xil_defaultlib.Zynq_E40S_PMP_riscv_top_ahb3lite...
Compiling module xil_defaultlib.Zynq_E40S_PMP_riscv_top_ahb3lite...
Compiling module xil_defaultlib.Zynq_E40S_PMP_riscv_top_ahb3lite...
Compiling module xil_defaultlib.Zynq_E40S_PMP_riscv_top_ahb3lite...
Compiling module xil_defaultlib.Zynq_E40S_PMP_riscv_top_ahb3lite...
Compiling module xil_defaultlib.Zynq_E40S_PMP_riscv_top_ahb3lite...
Compiling module xil_defaultlib.Zynq_E40S_PMP_riscv_top_ahb3lite...
Compiling module xil_defaultlib.Zynq_E40S_PMP_riscv_top_ahb3lite...
Compiling module xil_defaultlib.Zynq_E40S_PMP_riscv_top_ahb3lite...
Compiling module xil_defaultlib.Zynq_E40S_PMP_riscv_top_ahb3lite...
Compiling module xil_defaultlib.Zynq_E40S_PMP_riscv_top_ahb3lite...
Compiling module xil_defaultlib.Zynq_E40S_PMP_riscv_top_ahb3lite...
Compiling module xil_defaultlib.Zynq_E40S_PMP_riscv_top_ahb3lite...
Compiling module xil_defaultlib.Zynq_E40S_PMP_riscv_top_ahb3lite...
Compiling module xil_defaultlib.Zynq_E40S_PMP_riscv_top_ahb3lite...
Compiling module xil_defaultlib.Zynq_E40S_PMP_riscv_top_ahb3lite...
Compiling module xil_defaultlib.Zynq_E40S_PMP_riscv_top_ahb3lite...
Compiling module xil_defaultlib.Zynq_E40S_PMP_riscv_top_ahb3lite...
Compiling module xil_defaultlib.Zynq_E40S_PMP_riscv_top_ahb3lite...
Compiling module xil_defaultlib.Zynq_E40S_PMP_riscv_top_ahb3lite...
Compiling module xil_defaultlib.Zynq_E40S_PMP_riscv_top_ahb3lite...
Compiling module xil_defaultlib.Zynq_E40S_PMP_riscv_top_ahb3lite...
Compiling module xil_defaultlib.Zynq_E40S_PMP_riscv_top_ahb3lite...
Compiling module xil_defaultlib.Zynq_E40S_PMP_riscv_top_ahb3lite...
Compiling module xil_defaultlib.Zynq_E40S_PMP_riscv_top_ahb3lite...
Compiling module xil_defaultlib.Zynq_E40S_PMP_riscv_top_ahb3lite...
Compiling module xil_defaultlib.Zynq_E40S_PMP_riscv_top_ahb3lite...
Compiling module xil_defaultlib.Zynq_E40S_PMP_riscv_top_ahb3lite...
Compiling module xil_defaultlib.Zynq_E40S_PMP_riscv_top_ahb3lite...
Compiling module xil_defaultlib.Zynq_E40S_PMP_riscv_top_ahb3lite...
Compiling module xil_defaultlib.Zynq_E40S_PMP_riscv_top_ahb3lite...
Compiling module unisims_ver.DSP48E1(ACASCREG=0,ALUMODEREG=0,...
Compiling module unisims_ver.DSP48E1(ACASCREG=0,ALUMODEREG=0,...
Compiling module xil_defaultlib.Zynq_E40S_PMP_riscv_top_ahb3lite...
Compiling module xil_defaultlib.Zynq_E40S_PMP_riscv_top_ahb3lite...
Compiling module xil_defaultlib.Zynq_E40S_PMP_riscv_top_ahb3lite...
Compiling module xil_defaultlib.Zynq_E40S_PMP_riscv_top_ahb3lite...
Compiling module xil_defaultlib.Zynq_E40S_PMP_riscv_top_ahb3lite...
Compiling module xil_defaultlib.Zynq_E40S_PMP_riscv_top_ahb3lite...
Compiling module xil_defaultlib.Zynq_E40S_PMP_riscv_top_ahb3lite...
Compiling module xil_defaultlib.Zynq_E40S_PMP_riscv_top_ahb3lite...
Compiling module xil_defaultlib.Zynq_E40S_PMP_riscv_top_ahb3lite...
Compiling module xil_defaultlib.Zynq_E40S_PMP_riscv_top_ahb3lite...
Compiling module xil_defaultlib.Zynq_E40S_PMP_riscv_top_ahb3lite...
Compiling module xil_defaultlib.Zynq_E40S_PMP_riscv_top_ahb3lite...
Compiling module xil_defaultlib.Zynq_E40S_PMP_riscv_top_ahb3lite...
Compiling module xil_defaultlib.Zynq_E40S_PMP_riscv_top_ahb3lite...
Compiling module xil_defaultlib.Zynq_E40S_PMP_riscv_top_ahb3lite...
Compiling module xil_defaultlib.Zynq_E40S_PMP_riscv_top_ahb3lite...
Compiling module xil_defaultlib.Zynq_E40S_PMP_riscv_top_ahb3lite...
Compiling module xil_defaultlib.Zynq_E40S_PMP_riscv_top_ahb3lite...
Compiling module xil_defaultlib.Zynq_E40S_PMP_riscv_top_ahb3lite...
Compiling module xil_defaultlib.Zynq_E40S_PMP_riscv_top_ahb3lite...
Compiling module unisims_ver.LDCE(IS_G_INVERTED=1'b1)
Compiling module xil_defaultlib.Zynq_E40S_PMP_riscv_top_ahb3lite...
Compiling module xil_defaultlib.Zynq_E40S_PMP_riscv_top_ahb3lite...
Compiling module xil_defaultlib.Zynq_E40S_PMP_riscv_top_ahb3lite...
Compiling module xil_defaultlib.Zynq_E40S_PMP_riscv_top_ahb3lite...
Compiling module xil_defaultlib.Zynq_E40S_PMP_riscv_top_ahb3lite...
Compiling module xil_defaultlib.Zynq_E40S_PMP_riscv_top_ahb3lite...
Compiling module xil_defaultlib.Zynq_E40S_PMP_xlconcat_0_0
Compiling module xil_defaultlib.Zynq_E40S_PMP_xlconstant_0_0
Compiling module xil_defaultlib.Zynq_E40S_PMP_xlconstant_1_0
Compiling module xil_defaultlib.Zynq_E40S_PMP_xlconstant_2_0
Compiling module xil_defaultlib.Zynq_E40S_PMP_xlconstant_3_0
Compiling module xil_defaultlib.Zynq_E40S_PMP_xlconstant_4_0
Compiling module xil_defaultlib.Zynq_E40S_PMP_xlconstant_5_0
Compiling module xil_defaultlib.Zynq_E40S_PMP_xlconstant_4_2
Compiling module xil_defaultlib.Zynq_E40S_PMP_xlconstant_4_3
Compiling module xil_defaultlib.Zynq_E40S_PMP_xlconstant_4_4
Compiling module xil_defaultlib.Zynq_E40S_PMP
Compiling module xil_defaultlib.Zynq_E40S_PMP_wrapper
Compiling module xil_defaultlib.glbl
Built simulation snapshot Zynq_E40S_PMP_wrapper_func_synth
