INFO: [VRFC 10-2263] Analyzing Verilog file "/home/christian/Documents/CESE/Thesis/FreeRTOS-RISCV-PMP/E40S_PMP/E40S_PMP.sim/sim_1/synth/func/xsim/Zynq_E40S_PMP_wrapper_func_synth.v" into library xil_defaultlib
INFO: [VRFC 10-311] analyzing module Zynq_E40S_PMP
INFO: [VRFC 10-311] analyzing module Zynq_E40S_PMP_AHB2DUMP_0_0
INFO: [VRFC 10-311] analyzing module Zynq_E40S_PMP_AHB2DUMP_0_0_AHB2DUMP
INFO: [VRFC 10-311] analyzing module Zynq_E40S_PMP_AHB2TIMER_0_0
INFO: [VRFC 10-311] analyzing module Zynq_E40S_PMP_AHB2TIMER_0_0_AHB2TIMER
INFO: [VRFC 10-311] analyzing module Zynq_E40S_PMP_AHB2TIMER_0_0_prescaler
INFO: [VRFC 10-311] analyzing module Zynq_E40S_PMP_AHB2UART_0_0
INFO: [VRFC 10-311] analyzing module Zynq_E40S_PMP_AHB2UART_0_0_AHB2UART
INFO: [VRFC 10-311] analyzing module Zynq_E40S_PMP_AHB2UART_0_0_BAUDGEN
INFO: [VRFC 10-311] analyzing module Zynq_E40S_PMP_AHB2UART_0_0_UART_RX
INFO: [VRFC 10-311] analyzing module Zynq_E40S_PMP_AHB2UART_0_0_UART_TX
INFO: [VRFC 10-311] analyzing module Zynq_E40S_PMP_AHB2UART_0_0_UFIFO
INFO: [VRFC 10-311] analyzing module Zynq_E40S_PMP_AHB2UART_0_0_UFIFO_0
INFO: [VRFC 10-311] analyzing module Zynq_E40S_PMP_AHBDCD_0_0
INFO: [VRFC 10-311] analyzing module Zynq_E40S_PMP_AHBKEYS_0_0
INFO: [VRFC 10-311] analyzing module Zynq_E40S_PMP_AHBKEYS_0_0_AHBKEYS
INFO: [VRFC 10-311] analyzing module Zynq_E40S_PMP_AHBMUX_0_0
INFO: [VRFC 10-311] analyzing module Zynq_E40S_PMP_AHBMUX_0_0_AHBMUX
INFO: [VRFC 10-311] analyzing module Zynq_E40S_PMP_AHB_CACHE_0_0
INFO: [VRFC 10-311] analyzing module Zynq_E40S_PMP_AHB_CACHE_0_0_AHB_CACHE
INFO: [VRFC 10-311] analyzing module Zynq_E40S_PMP_AHB_CACHE_0_0_cache_16_way
INFO: [VRFC 10-311] analyzing module Zynq_E40S_PMP_AHB_CACHE_0_0_set
INFO: [VRFC 10-311] analyzing module Zynq_E40S_PMP_AHB_CACHE_0_0_set_0
INFO: [VRFC 10-311] analyzing module Zynq_E40S_PMP_AHB_CACHE_0_0_set_1
INFO: [VRFC 10-311] analyzing module Zynq_E40S_PMP_AHB_CACHE_0_0_set_2
INFO: [VRFC 10-311] analyzing module Zynq_E40S_PMP_AHB_CACHE_0_0_set_3
INFO: [VRFC 10-311] analyzing module Zynq_E40S_PMP_AHB_CACHE_0_0_set_4
INFO: [VRFC 10-311] analyzing module Zynq_E40S_PMP_AHB_CACHE_0_0_set_5
INFO: [VRFC 10-311] analyzing module Zynq_E40S_PMP_AHB_CACHE_0_0_set_6
INFO: [VRFC 10-311] analyzing module Zynq_E40S_PMP_AHB_CACHE_1_0
INFO: [VRFC 10-311] analyzing module Zynq_E40S_PMP_AHB_CACHE_1_0_AHB_CACHE
INFO: [VRFC 10-311] analyzing module Zynq_E40S_PMP_AHB_CACHE_1_0_cache_16_way
INFO: [VRFC 10-311] analyzing module Zynq_E40S_PMP_AHB_CACHE_1_0_set
INFO: [VRFC 10-311] analyzing module Zynq_E40S_PMP_AHB_CACHE_1_0_set_0
INFO: [VRFC 10-311] analyzing module Zynq_E40S_PMP_AHB_CACHE_1_0_set_1
INFO: [VRFC 10-311] analyzing module Zynq_E40S_PMP_AHB_CACHE_1_0_set_2
INFO: [VRFC 10-311] analyzing module Zynq_E40S_PMP_AHB_CACHE_1_0_set_3
INFO: [VRFC 10-311] analyzing module Zynq_E40S_PMP_AHB_CACHE_1_0_set_4
INFO: [VRFC 10-311] analyzing module Zynq_E40S_PMP_AHB_CACHE_1_0_set_5
INFO: [VRFC 10-311] analyzing module Zynq_E40S_PMP_AHB_CACHE_1_0_set_6
INFO: [VRFC 10-311] analyzing module Zynq_E40S_PMP_BRAM_ARBITER_0_0
INFO: [VRFC 10-311] analyzing module Zynq_E40S_PMP_BRAM_ARBITER_0_0_BRAM_ARBITER
INFO: [VRFC 10-311] analyzing module Zynq_E40S_PMP_UA_encrypt_0_0
INFO: [VRFC 10-311] analyzing module Zynq_E40S_PMP_UA_encrypt_0_0_UA_encrypt
INFO: [VRFC 10-311] analyzing module Zynq_E40S_PMP_UA_encrypt_0_0_crypto
INFO: [VRFC 10-311] analyzing module Zynq_E40S_PMP_UA_encrypt_0_0_prince_core
INFO: [VRFC 10-311] analyzing module Zynq_E40S_PMP_UA_encrypt_0_0_prince_top
INFO: [VRFC 10-311] analyzing module Zynq_E40S_PMP_UA_encrypt_0_0_sbox
INFO: [VRFC 10-311] analyzing module Zynq_E40S_PMP_UA_encrypt_0_0_sbox_0
INFO: [VRFC 10-311] analyzing module Zynq_E40S_PMP_UA_encrypt_0_0_sbox_1
INFO: [VRFC 10-311] analyzing module Zynq_E40S_PMP_UA_encrypt_0_0_sbox_10
INFO: [VRFC 10-311] analyzing module Zynq_E40S_PMP_UA_encrypt_0_0_sbox_11
INFO: [VRFC 10-311] analyzing module Zynq_E40S_PMP_UA_encrypt_0_0_sbox_12
INFO: [VRFC 10-311] analyzing module Zynq_E40S_PMP_UA_encrypt_0_0_sbox_13
INFO: [VRFC 10-311] analyzing module Zynq_E40S_PMP_UA_encrypt_0_0_sbox_14
INFO: [VRFC 10-311] analyzing module Zynq_E40S_PMP_UA_encrypt_0_0_sbox_15
INFO: [VRFC 10-311] analyzing module Zynq_E40S_PMP_UA_encrypt_0_0_sbox_16
INFO: [VRFC 10-311] analyzing module Zynq_E40S_PMP_UA_encrypt_0_0_sbox_17
INFO: [VRFC 10-311] analyzing module Zynq_E40S_PMP_UA_encrypt_0_0_sbox_18
INFO: [VRFC 10-311] analyzing module Zynq_E40S_PMP_UA_encrypt_0_0_sbox_19
INFO: [VRFC 10-311] analyzing module Zynq_E40S_PMP_UA_encrypt_0_0_sbox_2
INFO: [VRFC 10-311] analyzing module Zynq_E40S_PMP_UA_encrypt_0_0_sbox_20
INFO: [VRFC 10-311] analyzing module Zynq_E40S_PMP_UA_encrypt_0_0_sbox_21
INFO: [VRFC 10-311] analyzing module Zynq_E40S_PMP_UA_encrypt_0_0_sbox_22
INFO: [VRFC 10-311] analyzing module Zynq_E40S_PMP_UA_encrypt_0_0_sbox_23
INFO: [VRFC 10-311] analyzing module Zynq_E40S_PMP_UA_encrypt_0_0_sbox_24
INFO: [VRFC 10-311] analyzing module Zynq_E40S_PMP_UA_encrypt_0_0_sbox_25
INFO: [VRFC 10-311] analyzing module Zynq_E40S_PMP_UA_encrypt_0_0_sbox_26
INFO: [VRFC 10-311] analyzing module Zynq_E40S_PMP_UA_encrypt_0_0_sbox_27
INFO: [VRFC 10-311] analyzing module Zynq_E40S_PMP_UA_encrypt_0_0_sbox_28
INFO: [VRFC 10-311] analyzing module Zynq_E40S_PMP_UA_encrypt_0_0_sbox_29
INFO: [VRFC 10-311] analyzing module Zynq_E40S_PMP_UA_encrypt_0_0_sbox_3
INFO: [VRFC 10-311] analyzing module Zynq_E40S_PMP_UA_encrypt_0_0_sbox_30
INFO: [VRFC 10-311] analyzing module Zynq_E40S_PMP_UA_encrypt_0_0_sbox_31
INFO: [VRFC 10-311] analyzing module Zynq_E40S_PMP_UA_encrypt_0_0_sbox_32
INFO: [VRFC 10-311] analyzing module Zynq_E40S_PMP_UA_encrypt_0_0_sbox_33
INFO: [VRFC 10-311] analyzing module Zynq_E40S_PMP_UA_encrypt_0_0_sbox_34
INFO: [VRFC 10-311] analyzing module Zynq_E40S_PMP_UA_encrypt_0_0_sbox_35
INFO: [VRFC 10-311] analyzing module Zynq_E40S_PMP_UA_encrypt_0_0_sbox_36
INFO: [VRFC 10-311] analyzing module Zynq_E40S_PMP_UA_encrypt_0_0_sbox_37
INFO: [VRFC 10-311] analyzing module Zynq_E40S_PMP_UA_encrypt_0_0_sbox_38
INFO: [VRFC 10-311] analyzing module Zynq_E40S_PMP_UA_encrypt_0_0_sbox_39
INFO: [VRFC 10-311] analyzing module Zynq_E40S_PMP_UA_encrypt_0_0_sbox_4
INFO: [VRFC 10-311] analyzing module Zynq_E40S_PMP_UA_encrypt_0_0_sbox_40
INFO: [VRFC 10-311] analyzing module Zynq_E40S_PMP_UA_encrypt_0_0_sbox_41
INFO: [VRFC 10-311] analyzing module Zynq_E40S_PMP_UA_encrypt_0_0_sbox_42
INFO: [VRFC 10-311] analyzing module Zynq_E40S_PMP_UA_encrypt_0_0_sbox_43
INFO: [VRFC 10-311] analyzing module Zynq_E40S_PMP_UA_encrypt_0_0_sbox_44
INFO: [VRFC 10-311] analyzing module Zynq_E40S_PMP_UA_encrypt_0_0_sbox_45
INFO: [VRFC 10-311] analyzing module Zynq_E40S_PMP_UA_encrypt_0_0_sbox_46
INFO: [VRFC 10-311] analyzing module Zynq_E40S_PMP_UA_encrypt_0_0_sbox_47
INFO: [VRFC 10-311] analyzing module Zynq_E40S_PMP_UA_encrypt_0_0_sbox_48
INFO: [VRFC 10-311] analyzing module Zynq_E40S_PMP_UA_encrypt_0_0_sbox_49
INFO: [VRFC 10-311] analyzing module Zynq_E40S_PMP_UA_encrypt_0_0_sbox_5
INFO: [VRFC 10-311] analyzing module Zynq_E40S_PMP_UA_encrypt_0_0_sbox_50
INFO: [VRFC 10-311] analyzing module Zynq_E40S_PMP_UA_encrypt_0_0_sbox_51
INFO: [VRFC 10-311] analyzing module Zynq_E40S_PMP_UA_encrypt_0_0_sbox_52
INFO: [VRFC 10-311] analyzing module Zynq_E40S_PMP_UA_encrypt_0_0_sbox_53
INFO: [VRFC 10-311] analyzing module Zynq_E40S_PMP_UA_encrypt_0_0_sbox_54
INFO: [VRFC 10-311] analyzing module Zynq_E40S_PMP_UA_encrypt_0_0_sbox_55
INFO: [VRFC 10-311] analyzing module Zynq_E40S_PMP_UA_encrypt_0_0_sbox_56
INFO: [VRFC 10-311] analyzing module Zynq_E40S_PMP_UA_encrypt_0_0_sbox_57
INFO: [VRFC 10-311] analyzing module Zynq_E40S_PMP_UA_encrypt_0_0_sbox_58
INFO: [VRFC 10-311] analyzing module Zynq_E40S_PMP_UA_encrypt_0_0_sbox_59
INFO: [VRFC 10-311] analyzing module Zynq_E40S_PMP_UA_encrypt_0_0_sbox_6
INFO: [VRFC 10-311] analyzing module Zynq_E40S_PMP_UA_encrypt_0_0_sbox_60
INFO: [VRFC 10-311] analyzing module Zynq_E40S_PMP_UA_encrypt_0_0_sbox_61
INFO: [VRFC 10-311] analyzing module Zynq_E40S_PMP_UA_encrypt_0_0_sbox_62
INFO: [VRFC 10-311] analyzing module Zynq_E40S_PMP_UA_encrypt_0_0_sbox_63
INFO: [VRFC 10-311] analyzing module Zynq_E40S_PMP_UA_encrypt_0_0_sbox_64
INFO: [VRFC 10-311] analyzing module Zynq_E40S_PMP_UA_encrypt_0_0_sbox_65
INFO: [VRFC 10-311] analyzing module Zynq_E40S_PMP_UA_encrypt_0_0_sbox_66
INFO: [VRFC 10-311] analyzing module Zynq_E40S_PMP_UA_encrypt_0_0_sbox_67
INFO: [VRFC 10-311] analyzing module Zynq_E40S_PMP_UA_encrypt_0_0_sbox_68
INFO: [VRFC 10-311] analyzing module Zynq_E40S_PMP_UA_encrypt_0_0_sbox_69
INFO: [VRFC 10-311] analyzing module Zynq_E40S_PMP_UA_encrypt_0_0_sbox_7
INFO: [VRFC 10-311] analyzing module Zynq_E40S_PMP_UA_encrypt_0_0_sbox_70
INFO: [VRFC 10-311] analyzing module Zynq_E40S_PMP_UA_encrypt_0_0_sbox_71
INFO: [VRFC 10-311] analyzing module Zynq_E40S_PMP_UA_encrypt_0_0_sbox_72
INFO: [VRFC 10-311] analyzing module Zynq_E40S_PMP_UA_encrypt_0_0_sbox_73
INFO: [VRFC 10-311] analyzing module Zynq_E40S_PMP_UA_encrypt_0_0_sbox_74
INFO: [VRFC 10-311] analyzing module Zynq_E40S_PMP_UA_encrypt_0_0_sbox_75
INFO: [VRFC 10-311] analyzing module Zynq_E40S_PMP_UA_encrypt_0_0_sbox_76
INFO: [VRFC 10-311] analyzing module Zynq_E40S_PMP_UA_encrypt_0_0_sbox_77
INFO: [VRFC 10-311] analyzing module Zynq_E40S_PMP_UA_encrypt_0_0_sbox_78
INFO: [VRFC 10-311] analyzing module Zynq_E40S_PMP_UA_encrypt_0_0_sbox_79
INFO: [VRFC 10-311] analyzing module Zynq_E40S_PMP_UA_encrypt_0_0_sbox_8
INFO: [VRFC 10-311] analyzing module Zynq_E40S_PMP_UA_encrypt_0_0_sbox_80
INFO: [VRFC 10-311] analyzing module Zynq_E40S_PMP_UA_encrypt_0_0_sbox_81
INFO: [VRFC 10-311] analyzing module Zynq_E40S_PMP_UA_encrypt_0_0_sbox_82
INFO: [VRFC 10-311] analyzing module Zynq_E40S_PMP_UA_encrypt_0_0_sbox_9
INFO: [VRFC 10-311] analyzing module Zynq_E40S_PMP_UA_encrypt_0_0_sbox_inv
INFO: [VRFC 10-311] analyzing module Zynq_E40S_PMP_UA_encrypt_0_0_sbox_inv_100
INFO: [VRFC 10-311] analyzing module Zynq_E40S_PMP_UA_encrypt_0_0_sbox_inv_101
INFO: [VRFC 10-311] analyzing module Zynq_E40S_PMP_UA_encrypt_0_0_sbox_inv_102
INFO: [VRFC 10-311] analyzing module Zynq_E40S_PMP_UA_encrypt_0_0_sbox_inv_103
INFO: [VRFC 10-311] analyzing module Zynq_E40S_PMP_UA_encrypt_0_0_sbox_inv_104
INFO: [VRFC 10-311] analyzing module Zynq_E40S_PMP_UA_encrypt_0_0_sbox_inv_105
INFO: [VRFC 10-311] analyzing module Zynq_E40S_PMP_UA_encrypt_0_0_sbox_inv_106
INFO: [VRFC 10-311] analyzing module Zynq_E40S_PMP_UA_encrypt_0_0_sbox_inv_107
INFO: [VRFC 10-311] analyzing module Zynq_E40S_PMP_UA_encrypt_0_0_sbox_inv_108
INFO: [VRFC 10-311] analyzing module Zynq_E40S_PMP_UA_encrypt_0_0_sbox_inv_109
INFO: [VRFC 10-311] analyzing module Zynq_E40S_PMP_UA_encrypt_0_0_sbox_inv_110
INFO: [VRFC 10-311] analyzing module Zynq_E40S_PMP_UA_encrypt_0_0_sbox_inv_111
INFO: [VRFC 10-311] analyzing module Zynq_E40S_PMP_UA_encrypt_0_0_sbox_inv_112
INFO: [VRFC 10-311] analyzing module Zynq_E40S_PMP_UA_encrypt_0_0_sbox_inv_113
INFO: [VRFC 10-311] analyzing module Zynq_E40S_PMP_UA_encrypt_0_0_sbox_inv_114
INFO: [VRFC 10-311] analyzing module Zynq_E40S_PMP_UA_encrypt_0_0_sbox_inv_115
INFO: [VRFC 10-311] analyzing module Zynq_E40S_PMP_UA_encrypt_0_0_sbox_inv_116
INFO: [VRFC 10-311] analyzing module Zynq_E40S_PMP_UA_encrypt_0_0_sbox_inv_117
INFO: [VRFC 10-311] analyzing module Zynq_E40S_PMP_UA_encrypt_0_0_sbox_inv_118
INFO: [VRFC 10-311] analyzing module Zynq_E40S_PMP_UA_encrypt_0_0_sbox_inv_119
INFO: [VRFC 10-311] analyzing module Zynq_E40S_PMP_UA_encrypt_0_0_sbox_inv_120
INFO: [VRFC 10-311] analyzing module Zynq_E40S_PMP_UA_encrypt_0_0_sbox_inv_121
INFO: [VRFC 10-311] analyzing module Zynq_E40S_PMP_UA_encrypt_0_0_sbox_inv_122
INFO: [VRFC 10-311] analyzing module Zynq_E40S_PMP_UA_encrypt_0_0_sbox_inv_123
INFO: [VRFC 10-311] analyzing module Zynq_E40S_PMP_UA_encrypt_0_0_sbox_inv_124
INFO: [VRFC 10-311] analyzing module Zynq_E40S_PMP_UA_encrypt_0_0_sbox_inv_125
INFO: [VRFC 10-311] analyzing module Zynq_E40S_PMP_UA_encrypt_0_0_sbox_inv_126
INFO: [VRFC 10-311] analyzing module Zynq_E40S_PMP_UA_encrypt_0_0_sbox_inv_127
INFO: [VRFC 10-311] analyzing module Zynq_E40S_PMP_UA_encrypt_0_0_sbox_inv_128
INFO: [VRFC 10-311] analyzing module Zynq_E40S_PMP_UA_encrypt_0_0_sbox_inv_129
INFO: [VRFC 10-311] analyzing module Zynq_E40S_PMP_UA_encrypt_0_0_sbox_inv_130
INFO: [VRFC 10-311] analyzing module Zynq_E40S_PMP_UA_encrypt_0_0_sbox_inv_131
INFO: [VRFC 10-311] analyzing module Zynq_E40S_PMP_UA_encrypt_0_0_sbox_inv_132
INFO: [VRFC 10-311] analyzing module Zynq_E40S_PMP_UA_encrypt_0_0_sbox_inv_133
INFO: [VRFC 10-311] analyzing module Zynq_E40S_PMP_UA_encrypt_0_0_sbox_inv_134
INFO: [VRFC 10-311] analyzing module Zynq_E40S_PMP_UA_encrypt_0_0_sbox_inv_135
INFO: [VRFC 10-311] analyzing module Zynq_E40S_PMP_UA_encrypt_0_0_sbox_inv_83
INFO: [VRFC 10-311] analyzing module Zynq_E40S_PMP_UA_encrypt_0_0_sbox_inv_84
INFO: [VRFC 10-311] analyzing module Zynq_E40S_PMP_UA_encrypt_0_0_sbox_inv_85
INFO: [VRFC 10-311] analyzing module Zynq_E40S_PMP_UA_encrypt_0_0_sbox_inv_86
INFO: [VRFC 10-311] analyzing module Zynq_E40S_PMP_UA_encrypt_0_0_sbox_inv_87
INFO: [VRFC 10-311] analyzing module Zynq_E40S_PMP_UA_encrypt_0_0_sbox_inv_88
INFO: [VRFC 10-311] analyzing module Zynq_E40S_PMP_UA_encrypt_0_0_sbox_inv_89
INFO: [VRFC 10-311] analyzing module Zynq_E40S_PMP_UA_encrypt_0_0_sbox_inv_90
INFO: [VRFC 10-311] analyzing module Zynq_E40S_PMP_UA_encrypt_0_0_sbox_inv_91
INFO: [VRFC 10-311] analyzing module Zynq_E40S_PMP_UA_encrypt_0_0_sbox_inv_92
INFO: [VRFC 10-311] analyzing module Zynq_E40S_PMP_UA_encrypt_0_0_sbox_inv_93
INFO: [VRFC 10-311] analyzing module Zynq_E40S_PMP_UA_encrypt_0_0_sbox_inv_94
INFO: [VRFC 10-311] analyzing module Zynq_E40S_PMP_UA_encrypt_0_0_sbox_inv_95
INFO: [VRFC 10-311] analyzing module Zynq_E40S_PMP_UA_encrypt_0_0_sbox_inv_96
INFO: [VRFC 10-311] analyzing module Zynq_E40S_PMP_UA_encrypt_0_0_sbox_inv_97
INFO: [VRFC 10-311] analyzing module Zynq_E40S_PMP_UA_encrypt_0_0_sbox_inv_98
INFO: [VRFC 10-311] analyzing module Zynq_E40S_PMP_UA_encrypt_0_0_sbox_inv_99
INFO: [VRFC 10-311] analyzing module Zynq_E40S_PMP_UA_encrypt_1_0
INFO: [VRFC 10-311] analyzing module Zynq_E40S_PMP_UA_encrypt_1_0_UA_encrypt
INFO: [VRFC 10-311] analyzing module Zynq_E40S_PMP_UA_encrypt_1_0_crypto
INFO: [VRFC 10-311] analyzing module Zynq_E40S_PMP_UA_encrypt_1_0_prince_core
INFO: [VRFC 10-311] analyzing module Zynq_E40S_PMP_UA_encrypt_1_0_prince_top
INFO: [VRFC 10-311] analyzing module Zynq_E40S_PMP_UA_encrypt_1_0_sbox
INFO: [VRFC 10-311] analyzing module Zynq_E40S_PMP_UA_encrypt_1_0_sbox_0
INFO: [VRFC 10-311] analyzing module Zynq_E40S_PMP_UA_encrypt_1_0_sbox_1
INFO: [VRFC 10-311] analyzing module Zynq_E40S_PMP_UA_encrypt_1_0_sbox_10
INFO: [VRFC 10-311] analyzing module Zynq_E40S_PMP_UA_encrypt_1_0_sbox_11
INFO: [VRFC 10-311] analyzing module Zynq_E40S_PMP_UA_encrypt_1_0_sbox_12
INFO: [VRFC 10-311] analyzing module Zynq_E40S_PMP_UA_encrypt_1_0_sbox_13
INFO: [VRFC 10-311] analyzing module Zynq_E40S_PMP_UA_encrypt_1_0_sbox_14
INFO: [VRFC 10-311] analyzing module Zynq_E40S_PMP_UA_encrypt_1_0_sbox_15
INFO: [VRFC 10-311] analyzing module Zynq_E40S_PMP_UA_encrypt_1_0_sbox_16
INFO: [VRFC 10-311] analyzing module Zynq_E40S_PMP_UA_encrypt_1_0_sbox_17
INFO: [VRFC 10-311] analyzing module Zynq_E40S_PMP_UA_encrypt_1_0_sbox_18
INFO: [VRFC 10-311] analyzing module Zynq_E40S_PMP_UA_encrypt_1_0_sbox_19
INFO: [VRFC 10-311] analyzing module Zynq_E40S_PMP_UA_encrypt_1_0_sbox_2
INFO: [VRFC 10-311] analyzing module Zynq_E40S_PMP_UA_encrypt_1_0_sbox_20
INFO: [VRFC 10-311] analyzing module Zynq_E40S_PMP_UA_encrypt_1_0_sbox_21
INFO: [VRFC 10-311] analyzing module Zynq_E40S_PMP_UA_encrypt_1_0_sbox_22
INFO: [VRFC 10-311] analyzing module Zynq_E40S_PMP_UA_encrypt_1_0_sbox_23
INFO: [VRFC 10-311] analyzing module Zynq_E40S_PMP_UA_encrypt_1_0_sbox_24
INFO: [VRFC 10-311] analyzing module Zynq_E40S_PMP_UA_encrypt_1_0_sbox_25
INFO: [VRFC 10-311] analyzing module Zynq_E40S_PMP_UA_encrypt_1_0_sbox_26
INFO: [VRFC 10-311] analyzing module Zynq_E40S_PMP_UA_encrypt_1_0_sbox_27
INFO: [VRFC 10-311] analyzing module Zynq_E40S_PMP_UA_encrypt_1_0_sbox_28
INFO: [VRFC 10-311] analyzing module Zynq_E40S_PMP_UA_encrypt_1_0_sbox_29
INFO: [VRFC 10-311] analyzing module Zynq_E40S_PMP_UA_encrypt_1_0_sbox_3
INFO: [VRFC 10-311] analyzing module Zynq_E40S_PMP_UA_encrypt_1_0_sbox_30
INFO: [VRFC 10-311] analyzing module Zynq_E40S_PMP_UA_encrypt_1_0_sbox_31
INFO: [VRFC 10-311] analyzing module Zynq_E40S_PMP_UA_encrypt_1_0_sbox_32
INFO: [VRFC 10-311] analyzing module Zynq_E40S_PMP_UA_encrypt_1_0_sbox_33
INFO: [VRFC 10-311] analyzing module Zynq_E40S_PMP_UA_encrypt_1_0_sbox_34
INFO: [VRFC 10-311] analyzing module Zynq_E40S_PMP_UA_encrypt_1_0_sbox_35
INFO: [VRFC 10-311] analyzing module Zynq_E40S_PMP_UA_encrypt_1_0_sbox_36
INFO: [VRFC 10-311] analyzing module Zynq_E40S_PMP_UA_encrypt_1_0_sbox_37
INFO: [VRFC 10-311] analyzing module Zynq_E40S_PMP_UA_encrypt_1_0_sbox_38
INFO: [VRFC 10-311] analyzing module Zynq_E40S_PMP_UA_encrypt_1_0_sbox_39
INFO: [VRFC 10-311] analyzing module Zynq_E40S_PMP_UA_encrypt_1_0_sbox_4
INFO: [VRFC 10-311] analyzing module Zynq_E40S_PMP_UA_encrypt_1_0_sbox_40
INFO: [VRFC 10-311] analyzing module Zynq_E40S_PMP_UA_encrypt_1_0_sbox_41
INFO: [VRFC 10-311] analyzing module Zynq_E40S_PMP_UA_encrypt_1_0_sbox_42
INFO: [VRFC 10-311] analyzing module Zynq_E40S_PMP_UA_encrypt_1_0_sbox_43
INFO: [VRFC 10-311] analyzing module Zynq_E40S_PMP_UA_encrypt_1_0_sbox_44
INFO: [VRFC 10-311] analyzing module Zynq_E40S_PMP_UA_encrypt_1_0_sbox_45
INFO: [VRFC 10-311] analyzing module Zynq_E40S_PMP_UA_encrypt_1_0_sbox_46
INFO: [VRFC 10-311] analyzing module Zynq_E40S_PMP_UA_encrypt_1_0_sbox_47
INFO: [VRFC 10-311] analyzing module Zynq_E40S_PMP_UA_encrypt_1_0_sbox_48
INFO: [VRFC 10-311] analyzing module Zynq_E40S_PMP_UA_encrypt_1_0_sbox_49
INFO: [VRFC 10-311] analyzing module Zynq_E40S_PMP_UA_encrypt_1_0_sbox_5
INFO: [VRFC 10-311] analyzing module Zynq_E40S_PMP_UA_encrypt_1_0_sbox_50
INFO: [VRFC 10-311] analyzing module Zynq_E40S_PMP_UA_encrypt_1_0_sbox_51
INFO: [VRFC 10-311] analyzing module Zynq_E40S_PMP_UA_encrypt_1_0_sbox_52
INFO: [VRFC 10-311] analyzing module Zynq_E40S_PMP_UA_encrypt_1_0_sbox_53
INFO: [VRFC 10-311] analyzing module Zynq_E40S_PMP_UA_encrypt_1_0_sbox_54
INFO: [VRFC 10-311] analyzing module Zynq_E40S_PMP_UA_encrypt_1_0_sbox_55
INFO: [VRFC 10-311] analyzing module Zynq_E40S_PMP_UA_encrypt_1_0_sbox_56
INFO: [VRFC 10-311] analyzing module Zynq_E40S_PMP_UA_encrypt_1_0_sbox_57
INFO: [VRFC 10-311] analyzing module Zynq_E40S_PMP_UA_encrypt_1_0_sbox_58
INFO: [VRFC 10-311] analyzing module Zynq_E40S_PMP_UA_encrypt_1_0_sbox_59
INFO: [VRFC 10-311] analyzing module Zynq_E40S_PMP_UA_encrypt_1_0_sbox_6
INFO: [VRFC 10-311] analyzing module Zynq_E40S_PMP_UA_encrypt_1_0_sbox_60
INFO: [VRFC 10-311] analyzing module Zynq_E40S_PMP_UA_encrypt_1_0_sbox_61
INFO: [VRFC 10-311] analyzing module Zynq_E40S_PMP_UA_encrypt_1_0_sbox_62
INFO: [VRFC 10-311] analyzing module Zynq_E40S_PMP_UA_encrypt_1_0_sbox_63
INFO: [VRFC 10-311] analyzing module Zynq_E40S_PMP_UA_encrypt_1_0_sbox_64
INFO: [VRFC 10-311] analyzing module Zynq_E40S_PMP_UA_encrypt_1_0_sbox_65
INFO: [VRFC 10-311] analyzing module Zynq_E40S_PMP_UA_encrypt_1_0_sbox_66
INFO: [VRFC 10-311] analyzing module Zynq_E40S_PMP_UA_encrypt_1_0_sbox_67
INFO: [VRFC 10-311] analyzing module Zynq_E40S_PMP_UA_encrypt_1_0_sbox_68
INFO: [VRFC 10-311] analyzing module Zynq_E40S_PMP_UA_encrypt_1_0_sbox_69
INFO: [VRFC 10-311] analyzing module Zynq_E40S_PMP_UA_encrypt_1_0_sbox_7
INFO: [VRFC 10-311] analyzing module Zynq_E40S_PMP_UA_encrypt_1_0_sbox_70
INFO: [VRFC 10-311] analyzing module Zynq_E40S_PMP_UA_encrypt_1_0_sbox_71
INFO: [VRFC 10-311] analyzing module Zynq_E40S_PMP_UA_encrypt_1_0_sbox_72
INFO: [VRFC 10-311] analyzing module Zynq_E40S_PMP_UA_encrypt_1_0_sbox_73
INFO: [VRFC 10-311] analyzing module Zynq_E40S_PMP_UA_encrypt_1_0_sbox_74
INFO: [VRFC 10-311] analyzing module Zynq_E40S_PMP_UA_encrypt_1_0_sbox_75
INFO: [VRFC 10-311] analyzing module Zynq_E40S_PMP_UA_encrypt_1_0_sbox_76
INFO: [VRFC 10-311] analyzing module Zynq_E40S_PMP_UA_encrypt_1_0_sbox_77
INFO: [VRFC 10-311] analyzing module Zynq_E40S_PMP_UA_encrypt_1_0_sbox_78
INFO: [VRFC 10-311] analyzing module Zynq_E40S_PMP_UA_encrypt_1_0_sbox_79
INFO: [VRFC 10-311] analyzing module Zynq_E40S_PMP_UA_encrypt_1_0_sbox_8
INFO: [VRFC 10-311] analyzing module Zynq_E40S_PMP_UA_encrypt_1_0_sbox_80
INFO: [VRFC 10-311] analyzing module Zynq_E40S_PMP_UA_encrypt_1_0_sbox_81
INFO: [VRFC 10-311] analyzing module Zynq_E40S_PMP_UA_encrypt_1_0_sbox_82
INFO: [VRFC 10-311] analyzing module Zynq_E40S_PMP_UA_encrypt_1_0_sbox_9
INFO: [VRFC 10-311] analyzing module Zynq_E40S_PMP_UA_encrypt_1_0_sbox_inv
INFO: [VRFC 10-311] analyzing module Zynq_E40S_PMP_UA_encrypt_1_0_sbox_inv_100
INFO: [VRFC 10-311] analyzing module Zynq_E40S_PMP_UA_encrypt_1_0_sbox_inv_101
INFO: [VRFC 10-311] analyzing module Zynq_E40S_PMP_UA_encrypt_1_0_sbox_inv_102
INFO: [VRFC 10-311] analyzing module Zynq_E40S_PMP_UA_encrypt_1_0_sbox_inv_103
INFO: [VRFC 10-311] analyzing module Zynq_E40S_PMP_UA_encrypt_1_0_sbox_inv_104
INFO: [VRFC 10-311] analyzing module Zynq_E40S_PMP_UA_encrypt_1_0_sbox_inv_105
INFO: [VRFC 10-311] analyzing module Zynq_E40S_PMP_UA_encrypt_1_0_sbox_inv_106
INFO: [VRFC 10-311] analyzing module Zynq_E40S_PMP_UA_encrypt_1_0_sbox_inv_107
INFO: [VRFC 10-311] analyzing module Zynq_E40S_PMP_UA_encrypt_1_0_sbox_inv_108
INFO: [VRFC 10-311] analyzing module Zynq_E40S_PMP_UA_encrypt_1_0_sbox_inv_109
INFO: [VRFC 10-311] analyzing module Zynq_E40S_PMP_UA_encrypt_1_0_sbox_inv_110
INFO: [VRFC 10-311] analyzing module Zynq_E40S_PMP_UA_encrypt_1_0_sbox_inv_111
INFO: [VRFC 10-311] analyzing module Zynq_E40S_PMP_UA_encrypt_1_0_sbox_inv_112
INFO: [VRFC 10-311] analyzing module Zynq_E40S_PMP_UA_encrypt_1_0_sbox_inv_113
INFO: [VRFC 10-311] analyzing module Zynq_E40S_PMP_UA_encrypt_1_0_sbox_inv_114
INFO: [VRFC 10-311] analyzing module Zynq_E40S_PMP_UA_encrypt_1_0_sbox_inv_115
INFO: [VRFC 10-311] analyzing module Zynq_E40S_PMP_UA_encrypt_1_0_sbox_inv_116
INFO: [VRFC 10-311] analyzing module Zynq_E40S_PMP_UA_encrypt_1_0_sbox_inv_117
INFO: [VRFC 10-311] analyzing module Zynq_E40S_PMP_UA_encrypt_1_0_sbox_inv_118
INFO: [VRFC 10-311] analyzing module Zynq_E40S_PMP_UA_encrypt_1_0_sbox_inv_119
INFO: [VRFC 10-311] analyzing module Zynq_E40S_PMP_UA_encrypt_1_0_sbox_inv_120
INFO: [VRFC 10-311] analyzing module Zynq_E40S_PMP_UA_encrypt_1_0_sbox_inv_121
INFO: [VRFC 10-311] analyzing module Zynq_E40S_PMP_UA_encrypt_1_0_sbox_inv_122
INFO: [VRFC 10-311] analyzing module Zynq_E40S_PMP_UA_encrypt_1_0_sbox_inv_123
INFO: [VRFC 10-311] analyzing module Zynq_E40S_PMP_UA_encrypt_1_0_sbox_inv_124
INFO: [VRFC 10-311] analyzing module Zynq_E40S_PMP_UA_encrypt_1_0_sbox_inv_125
INFO: [VRFC 10-311] analyzing module Zynq_E40S_PMP_UA_encrypt_1_0_sbox_inv_126
INFO: [VRFC 10-311] analyzing module Zynq_E40S_PMP_UA_encrypt_1_0_sbox_inv_127
INFO: [VRFC 10-311] analyzing module Zynq_E40S_PMP_UA_encrypt_1_0_sbox_inv_128
INFO: [VRFC 10-311] analyzing module Zynq_E40S_PMP_UA_encrypt_1_0_sbox_inv_129
INFO: [VRFC 10-311] analyzing module Zynq_E40S_PMP_UA_encrypt_1_0_sbox_inv_130
INFO: [VRFC 10-311] analyzing module Zynq_E40S_PMP_UA_encrypt_1_0_sbox_inv_131
INFO: [VRFC 10-311] analyzing module Zynq_E40S_PMP_UA_encrypt_1_0_sbox_inv_132
INFO: [VRFC 10-311] analyzing module Zynq_E40S_PMP_UA_encrypt_1_0_sbox_inv_133
INFO: [VRFC 10-311] analyzing module Zynq_E40S_PMP_UA_encrypt_1_0_sbox_inv_134
INFO: [VRFC 10-311] analyzing module Zynq_E40S_PMP_UA_encrypt_1_0_sbox_inv_135
INFO: [VRFC 10-311] analyzing module Zynq_E40S_PMP_UA_encrypt_1_0_sbox_inv_83
INFO: [VRFC 10-311] analyzing module Zynq_E40S_PMP_UA_encrypt_1_0_sbox_inv_84
INFO: [VRFC 10-311] analyzing module Zynq_E40S_PMP_UA_encrypt_1_0_sbox_inv_85
INFO: [VRFC 10-311] analyzing module Zynq_E40S_PMP_UA_encrypt_1_0_sbox_inv_86
INFO: [VRFC 10-311] analyzing module Zynq_E40S_PMP_UA_encrypt_1_0_sbox_inv_87
INFO: [VRFC 10-311] analyzing module Zynq_E40S_PMP_UA_encrypt_1_0_sbox_inv_88
INFO: [VRFC 10-311] analyzing module Zynq_E40S_PMP_UA_encrypt_1_0_sbox_inv_89
INFO: [VRFC 10-311] analyzing module Zynq_E40S_PMP_UA_encrypt_1_0_sbox_inv_90
INFO: [VRFC 10-311] analyzing module Zynq_E40S_PMP_UA_encrypt_1_0_sbox_inv_91
INFO: [VRFC 10-311] analyzing module Zynq_E40S_PMP_UA_encrypt_1_0_sbox_inv_92
INFO: [VRFC 10-311] analyzing module Zynq_E40S_PMP_UA_encrypt_1_0_sbox_inv_93
INFO: [VRFC 10-311] analyzing module Zynq_E40S_PMP_UA_encrypt_1_0_sbox_inv_94
INFO: [VRFC 10-311] analyzing module Zynq_E40S_PMP_UA_encrypt_1_0_sbox_inv_95
INFO: [VRFC 10-311] analyzing module Zynq_E40S_PMP_UA_encrypt_1_0_sbox_inv_96
INFO: [VRFC 10-311] analyzing module Zynq_E40S_PMP_UA_encrypt_1_0_sbox_inv_97
INFO: [VRFC 10-311] analyzing module Zynq_E40S_PMP_UA_encrypt_1_0_sbox_inv_98
INFO: [VRFC 10-311] analyzing module Zynq_E40S_PMP_UA_encrypt_1_0_sbox_inv_99
INFO: [VRFC 10-311] analyzing module Zynq_E40S_PMP_blk_mem_gen_1_0
INFO: [VRFC 10-311] analyzing module Zynq_E40S_PMP_bram_read_write_late_0_0
INFO: [VRFC 10-311] analyzing module Zynq_E40S_PMP_bram_read_write_late_0_0_bram_read_write_latency
INFO: [VRFC 10-311] analyzing module Zynq_E40S_PMP_c_addsub_1_0
INFO: [VRFC 10-311] analyzing module Zynq_E40S_PMP_clk_wiz_0_0
INFO: [VRFC 10-311] analyzing module Zynq_E40S_PMP_clk_wiz_0_0_clk_wiz
INFO: [VRFC 10-311] analyzing module Zynq_E40S_PMP_riscv_top_ahb3lite_0_0
INFO: [VRFC 10-311] analyzing module Zynq_E40S_PMP_riscv_top_ahb3lite_0_0_core2ahb3lite
INFO: [VRFC 10-311] analyzing module Zynq_E40S_PMP_riscv_top_ahb3lite_0_0_core2ahb3lite_0
INFO: [VRFC 10-311] analyzing module Zynq_E40S_PMP_riscv_top_ahb3lite_0_0_cv32e40s_alignment_buffer
INFO: [VRFC 10-311] analyzing module Zynq_E40S_PMP_riscv_top_ahb3lite_0_0_cv32e40s_alu
INFO: [VRFC 10-311] analyzing module Zynq_E40S_PMP_riscv_top_ahb3lite_0_0_cv32e40s_clock_gate
INFO: [VRFC 10-311] analyzing module Zynq_E40S_PMP_riscv_top_ahb3lite_0_0_cv32e40s_controller
INFO: [VRFC 10-311] analyzing module Zynq_E40S_PMP_riscv_top_ahb3lite_0_0_cv32e40s_controller_bypass
INFO: [VRFC 10-311] analyzing module Zynq_E40S_PMP_riscv_top_ahb3lite_0_0_cv32e40s_controller_fsm
INFO: [VRFC 10-311] analyzing module Zynq_E40S_PMP_riscv_top_ahb3lite_0_0_cv32e40s_core
INFO: [VRFC 10-311] analyzing module Zynq_E40S_PMP_riscv_top_ahb3lite_0_0_cv32e40s_cs_registers
INFO: [VRFC 10-311] analyzing module Zynq_E40S_PMP_riscv_top_ahb3lite_0_0_cv32e40s_csr
INFO: [VRFC 10-311] analyzing module Zynq_E40S_PMP_riscv_top_ahb3lite_0_0_cv32e40s_csr__parameterized0
INFO: [VRFC 10-311] analyzing module Zynq_E40S_PMP_riscv_top_ahb3lite_0_0_cv32e40s_csr__parameterized1
INFO: [VRFC 10-311] analyzing module Zynq_E40S_PMP_riscv_top_ahb3lite_0_0_cv32e40s_csr__parameterized10
INFO: [VRFC 10-311] analyzing module Zynq_E40S_PMP_riscv_top_ahb3lite_0_0_cv32e40s_csr__parameterized2
INFO: [VRFC 10-311] analyzing module Zynq_E40S_PMP_riscv_top_ahb3lite_0_0_cv32e40s_csr__parameterized3
INFO: [VRFC 10-311] analyzing module Zynq_E40S_PMP_riscv_top_ahb3lite_0_0_cv32e40s_csr__parameterized3_11
INFO: [VRFC 10-311] analyzing module Zynq_E40S_PMP_riscv_top_ahb3lite_0_0_cv32e40s_csr__parameterized3_13
INFO: [VRFC 10-311] analyzing module Zynq_E40S_PMP_riscv_top_ahb3lite_0_0_cv32e40s_csr__parameterized3_15
INFO: [VRFC 10-311] analyzing module Zynq_E40S_PMP_riscv_top_ahb3lite_0_0_cv32e40s_csr__parameterized3_17
INFO: [VRFC 10-311] analyzing module Zynq_E40S_PMP_riscv_top_ahb3lite_0_0_cv32e40s_csr__parameterized3_19
INFO: [VRFC 10-311] analyzing module Zynq_E40S_PMP_riscv_top_ahb3lite_0_0_cv32e40s_csr__parameterized3_21
INFO: [VRFC 10-311] analyzing module Zynq_E40S_PMP_riscv_top_ahb3lite_0_0_cv32e40s_csr__parameterized3_23
INFO: [VRFC 10-311] analyzing module Zynq_E40S_PMP_riscv_top_ahb3lite_0_0_cv32e40s_csr__parameterized3_25
INFO: [VRFC 10-311] analyzing module Zynq_E40S_PMP_riscv_top_ahb3lite_0_0_cv32e40s_csr__parameterized3_27
INFO: [VRFC 10-311] analyzing module Zynq_E40S_PMP_riscv_top_ahb3lite_0_0_cv32e40s_csr__parameterized3_29
INFO: [VRFC 10-311] analyzing module Zynq_E40S_PMP_riscv_top_ahb3lite_0_0_cv32e40s_csr__parameterized3_3
INFO: [VRFC 10-311] analyzing module Zynq_E40S_PMP_riscv_top_ahb3lite_0_0_cv32e40s_csr__parameterized3_31
INFO: [VRFC 10-311] analyzing module Zynq_E40S_PMP_riscv_top_ahb3lite_0_0_cv32e40s_csr__parameterized3_5
INFO: [VRFC 10-311] analyzing module Zynq_E40S_PMP_riscv_top_ahb3lite_0_0_cv32e40s_csr__parameterized3_7
INFO: [VRFC 10-311] analyzing module Zynq_E40S_PMP_riscv_top_ahb3lite_0_0_cv32e40s_csr__parameterized3_9
INFO: [VRFC 10-311] analyzing module Zynq_E40S_PMP_riscv_top_ahb3lite_0_0_cv32e40s_csr__parameterized4
INFO: [VRFC 10-311] analyzing module Zynq_E40S_PMP_riscv_top_ahb3lite_0_0_cv32e40s_csr__parameterized4_10
INFO: [VRFC 10-311] analyzing module Zynq_E40S_PMP_riscv_top_ahb3lite_0_0_cv32e40s_csr__parameterized4_12
INFO: [VRFC 10-311] analyzing module Zynq_E40S_PMP_riscv_top_ahb3lite_0_0_cv32e40s_csr__parameterized4_14
INFO: [VRFC 10-311] analyzing module Zynq_E40S_PMP_riscv_top_ahb3lite_0_0_cv32e40s_csr__parameterized4_16
INFO: [VRFC 10-311] analyzing module Zynq_E40S_PMP_riscv_top_ahb3lite_0_0_cv32e40s_csr__parameterized4_18
INFO: [VRFC 10-311] analyzing module Zynq_E40S_PMP_riscv_top_ahb3lite_0_0_cv32e40s_csr__parameterized4_2
INFO: [VRFC 10-311] analyzing module Zynq_E40S_PMP_riscv_top_ahb3lite_0_0_cv32e40s_csr__parameterized4_20
INFO: [VRFC 10-311] analyzing module Zynq_E40S_PMP_riscv_top_ahb3lite_0_0_cv32e40s_csr__parameterized4_22
INFO: [VRFC 10-311] analyzing module Zynq_E40S_PMP_riscv_top_ahb3lite_0_0_cv32e40s_csr__parameterized4_24
INFO: [VRFC 10-311] analyzing module Zynq_E40S_PMP_riscv_top_ahb3lite_0_0_cv32e40s_csr__parameterized4_26
INFO: [VRFC 10-311] analyzing module Zynq_E40S_PMP_riscv_top_ahb3lite_0_0_cv32e40s_csr__parameterized4_28
INFO: [VRFC 10-311] analyzing module Zynq_E40S_PMP_riscv_top_ahb3lite_0_0_cv32e40s_csr__parameterized4_30
INFO: [VRFC 10-311] analyzing module Zynq_E40S_PMP_riscv_top_ahb3lite_0_0_cv32e40s_csr__parameterized4_32
INFO: [VRFC 10-311] analyzing module Zynq_E40S_PMP_riscv_top_ahb3lite_0_0_cv32e40s_csr__parameterized4_33
INFO: [VRFC 10-311] analyzing module Zynq_E40S_PMP_riscv_top_ahb3lite_0_0_cv32e40s_csr__parameterized4_4
INFO: [VRFC 10-311] analyzing module Zynq_E40S_PMP_riscv_top_ahb3lite_0_0_cv32e40s_csr__parameterized4_6
INFO: [VRFC 10-311] analyzing module Zynq_E40S_PMP_riscv_top_ahb3lite_0_0_cv32e40s_csr__parameterized4_8
INFO: [VRFC 10-311] analyzing module Zynq_E40S_PMP_riscv_top_ahb3lite_0_0_cv32e40s_csr__parameterized5
INFO: [VRFC 10-311] analyzing module Zynq_E40S_PMP_riscv_top_ahb3lite_0_0_cv32e40s_csr__parameterized6
INFO: [VRFC 10-311] analyzing module Zynq_E40S_PMP_riscv_top_ahb3lite_0_0_cv32e40s_csr__parameterized7
INFO: [VRFC 10-311] analyzing module Zynq_E40S_PMP_riscv_top_ahb3lite_0_0_cv32e40s_csr__parameterized8
INFO: [VRFC 10-311] analyzing module Zynq_E40S_PMP_riscv_top_ahb3lite_0_0_cv32e40s_csr__parameterized9
INFO: [VRFC 10-311] analyzing module Zynq_E40S_PMP_riscv_top_ahb3lite_0_0_cv32e40s_debug_triggers
INFO: [VRFC 10-311] analyzing module Zynq_E40S_PMP_riscv_top_ahb3lite_0_0_cv32e40s_div
INFO: [VRFC 10-311] analyzing module Zynq_E40S_PMP_riscv_top_ahb3lite_0_0_cv32e40s_ex_stage
INFO: [VRFC 10-311] analyzing module Zynq_E40S_PMP_riscv_top_ahb3lite_0_0_cv32e40s_id_stage
INFO: [VRFC 10-311] analyzing module Zynq_E40S_PMP_riscv_top_ahb3lite_0_0_cv32e40s_if_stage
INFO: [VRFC 10-311] analyzing module Zynq_E40S_PMP_riscv_top_ahb3lite_0_0_cv32e40s_instr_obi_interface
INFO: [VRFC 10-311] analyzing module Zynq_E40S_PMP_riscv_top_ahb3lite_0_0_cv32e40s_int_controller
INFO: [VRFC 10-311] analyzing module Zynq_E40S_PMP_riscv_top_ahb3lite_0_0_cv32e40s_load_store_unit
INFO: [VRFC 10-311] analyzing module Zynq_E40S_PMP_riscv_top_ahb3lite_0_0_cv32e40s_lsu_response_filter
INFO: [VRFC 10-311] analyzing module Zynq_E40S_PMP_riscv_top_ahb3lite_0_0_cv32e40s_mpu
INFO: [VRFC 10-311] analyzing module Zynq_E40S_PMP_riscv_top_ahb3lite_0_0_cv32e40s_mpu__parameterized0
INFO: [VRFC 10-311] analyzing module Zynq_E40S_PMP_riscv_top_ahb3lite_0_0_cv32e40s_mult
INFO: [VRFC 10-311] analyzing module Zynq_E40S_PMP_riscv_top_ahb3lite_0_0_cv32e40s_pc_target
INFO: [VRFC 10-311] analyzing module Zynq_E40S_PMP_riscv_top_ahb3lite_0_0_cv32e40s_pmp
INFO: [VRFC 10-311] analyzing module Zynq_E40S_PMP_riscv_top_ahb3lite_0_0_cv32e40s_pmp_1
INFO: [VRFC 10-311] analyzing module Zynq_E40S_PMP_riscv_top_ahb3lite_0_0_cv32e40s_prefetch_unit
INFO: [VRFC 10-311] analyzing module Zynq_E40S_PMP_riscv_top_ahb3lite_0_0_cv32e40s_prefetcher
INFO: [VRFC 10-311] analyzing module Zynq_E40S_PMP_riscv_top_ahb3lite_0_0_cv32e40s_register_file
INFO: [VRFC 10-311] analyzing module Zynq_E40S_PMP_riscv_top_ahb3lite_0_0_cv32e40s_register_file_wrapper
INFO: [VRFC 10-311] analyzing module Zynq_E40S_PMP_riscv_top_ahb3lite_0_0_cv32e40s_sequencer
INFO: [VRFC 10-311] analyzing module Zynq_E40S_PMP_riscv_top_ahb3lite_0_0_cv32e40s_sleep_unit
INFO: [VRFC 10-311] analyzing module Zynq_E40S_PMP_riscv_top_ahb3lite_0_0_cv32e40s_wb_stage
INFO: [VRFC 10-311] analyzing module Zynq_E40S_PMP_riscv_top_ahb3lite_0_0_cv32e40s_wpt
INFO: [VRFC 10-311] analyzing module Zynq_E40S_PMP_riscv_top_ahb3lite_0_0_riscv_top_ahb3lite
INFO: [VRFC 10-311] analyzing module Zynq_E40S_PMP_wrapper
INFO: [VRFC 10-311] analyzing module Zynq_E40S_PMP_xlconcat_0_0
INFO: [VRFC 10-311] analyzing module Zynq_E40S_PMP_xlconstant_0_0
INFO: [VRFC 10-311] analyzing module Zynq_E40S_PMP_xlconstant_1_0
INFO: [VRFC 10-311] analyzing module Zynq_E40S_PMP_xlconstant_2_0
INFO: [VRFC 10-311] analyzing module Zynq_E40S_PMP_xlconstant_3_0
INFO: [VRFC 10-311] analyzing module Zynq_E40S_PMP_xlconstant_4_0
INFO: [VRFC 10-311] analyzing module Zynq_E40S_PMP_xlconstant_4_2
INFO: [VRFC 10-311] analyzing module Zynq_E40S_PMP_xlconstant_4_3
INFO: [VRFC 10-311] analyzing module Zynq_E40S_PMP_xlconstant_4_4
INFO: [VRFC 10-311] analyzing module Zynq_E40S_PMP_xlconstant_5_0
INFO: [VRFC 10-311] analyzing module Zynq_E40S_PMP_c_addsub_1_0_c_addsub_v12_0_15
INFO: [VRFC 10-311] analyzing module Zynq_E40S_PMP_c_addsub_1_0_c_addsub_v12_0_15_fabric_legacy
INFO: [VRFC 10-311] analyzing module Zynq_E40S_PMP_c_addsub_1_0_c_addsub_v12_0_15_legacy
INFO: [VRFC 10-311] analyzing module Zynq_E40S_PMP_c_addsub_1_0_c_addsub_v12_0_15_lut6_legacy
INFO: [VRFC 10-311] analyzing module Zynq_E40S_PMP_c_addsub_1_0_c_addsub_v12_0_15_viv
INFO: [VRFC 10-311] analyzing module Zynq_E40S_PMP_blk_mem_gen_1_0_blk_mem_gen_generic_cstr
INFO: [VRFC 10-311] analyzing module Zynq_E40S_PMP_blk_mem_gen_1_0_blk_mem_gen_mux
INFO: [VRFC 10-311] analyzing module Zynq_E40S_PMP_blk_mem_gen_1_0_blk_mem_gen_prim_width
INFO: [VRFC 10-311] analyzing module Zynq_E40S_PMP_blk_mem_gen_1_0_blk_mem_gen_prim_width__parameterized0
INFO: [VRFC 10-311] analyzing module Zynq_E40S_PMP_blk_mem_gen_1_0_blk_mem_gen_prim_width__parameterized1
INFO: [VRFC 10-311] analyzing module Zynq_E40S_PMP_blk_mem_gen_1_0_blk_mem_gen_prim_width__parameterized10
INFO: [VRFC 10-311] analyzing module Zynq_E40S_PMP_blk_mem_gen_1_0_blk_mem_gen_prim_width__parameterized100
INFO: [VRFC 10-311] analyzing module Zynq_E40S_PMP_blk_mem_gen_1_0_blk_mem_gen_prim_width__parameterized101
INFO: [VRFC 10-311] analyzing module Zynq_E40S_PMP_blk_mem_gen_1_0_blk_mem_gen_prim_width__parameterized102
INFO: [VRFC 10-311] analyzing module Zynq_E40S_PMP_blk_mem_gen_1_0_blk_mem_gen_prim_width__parameterized103
INFO: [VRFC 10-311] analyzing module Zynq_E40S_PMP_blk_mem_gen_1_0_blk_mem_gen_prim_width__parameterized104
INFO: [VRFC 10-311] analyzing module Zynq_E40S_PMP_blk_mem_gen_1_0_blk_mem_gen_prim_width__parameterized105
INFO: [VRFC 10-311] analyzing module Zynq_E40S_PMP_blk_mem_gen_1_0_blk_mem_gen_prim_width__parameterized106
INFO: [VRFC 10-311] analyzing module Zynq_E40S_PMP_blk_mem_gen_1_0_blk_mem_gen_prim_width__parameterized107
INFO: [VRFC 10-311] analyzing module Zynq_E40S_PMP_blk_mem_gen_1_0_blk_mem_gen_prim_width__parameterized108
INFO: [VRFC 10-311] analyzing module Zynq_E40S_PMP_blk_mem_gen_1_0_blk_mem_gen_prim_width__parameterized109
INFO: [VRFC 10-311] analyzing module Zynq_E40S_PMP_blk_mem_gen_1_0_blk_mem_gen_prim_width__parameterized11
INFO: [VRFC 10-311] analyzing module Zynq_E40S_PMP_blk_mem_gen_1_0_blk_mem_gen_prim_width__parameterized110
INFO: [VRFC 10-311] analyzing module Zynq_E40S_PMP_blk_mem_gen_1_0_blk_mem_gen_prim_width__parameterized111
INFO: [VRFC 10-311] analyzing module Zynq_E40S_PMP_blk_mem_gen_1_0_blk_mem_gen_prim_width__parameterized112
INFO: [VRFC 10-311] analyzing module Zynq_E40S_PMP_blk_mem_gen_1_0_blk_mem_gen_prim_width__parameterized113
INFO: [VRFC 10-311] analyzing module Zynq_E40S_PMP_blk_mem_gen_1_0_blk_mem_gen_prim_width__parameterized114
INFO: [VRFC 10-311] analyzing module Zynq_E40S_PMP_blk_mem_gen_1_0_blk_mem_gen_prim_width__parameterized115
INFO: [VRFC 10-311] analyzing module Zynq_E40S_PMP_blk_mem_gen_1_0_blk_mem_gen_prim_width__parameterized116
INFO: [VRFC 10-311] analyzing module Zynq_E40S_PMP_blk_mem_gen_1_0_blk_mem_gen_prim_width__parameterized117
INFO: [VRFC 10-311] analyzing module Zynq_E40S_PMP_blk_mem_gen_1_0_blk_mem_gen_prim_width__parameterized118
INFO: [VRFC 10-311] analyzing module Zynq_E40S_PMP_blk_mem_gen_1_0_blk_mem_gen_prim_width__parameterized119
INFO: [VRFC 10-311] analyzing module Zynq_E40S_PMP_blk_mem_gen_1_0_blk_mem_gen_prim_width__parameterized12
INFO: [VRFC 10-311] analyzing module Zynq_E40S_PMP_blk_mem_gen_1_0_blk_mem_gen_prim_width__parameterized120
INFO: [VRFC 10-311] analyzing module Zynq_E40S_PMP_blk_mem_gen_1_0_blk_mem_gen_prim_width__parameterized121
INFO: [VRFC 10-311] analyzing module Zynq_E40S_PMP_blk_mem_gen_1_0_blk_mem_gen_prim_width__parameterized122
INFO: [VRFC 10-311] analyzing module Zynq_E40S_PMP_blk_mem_gen_1_0_blk_mem_gen_prim_width__parameterized123
INFO: [VRFC 10-311] analyzing module Zynq_E40S_PMP_blk_mem_gen_1_0_blk_mem_gen_prim_width__parameterized124
INFO: [VRFC 10-311] analyzing module Zynq_E40S_PMP_blk_mem_gen_1_0_blk_mem_gen_prim_width__parameterized125
INFO: [VRFC 10-311] analyzing module Zynq_E40S_PMP_blk_mem_gen_1_0_blk_mem_gen_prim_width__parameterized126
INFO: [VRFC 10-311] analyzing module Zynq_E40S_PMP_blk_mem_gen_1_0_blk_mem_gen_prim_width__parameterized13
INFO: [VRFC 10-311] analyzing module Zynq_E40S_PMP_blk_mem_gen_1_0_blk_mem_gen_prim_width__parameterized14
INFO: [VRFC 10-311] analyzing module Zynq_E40S_PMP_blk_mem_gen_1_0_blk_mem_gen_prim_width__parameterized15
INFO: [VRFC 10-311] analyzing module Zynq_E40S_PMP_blk_mem_gen_1_0_blk_mem_gen_prim_width__parameterized16
INFO: [VRFC 10-311] analyzing module Zynq_E40S_PMP_blk_mem_gen_1_0_blk_mem_gen_prim_width__parameterized17
INFO: [VRFC 10-311] analyzing module Zynq_E40S_PMP_blk_mem_gen_1_0_blk_mem_gen_prim_width__parameterized18
INFO: [VRFC 10-311] analyzing module Zynq_E40S_PMP_blk_mem_gen_1_0_blk_mem_gen_prim_width__parameterized19
INFO: [VRFC 10-311] analyzing module Zynq_E40S_PMP_blk_mem_gen_1_0_blk_mem_gen_prim_width__parameterized2
INFO: [VRFC 10-311] analyzing module Zynq_E40S_PMP_blk_mem_gen_1_0_blk_mem_gen_prim_width__parameterized20
INFO: [VRFC 10-311] analyzing module Zynq_E40S_PMP_blk_mem_gen_1_0_blk_mem_gen_prim_width__parameterized21
INFO: [VRFC 10-311] analyzing module Zynq_E40S_PMP_blk_mem_gen_1_0_blk_mem_gen_prim_width__parameterized22
INFO: [VRFC 10-311] analyzing module Zynq_E40S_PMP_blk_mem_gen_1_0_blk_mem_gen_prim_width__parameterized23
INFO: [VRFC 10-311] analyzing module Zynq_E40S_PMP_blk_mem_gen_1_0_blk_mem_gen_prim_width__parameterized24
INFO: [VRFC 10-311] analyzing module Zynq_E40S_PMP_blk_mem_gen_1_0_blk_mem_gen_prim_width__parameterized25
INFO: [VRFC 10-311] analyzing module Zynq_E40S_PMP_blk_mem_gen_1_0_blk_mem_gen_prim_width__parameterized26
INFO: [VRFC 10-311] analyzing module Zynq_E40S_PMP_blk_mem_gen_1_0_blk_mem_gen_prim_width__parameterized27
INFO: [VRFC 10-311] analyzing module Zynq_E40S_PMP_blk_mem_gen_1_0_blk_mem_gen_prim_width__parameterized28
INFO: [VRFC 10-311] analyzing module Zynq_E40S_PMP_blk_mem_gen_1_0_blk_mem_gen_prim_width__parameterized29
INFO: [VRFC 10-311] analyzing module Zynq_E40S_PMP_blk_mem_gen_1_0_blk_mem_gen_prim_width__parameterized3
INFO: [VRFC 10-311] analyzing module Zynq_E40S_PMP_blk_mem_gen_1_0_blk_mem_gen_prim_width__parameterized30
INFO: [VRFC 10-311] analyzing module Zynq_E40S_PMP_blk_mem_gen_1_0_blk_mem_gen_prim_width__parameterized31
INFO: [VRFC 10-311] analyzing module Zynq_E40S_PMP_blk_mem_gen_1_0_blk_mem_gen_prim_width__parameterized32
INFO: [VRFC 10-311] analyzing module Zynq_E40S_PMP_blk_mem_gen_1_0_blk_mem_gen_prim_width__parameterized33
INFO: [VRFC 10-311] analyzing module Zynq_E40S_PMP_blk_mem_gen_1_0_blk_mem_gen_prim_width__parameterized34
INFO: [VRFC 10-311] analyzing module Zynq_E40S_PMP_blk_mem_gen_1_0_blk_mem_gen_prim_width__parameterized35
INFO: [VRFC 10-311] analyzing module Zynq_E40S_PMP_blk_mem_gen_1_0_blk_mem_gen_prim_width__parameterized36
INFO: [VRFC 10-311] analyzing module Zynq_E40S_PMP_blk_mem_gen_1_0_blk_mem_gen_prim_width__parameterized37
INFO: [VRFC 10-311] analyzing module Zynq_E40S_PMP_blk_mem_gen_1_0_blk_mem_gen_prim_width__parameterized38
INFO: [VRFC 10-311] analyzing module Zynq_E40S_PMP_blk_mem_gen_1_0_blk_mem_gen_prim_width__parameterized39
INFO: [VRFC 10-311] analyzing module Zynq_E40S_PMP_blk_mem_gen_1_0_blk_mem_gen_prim_width__parameterized4
INFO: [VRFC 10-311] analyzing module Zynq_E40S_PMP_blk_mem_gen_1_0_blk_mem_gen_prim_width__parameterized40
INFO: [VRFC 10-311] analyzing module Zynq_E40S_PMP_blk_mem_gen_1_0_blk_mem_gen_prim_width__parameterized41
INFO: [VRFC 10-311] analyzing module Zynq_E40S_PMP_blk_mem_gen_1_0_blk_mem_gen_prim_width__parameterized42
INFO: [VRFC 10-311] analyzing module Zynq_E40S_PMP_blk_mem_gen_1_0_blk_mem_gen_prim_width__parameterized43
INFO: [VRFC 10-311] analyzing module Zynq_E40S_PMP_blk_mem_gen_1_0_blk_mem_gen_prim_width__parameterized44
INFO: [VRFC 10-311] analyzing module Zynq_E40S_PMP_blk_mem_gen_1_0_blk_mem_gen_prim_width__parameterized45
INFO: [VRFC 10-311] analyzing module Zynq_E40S_PMP_blk_mem_gen_1_0_blk_mem_gen_prim_width__parameterized46
INFO: [VRFC 10-311] analyzing module Zynq_E40S_PMP_blk_mem_gen_1_0_blk_mem_gen_prim_width__parameterized47
INFO: [VRFC 10-311] analyzing module Zynq_E40S_PMP_blk_mem_gen_1_0_blk_mem_gen_prim_width__parameterized48
INFO: [VRFC 10-311] analyzing module Zynq_E40S_PMP_blk_mem_gen_1_0_blk_mem_gen_prim_width__parameterized49
INFO: [VRFC 10-311] analyzing module Zynq_E40S_PMP_blk_mem_gen_1_0_blk_mem_gen_prim_width__parameterized5
INFO: [VRFC 10-311] analyzing module Zynq_E40S_PMP_blk_mem_gen_1_0_blk_mem_gen_prim_width__parameterized50
INFO: [VRFC 10-311] analyzing module Zynq_E40S_PMP_blk_mem_gen_1_0_blk_mem_gen_prim_width__parameterized51
INFO: [VRFC 10-311] analyzing module Zynq_E40S_PMP_blk_mem_gen_1_0_blk_mem_gen_prim_width__parameterized52
INFO: [VRFC 10-311] analyzing module Zynq_E40S_PMP_blk_mem_gen_1_0_blk_mem_gen_prim_width__parameterized53
INFO: [VRFC 10-311] analyzing module Zynq_E40S_PMP_blk_mem_gen_1_0_blk_mem_gen_prim_width__parameterized54
INFO: [VRFC 10-311] analyzing module Zynq_E40S_PMP_blk_mem_gen_1_0_blk_mem_gen_prim_width__parameterized55
INFO: [VRFC 10-311] analyzing module Zynq_E40S_PMP_blk_mem_gen_1_0_blk_mem_gen_prim_width__parameterized56
INFO: [VRFC 10-311] analyzing module Zynq_E40S_PMP_blk_mem_gen_1_0_blk_mem_gen_prim_width__parameterized57
INFO: [VRFC 10-311] analyzing module Zynq_E40S_PMP_blk_mem_gen_1_0_blk_mem_gen_prim_width__parameterized58
INFO: [VRFC 10-311] analyzing module Zynq_E40S_PMP_blk_mem_gen_1_0_blk_mem_gen_prim_width__parameterized59
INFO: [VRFC 10-311] analyzing module Zynq_E40S_PMP_blk_mem_gen_1_0_blk_mem_gen_prim_width__parameterized6
INFO: [VRFC 10-311] analyzing module Zynq_E40S_PMP_blk_mem_gen_1_0_blk_mem_gen_prim_width__parameterized60
INFO: [VRFC 10-311] analyzing module Zynq_E40S_PMP_blk_mem_gen_1_0_blk_mem_gen_prim_width__parameterized61
INFO: [VRFC 10-311] analyzing module Zynq_E40S_PMP_blk_mem_gen_1_0_blk_mem_gen_prim_width__parameterized62
INFO: [VRFC 10-311] analyzing module Zynq_E40S_PMP_blk_mem_gen_1_0_blk_mem_gen_prim_width__parameterized63
INFO: [VRFC 10-311] analyzing module Zynq_E40S_PMP_blk_mem_gen_1_0_blk_mem_gen_prim_width__parameterized64
INFO: [VRFC 10-311] analyzing module Zynq_E40S_PMP_blk_mem_gen_1_0_blk_mem_gen_prim_width__parameterized65
INFO: [VRFC 10-311] analyzing module Zynq_E40S_PMP_blk_mem_gen_1_0_blk_mem_gen_prim_width__parameterized66
INFO: [VRFC 10-311] analyzing module Zynq_E40S_PMP_blk_mem_gen_1_0_blk_mem_gen_prim_width__parameterized67
INFO: [VRFC 10-311] analyzing module Zynq_E40S_PMP_blk_mem_gen_1_0_blk_mem_gen_prim_width__parameterized68
INFO: [VRFC 10-311] analyzing module Zynq_E40S_PMP_blk_mem_gen_1_0_blk_mem_gen_prim_width__parameterized69
INFO: [VRFC 10-311] analyzing module Zynq_E40S_PMP_blk_mem_gen_1_0_blk_mem_gen_prim_width__parameterized7
INFO: [VRFC 10-311] analyzing module Zynq_E40S_PMP_blk_mem_gen_1_0_blk_mem_gen_prim_width__parameterized70
INFO: [VRFC 10-311] analyzing module Zynq_E40S_PMP_blk_mem_gen_1_0_blk_mem_gen_prim_width__parameterized71
INFO: [VRFC 10-311] analyzing module Zynq_E40S_PMP_blk_mem_gen_1_0_blk_mem_gen_prim_width__parameterized72
INFO: [VRFC 10-311] analyzing module Zynq_E40S_PMP_blk_mem_gen_1_0_blk_mem_gen_prim_width__parameterized73
INFO: [VRFC 10-311] analyzing module Zynq_E40S_PMP_blk_mem_gen_1_0_blk_mem_gen_prim_width__parameterized74
INFO: [VRFC 10-311] analyzing module Zynq_E40S_PMP_blk_mem_gen_1_0_blk_mem_gen_prim_width__parameterized75
INFO: [VRFC 10-311] analyzing module Zynq_E40S_PMP_blk_mem_gen_1_0_blk_mem_gen_prim_width__parameterized76
INFO: [VRFC 10-311] analyzing module Zynq_E40S_PMP_blk_mem_gen_1_0_blk_mem_gen_prim_width__parameterized77
INFO: [VRFC 10-311] analyzing module Zynq_E40S_PMP_blk_mem_gen_1_0_blk_mem_gen_prim_width__parameterized78
INFO: [VRFC 10-311] analyzing module Zynq_E40S_PMP_blk_mem_gen_1_0_blk_mem_gen_prim_width__parameterized79
INFO: [VRFC 10-311] analyzing module Zynq_E40S_PMP_blk_mem_gen_1_0_blk_mem_gen_prim_width__parameterized8
INFO: [VRFC 10-311] analyzing module Zynq_E40S_PMP_blk_mem_gen_1_0_blk_mem_gen_prim_width__parameterized80
INFO: [VRFC 10-311] analyzing module Zynq_E40S_PMP_blk_mem_gen_1_0_blk_mem_gen_prim_width__parameterized81
INFO: [VRFC 10-311] analyzing module Zynq_E40S_PMP_blk_mem_gen_1_0_blk_mem_gen_prim_width__parameterized82
INFO: [VRFC 10-311] analyzing module Zynq_E40S_PMP_blk_mem_gen_1_0_blk_mem_gen_prim_width__parameterized83
INFO: [VRFC 10-311] analyzing module Zynq_E40S_PMP_blk_mem_gen_1_0_blk_mem_gen_prim_width__parameterized84
INFO: [VRFC 10-311] analyzing module Zynq_E40S_PMP_blk_mem_gen_1_0_blk_mem_gen_prim_width__parameterized85
INFO: [VRFC 10-311] analyzing module Zynq_E40S_PMP_blk_mem_gen_1_0_blk_mem_gen_prim_width__parameterized86
INFO: [VRFC 10-311] analyzing module Zynq_E40S_PMP_blk_mem_gen_1_0_blk_mem_gen_prim_width__parameterized87
INFO: [VRFC 10-311] analyzing module Zynq_E40S_PMP_blk_mem_gen_1_0_blk_mem_gen_prim_width__parameterized88
INFO: [VRFC 10-311] analyzing module Zynq_E40S_PMP_blk_mem_gen_1_0_blk_mem_gen_prim_width__parameterized89
INFO: [VRFC 10-311] analyzing module Zynq_E40S_PMP_blk_mem_gen_1_0_blk_mem_gen_prim_width__parameterized9
INFO: [VRFC 10-311] analyzing module Zynq_E40S_PMP_blk_mem_gen_1_0_blk_mem_gen_prim_width__parameterized90
INFO: [VRFC 10-311] analyzing module Zynq_E40S_PMP_blk_mem_gen_1_0_blk_mem_gen_prim_width__parameterized91
INFO: [VRFC 10-311] analyzing module Zynq_E40S_PMP_blk_mem_gen_1_0_blk_mem_gen_prim_width__parameterized92
INFO: [VRFC 10-311] analyzing module Zynq_E40S_PMP_blk_mem_gen_1_0_blk_mem_gen_prim_width__parameterized93
INFO: [VRFC 10-311] analyzing module Zynq_E40S_PMP_blk_mem_gen_1_0_blk_mem_gen_prim_width__parameterized94
INFO: [VRFC 10-311] analyzing module Zynq_E40S_PMP_blk_mem_gen_1_0_blk_mem_gen_prim_width__parameterized95
INFO: [VRFC 10-311] analyzing module Zynq_E40S_PMP_blk_mem_gen_1_0_blk_mem_gen_prim_width__parameterized96
INFO: [VRFC 10-311] analyzing module Zynq_E40S_PMP_blk_mem_gen_1_0_blk_mem_gen_prim_width__parameterized97
INFO: [VRFC 10-311] analyzing module Zynq_E40S_PMP_blk_mem_gen_1_0_blk_mem_gen_prim_width__parameterized98
INFO: [VRFC 10-311] analyzing module Zynq_E40S_PMP_blk_mem_gen_1_0_blk_mem_gen_prim_width__parameterized99
INFO: [VRFC 10-311] analyzing module Zynq_E40S_PMP_blk_mem_gen_1_0_blk_mem_gen_prim_wrapper_init
INFO: [VRFC 10-311] analyzing module Zynq_E40S_PMP_blk_mem_gen_1_0_blk_mem_gen_prim_wrapper_init__parameterized0
INFO: [VRFC 10-311] analyzing module Zynq_E40S_PMP_blk_mem_gen_1_0_blk_mem_gen_prim_wrapper_init__parameterized1
INFO: [VRFC 10-311] analyzing module Zynq_E40S_PMP_blk_mem_gen_1_0_blk_mem_gen_prim_wrapper_init__parameterized10
INFO: [VRFC 10-311] analyzing module Zynq_E40S_PMP_blk_mem_gen_1_0_blk_mem_gen_prim_wrapper_init__parameterized100
INFO: [VRFC 10-311] analyzing module Zynq_E40S_PMP_blk_mem_gen_1_0_blk_mem_gen_prim_wrapper_init__parameterized101
INFO: [VRFC 10-311] analyzing module Zynq_E40S_PMP_blk_mem_gen_1_0_blk_mem_gen_prim_wrapper_init__parameterized102
INFO: [VRFC 10-311] analyzing module Zynq_E40S_PMP_blk_mem_gen_1_0_blk_mem_gen_prim_wrapper_init__parameterized103
INFO: [VRFC 10-311] analyzing module Zynq_E40S_PMP_blk_mem_gen_1_0_blk_mem_gen_prim_wrapper_init__parameterized104
INFO: [VRFC 10-311] analyzing module Zynq_E40S_PMP_blk_mem_gen_1_0_blk_mem_gen_prim_wrapper_init__parameterized105
INFO: [VRFC 10-311] analyzing module Zynq_E40S_PMP_blk_mem_gen_1_0_blk_mem_gen_prim_wrapper_init__parameterized106
INFO: [VRFC 10-311] analyzing module Zynq_E40S_PMP_blk_mem_gen_1_0_blk_mem_gen_prim_wrapper_init__parameterized107
INFO: [VRFC 10-311] analyzing module Zynq_E40S_PMP_blk_mem_gen_1_0_blk_mem_gen_prim_wrapper_init__parameterized108
INFO: [VRFC 10-311] analyzing module Zynq_E40S_PMP_blk_mem_gen_1_0_blk_mem_gen_prim_wrapper_init__parameterized109
INFO: [VRFC 10-311] analyzing module Zynq_E40S_PMP_blk_mem_gen_1_0_blk_mem_gen_prim_wrapper_init__parameterized11
INFO: [VRFC 10-311] analyzing module Zynq_E40S_PMP_blk_mem_gen_1_0_blk_mem_gen_prim_wrapper_init__parameterized110
INFO: [VRFC 10-311] analyzing module Zynq_E40S_PMP_blk_mem_gen_1_0_blk_mem_gen_prim_wrapper_init__parameterized111
INFO: [VRFC 10-311] analyzing module Zynq_E40S_PMP_blk_mem_gen_1_0_blk_mem_gen_prim_wrapper_init__parameterized112
INFO: [VRFC 10-311] analyzing module Zynq_E40S_PMP_blk_mem_gen_1_0_blk_mem_gen_prim_wrapper_init__parameterized113
INFO: [VRFC 10-311] analyzing module Zynq_E40S_PMP_blk_mem_gen_1_0_blk_mem_gen_prim_wrapper_init__parameterized114
INFO: [VRFC 10-311] analyzing module Zynq_E40S_PMP_blk_mem_gen_1_0_blk_mem_gen_prim_wrapper_init__parameterized115
INFO: [VRFC 10-311] analyzing module Zynq_E40S_PMP_blk_mem_gen_1_0_blk_mem_gen_prim_wrapper_init__parameterized116
INFO: [VRFC 10-311] analyzing module Zynq_E40S_PMP_blk_mem_gen_1_0_blk_mem_gen_prim_wrapper_init__parameterized117
INFO: [VRFC 10-311] analyzing module Zynq_E40S_PMP_blk_mem_gen_1_0_blk_mem_gen_prim_wrapper_init__parameterized118
INFO: [VRFC 10-311] analyzing module Zynq_E40S_PMP_blk_mem_gen_1_0_blk_mem_gen_prim_wrapper_init__parameterized119
INFO: [VRFC 10-311] analyzing module Zynq_E40S_PMP_blk_mem_gen_1_0_blk_mem_gen_prim_wrapper_init__parameterized12
INFO: [VRFC 10-311] analyzing module Zynq_E40S_PMP_blk_mem_gen_1_0_blk_mem_gen_prim_wrapper_init__parameterized120
INFO: [VRFC 10-311] analyzing module Zynq_E40S_PMP_blk_mem_gen_1_0_blk_mem_gen_prim_wrapper_init__parameterized121
INFO: [VRFC 10-311] analyzing module Zynq_E40S_PMP_blk_mem_gen_1_0_blk_mem_gen_prim_wrapper_init__parameterized122
INFO: [VRFC 10-311] analyzing module Zynq_E40S_PMP_blk_mem_gen_1_0_blk_mem_gen_prim_wrapper_init__parameterized123
INFO: [VRFC 10-311] analyzing module Zynq_E40S_PMP_blk_mem_gen_1_0_blk_mem_gen_prim_wrapper_init__parameterized124
INFO: [VRFC 10-311] analyzing module Zynq_E40S_PMP_blk_mem_gen_1_0_blk_mem_gen_prim_wrapper_init__parameterized125
INFO: [VRFC 10-311] analyzing module Zynq_E40S_PMP_blk_mem_gen_1_0_blk_mem_gen_prim_wrapper_init__parameterized126
INFO: [VRFC 10-311] analyzing module Zynq_E40S_PMP_blk_mem_gen_1_0_blk_mem_gen_prim_wrapper_init__parameterized13
INFO: [VRFC 10-311] analyzing module Zynq_E40S_PMP_blk_mem_gen_1_0_blk_mem_gen_prim_wrapper_init__parameterized14
INFO: [VRFC 10-311] analyzing module Zynq_E40S_PMP_blk_mem_gen_1_0_blk_mem_gen_prim_wrapper_init__parameterized15
INFO: [VRFC 10-311] analyzing module Zynq_E40S_PMP_blk_mem_gen_1_0_blk_mem_gen_prim_wrapper_init__parameterized16
INFO: [VRFC 10-311] analyzing module Zynq_E40S_PMP_blk_mem_gen_1_0_blk_mem_gen_prim_wrapper_init__parameterized17
INFO: [VRFC 10-311] analyzing module Zynq_E40S_PMP_blk_mem_gen_1_0_blk_mem_gen_prim_wrapper_init__parameterized18
INFO: [VRFC 10-311] analyzing module Zynq_E40S_PMP_blk_mem_gen_1_0_blk_mem_gen_prim_wrapper_init__parameterized19
INFO: [VRFC 10-311] analyzing module Zynq_E40S_PMP_blk_mem_gen_1_0_blk_mem_gen_prim_wrapper_init__parameterized2
INFO: [VRFC 10-311] analyzing module Zynq_E40S_PMP_blk_mem_gen_1_0_blk_mem_gen_prim_wrapper_init__parameterized20
INFO: [VRFC 10-311] analyzing module Zynq_E40S_PMP_blk_mem_gen_1_0_blk_mem_gen_prim_wrapper_init__parameterized21
INFO: [VRFC 10-311] analyzing module Zynq_E40S_PMP_blk_mem_gen_1_0_blk_mem_gen_prim_wrapper_init__parameterized22
INFO: [VRFC 10-311] analyzing module Zynq_E40S_PMP_blk_mem_gen_1_0_blk_mem_gen_prim_wrapper_init__parameterized23
INFO: [VRFC 10-311] analyzing module Zynq_E40S_PMP_blk_mem_gen_1_0_blk_mem_gen_prim_wrapper_init__parameterized24
INFO: [VRFC 10-311] analyzing module Zynq_E40S_PMP_blk_mem_gen_1_0_blk_mem_gen_prim_wrapper_init__parameterized25
INFO: [VRFC 10-311] analyzing module Zynq_E40S_PMP_blk_mem_gen_1_0_blk_mem_gen_prim_wrapper_init__parameterized26
INFO: [VRFC 10-311] analyzing module Zynq_E40S_PMP_blk_mem_gen_1_0_blk_mem_gen_prim_wrapper_init__parameterized27
INFO: [VRFC 10-311] analyzing module Zynq_E40S_PMP_blk_mem_gen_1_0_blk_mem_gen_prim_wrapper_init__parameterized28
INFO: [VRFC 10-311] analyzing module Zynq_E40S_PMP_blk_mem_gen_1_0_blk_mem_gen_prim_wrapper_init__parameterized29
INFO: [VRFC 10-311] analyzing module Zynq_E40S_PMP_blk_mem_gen_1_0_blk_mem_gen_prim_wrapper_init__parameterized3
INFO: [VRFC 10-311] analyzing module Zynq_E40S_PMP_blk_mem_gen_1_0_blk_mem_gen_prim_wrapper_init__parameterized30
INFO: [VRFC 10-311] analyzing module Zynq_E40S_PMP_blk_mem_gen_1_0_blk_mem_gen_prim_wrapper_init__parameterized31
INFO: [VRFC 10-311] analyzing module Zynq_E40S_PMP_blk_mem_gen_1_0_blk_mem_gen_prim_wrapper_init__parameterized32
INFO: [VRFC 10-311] analyzing module Zynq_E40S_PMP_blk_mem_gen_1_0_blk_mem_gen_prim_wrapper_init__parameterized33
INFO: [VRFC 10-311] analyzing module Zynq_E40S_PMP_blk_mem_gen_1_0_blk_mem_gen_prim_wrapper_init__parameterized34
INFO: [VRFC 10-311] analyzing module Zynq_E40S_PMP_blk_mem_gen_1_0_blk_mem_gen_prim_wrapper_init__parameterized35
INFO: [VRFC 10-311] analyzing module Zynq_E40S_PMP_blk_mem_gen_1_0_blk_mem_gen_prim_wrapper_init__parameterized36
INFO: [VRFC 10-311] analyzing module Zynq_E40S_PMP_blk_mem_gen_1_0_blk_mem_gen_prim_wrapper_init__parameterized37
INFO: [VRFC 10-311] analyzing module Zynq_E40S_PMP_blk_mem_gen_1_0_blk_mem_gen_prim_wrapper_init__parameterized38
INFO: [VRFC 10-311] analyzing module Zynq_E40S_PMP_blk_mem_gen_1_0_blk_mem_gen_prim_wrapper_init__parameterized39
INFO: [VRFC 10-311] analyzing module Zynq_E40S_PMP_blk_mem_gen_1_0_blk_mem_gen_prim_wrapper_init__parameterized4
INFO: [VRFC 10-311] analyzing module Zynq_E40S_PMP_blk_mem_gen_1_0_blk_mem_gen_prim_wrapper_init__parameterized40
INFO: [VRFC 10-311] analyzing module Zynq_E40S_PMP_blk_mem_gen_1_0_blk_mem_gen_prim_wrapper_init__parameterized41
INFO: [VRFC 10-311] analyzing module Zynq_E40S_PMP_blk_mem_gen_1_0_blk_mem_gen_prim_wrapper_init__parameterized42
INFO: [VRFC 10-311] analyzing module Zynq_E40S_PMP_blk_mem_gen_1_0_blk_mem_gen_prim_wrapper_init__parameterized43
INFO: [VRFC 10-311] analyzing module Zynq_E40S_PMP_blk_mem_gen_1_0_blk_mem_gen_prim_wrapper_init__parameterized44
INFO: [VRFC 10-311] analyzing module Zynq_E40S_PMP_blk_mem_gen_1_0_blk_mem_gen_prim_wrapper_init__parameterized45
INFO: [VRFC 10-311] analyzing module Zynq_E40S_PMP_blk_mem_gen_1_0_blk_mem_gen_prim_wrapper_init__parameterized46
INFO: [VRFC 10-311] analyzing module Zynq_E40S_PMP_blk_mem_gen_1_0_blk_mem_gen_prim_wrapper_init__parameterized47
INFO: [VRFC 10-311] analyzing module Zynq_E40S_PMP_blk_mem_gen_1_0_blk_mem_gen_prim_wrapper_init__parameterized48
INFO: [VRFC 10-311] analyzing module Zynq_E40S_PMP_blk_mem_gen_1_0_blk_mem_gen_prim_wrapper_init__parameterized49
INFO: [VRFC 10-311] analyzing module Zynq_E40S_PMP_blk_mem_gen_1_0_blk_mem_gen_prim_wrapper_init__parameterized5
INFO: [VRFC 10-311] analyzing module Zynq_E40S_PMP_blk_mem_gen_1_0_blk_mem_gen_prim_wrapper_init__parameterized50
INFO: [VRFC 10-311] analyzing module Zynq_E40S_PMP_blk_mem_gen_1_0_blk_mem_gen_prim_wrapper_init__parameterized51
INFO: [VRFC 10-311] analyzing module Zynq_E40S_PMP_blk_mem_gen_1_0_blk_mem_gen_prim_wrapper_init__parameterized52
INFO: [VRFC 10-311] analyzing module Zynq_E40S_PMP_blk_mem_gen_1_0_blk_mem_gen_prim_wrapper_init__parameterized53
INFO: [VRFC 10-311] analyzing module Zynq_E40S_PMP_blk_mem_gen_1_0_blk_mem_gen_prim_wrapper_init__parameterized54
INFO: [VRFC 10-311] analyzing module Zynq_E40S_PMP_blk_mem_gen_1_0_blk_mem_gen_prim_wrapper_init__parameterized55
INFO: [VRFC 10-311] analyzing module Zynq_E40S_PMP_blk_mem_gen_1_0_blk_mem_gen_prim_wrapper_init__parameterized56
INFO: [VRFC 10-311] analyzing module Zynq_E40S_PMP_blk_mem_gen_1_0_blk_mem_gen_prim_wrapper_init__parameterized57
INFO: [VRFC 10-311] analyzing module Zynq_E40S_PMP_blk_mem_gen_1_0_blk_mem_gen_prim_wrapper_init__parameterized58
INFO: [VRFC 10-311] analyzing module Zynq_E40S_PMP_blk_mem_gen_1_0_blk_mem_gen_prim_wrapper_init__parameterized59
INFO: [VRFC 10-311] analyzing module Zynq_E40S_PMP_blk_mem_gen_1_0_blk_mem_gen_prim_wrapper_init__parameterized6
INFO: [VRFC 10-311] analyzing module Zynq_E40S_PMP_blk_mem_gen_1_0_blk_mem_gen_prim_wrapper_init__parameterized60
INFO: [VRFC 10-311] analyzing module Zynq_E40S_PMP_blk_mem_gen_1_0_blk_mem_gen_prim_wrapper_init__parameterized61
INFO: [VRFC 10-311] analyzing module Zynq_E40S_PMP_blk_mem_gen_1_0_blk_mem_gen_prim_wrapper_init__parameterized62
INFO: [VRFC 10-311] analyzing module Zynq_E40S_PMP_blk_mem_gen_1_0_blk_mem_gen_prim_wrapper_init__parameterized63
INFO: [VRFC 10-311] analyzing module Zynq_E40S_PMP_blk_mem_gen_1_0_blk_mem_gen_prim_wrapper_init__parameterized64
INFO: [VRFC 10-311] analyzing module Zynq_E40S_PMP_blk_mem_gen_1_0_blk_mem_gen_prim_wrapper_init__parameterized65
INFO: [VRFC 10-311] analyzing module Zynq_E40S_PMP_blk_mem_gen_1_0_blk_mem_gen_prim_wrapper_init__parameterized66
INFO: [VRFC 10-311] analyzing module Zynq_E40S_PMP_blk_mem_gen_1_0_blk_mem_gen_prim_wrapper_init__parameterized67
INFO: [VRFC 10-311] analyzing module Zynq_E40S_PMP_blk_mem_gen_1_0_blk_mem_gen_prim_wrapper_init__parameterized68
INFO: [VRFC 10-311] analyzing module Zynq_E40S_PMP_blk_mem_gen_1_0_blk_mem_gen_prim_wrapper_init__parameterized69
INFO: [VRFC 10-311] analyzing module Zynq_E40S_PMP_blk_mem_gen_1_0_blk_mem_gen_prim_wrapper_init__parameterized7
INFO: [VRFC 10-311] analyzing module Zynq_E40S_PMP_blk_mem_gen_1_0_blk_mem_gen_prim_wrapper_init__parameterized70
INFO: [VRFC 10-311] analyzing module Zynq_E40S_PMP_blk_mem_gen_1_0_blk_mem_gen_prim_wrapper_init__parameterized71
INFO: [VRFC 10-311] analyzing module Zynq_E40S_PMP_blk_mem_gen_1_0_blk_mem_gen_prim_wrapper_init__parameterized72
INFO: [VRFC 10-311] analyzing module Zynq_E40S_PMP_blk_mem_gen_1_0_blk_mem_gen_prim_wrapper_init__parameterized73
INFO: [VRFC 10-311] analyzing module Zynq_E40S_PMP_blk_mem_gen_1_0_blk_mem_gen_prim_wrapper_init__parameterized74
INFO: [VRFC 10-311] analyzing module Zynq_E40S_PMP_blk_mem_gen_1_0_blk_mem_gen_prim_wrapper_init__parameterized75
INFO: [VRFC 10-311] analyzing module Zynq_E40S_PMP_blk_mem_gen_1_0_blk_mem_gen_prim_wrapper_init__parameterized76
INFO: [VRFC 10-311] analyzing module Zynq_E40S_PMP_blk_mem_gen_1_0_blk_mem_gen_prim_wrapper_init__parameterized77
INFO: [VRFC 10-311] analyzing module Zynq_E40S_PMP_blk_mem_gen_1_0_blk_mem_gen_prim_wrapper_init__parameterized78
INFO: [VRFC 10-311] analyzing module Zynq_E40S_PMP_blk_mem_gen_1_0_blk_mem_gen_prim_wrapper_init__parameterized79
INFO: [VRFC 10-311] analyzing module Zynq_E40S_PMP_blk_mem_gen_1_0_blk_mem_gen_prim_wrapper_init__parameterized8
INFO: [VRFC 10-311] analyzing module Zynq_E40S_PMP_blk_mem_gen_1_0_blk_mem_gen_prim_wrapper_init__parameterized80
INFO: [VRFC 10-311] analyzing module Zynq_E40S_PMP_blk_mem_gen_1_0_blk_mem_gen_prim_wrapper_init__parameterized81
INFO: [VRFC 10-311] analyzing module Zynq_E40S_PMP_blk_mem_gen_1_0_blk_mem_gen_prim_wrapper_init__parameterized82
INFO: [VRFC 10-311] analyzing module Zynq_E40S_PMP_blk_mem_gen_1_0_blk_mem_gen_prim_wrapper_init__parameterized83
INFO: [VRFC 10-311] analyzing module Zynq_E40S_PMP_blk_mem_gen_1_0_blk_mem_gen_prim_wrapper_init__parameterized84
INFO: [VRFC 10-311] analyzing module Zynq_E40S_PMP_blk_mem_gen_1_0_blk_mem_gen_prim_wrapper_init__parameterized85
INFO: [VRFC 10-311] analyzing module Zynq_E40S_PMP_blk_mem_gen_1_0_blk_mem_gen_prim_wrapper_init__parameterized86
INFO: [VRFC 10-311] analyzing module Zynq_E40S_PMP_blk_mem_gen_1_0_blk_mem_gen_prim_wrapper_init__parameterized87
INFO: [VRFC 10-311] analyzing module Zynq_E40S_PMP_blk_mem_gen_1_0_blk_mem_gen_prim_wrapper_init__parameterized88
INFO: [VRFC 10-311] analyzing module Zynq_E40S_PMP_blk_mem_gen_1_0_blk_mem_gen_prim_wrapper_init__parameterized89
INFO: [VRFC 10-311] analyzing module Zynq_E40S_PMP_blk_mem_gen_1_0_blk_mem_gen_prim_wrapper_init__parameterized9
INFO: [VRFC 10-311] analyzing module Zynq_E40S_PMP_blk_mem_gen_1_0_blk_mem_gen_prim_wrapper_init__parameterized90
INFO: [VRFC 10-311] analyzing module Zynq_E40S_PMP_blk_mem_gen_1_0_blk_mem_gen_prim_wrapper_init__parameterized91
INFO: [VRFC 10-311] analyzing module Zynq_E40S_PMP_blk_mem_gen_1_0_blk_mem_gen_prim_wrapper_init__parameterized92
INFO: [VRFC 10-311] analyzing module Zynq_E40S_PMP_blk_mem_gen_1_0_blk_mem_gen_prim_wrapper_init__parameterized93
INFO: [VRFC 10-311] analyzing module Zynq_E40S_PMP_blk_mem_gen_1_0_blk_mem_gen_prim_wrapper_init__parameterized94
INFO: [VRFC 10-311] analyzing module Zynq_E40S_PMP_blk_mem_gen_1_0_blk_mem_gen_prim_wrapper_init__parameterized95
INFO: [VRFC 10-311] analyzing module Zynq_E40S_PMP_blk_mem_gen_1_0_blk_mem_gen_prim_wrapper_init__parameterized96
INFO: [VRFC 10-311] analyzing module Zynq_E40S_PMP_blk_mem_gen_1_0_blk_mem_gen_prim_wrapper_init__parameterized97
INFO: [VRFC 10-311] analyzing module Zynq_E40S_PMP_blk_mem_gen_1_0_blk_mem_gen_prim_wrapper_init__parameterized98
INFO: [VRFC 10-311] analyzing module Zynq_E40S_PMP_blk_mem_gen_1_0_blk_mem_gen_prim_wrapper_init__parameterized99
INFO: [VRFC 10-311] analyzing module Zynq_E40S_PMP_blk_mem_gen_1_0_blk_mem_gen_top
INFO: [VRFC 10-311] analyzing module Zynq_E40S_PMP_blk_mem_gen_1_0_blk_mem_gen_v8_4_6
INFO: [VRFC 10-311] analyzing module Zynq_E40S_PMP_blk_mem_gen_1_0_blk_mem_gen_v8_4_6_synth
INFO: [VRFC 10-311] analyzing module glbl
