Archive member included to satisfy reference by file (symbol)

../libs/crypto/sbi/libsbi.a(sbi_string.o)
                              secure_bootloader.o (sbi_memset)
/home/christian/.riscv/bin/../lib/gcc/riscv32-unknown-elf/7.1.1/libgcc.a(_lshrdi3.o)
                              ../libs/crypto/sha3/sha3.o (__lshrdi3)
/home/christian/.riscv/bin/../lib/gcc/riscv32-unknown-elf/7.1.1/libgcc.a(_ashldi3.o)
                              ../libs/crypto/sha3/sha3.o (__ashldi3)
/home/christian/.riscv/bin/../lib/gcc/riscv32-unknown-elf/7.1.1/../../../../riscv32-unknown-elf/lib/libc.a(lib_a-abort.o)
                              /home/christian/Documents/CESE/Thesis/FreeRTOS-RISCV-PMP/Software/core-v-freertos/target/core-v-mcu/system_core_v_mcu_metal.o (abort)
/home/christian/.riscv/bin/../lib/gcc/riscv32-unknown-elf/7.1.1/../../../../riscv32-unknown-elf/lib/libc.a(lib_a-assert.o)
                              /home/christian/Documents/CESE/Thesis/FreeRTOS-RISCV-PMP/Software/core-v-freertos/kernel/event_groups.o (__assert_func)
/home/christian/.riscv/bin/../lib/gcc/riscv32-unknown-elf/7.1.1/../../../../riscv32-unknown-elf/lib/libc.a(lib_a-atexit.o)
                              /home/christian/Documents/CESE/Thesis/FreeRTOS-RISCV-PMP/Software/core-v-freertos/target/core-v-mcu/crt0.o (atexit)
/home/christian/.riscv/bin/../lib/gcc/riscv32-unknown-elf/7.1.1/../../../../riscv32-unknown-elf/lib/libc.a(lib_a-exit.o)
                              /home/christian/Documents/CESE/Thesis/FreeRTOS-RISCV-PMP/Software/core-v-freertos/target/core-v-mcu/crt0.o (exit)
/home/christian/.riscv/bin/../lib/gcc/riscv32-unknown-elf/7.1.1/../../../../riscv32-unknown-elf/lib/libc.a(lib_a-fini.o)
                              /home/christian/Documents/CESE/Thesis/FreeRTOS-RISCV-PMP/Software/core-v-freertos/target/core-v-mcu/crt0.o (__libc_fini_array)
/home/christian/.riscv/bin/../lib/gcc/riscv32-unknown-elf/7.1.1/../../../../riscv32-unknown-elf/lib/libc.a(lib_a-fiprintf.o)
                              /home/christian/.riscv/bin/../lib/gcc/riscv32-unknown-elf/7.1.1/../../../../riscv32-unknown-elf/lib/libc.a(lib_a-assert.o) (fiprintf)
/home/christian/.riscv/bin/../lib/gcc/riscv32-unknown-elf/7.1.1/../../../../riscv32-unknown-elf/lib/libc.a(lib_a-impure.o)
                              /home/christian/.riscv/bin/../lib/gcc/riscv32-unknown-elf/7.1.1/../../../../riscv32-unknown-elf/lib/libc.a(lib_a-exit.o) (_global_impure_ptr)
/home/christian/.riscv/bin/../lib/gcc/riscv32-unknown-elf/7.1.1/../../../../riscv32-unknown-elf/lib/libc.a(lib_a-init.o)
                              /home/christian/Documents/CESE/Thesis/FreeRTOS-RISCV-PMP/Software/core-v-freertos/target/core-v-mcu/crt0.o (__libc_init_array)
/home/christian/.riscv/bin/../lib/gcc/riscv32-unknown-elf/7.1.1/../../../../riscv32-unknown-elf/lib/libc.a(lib_a-iprintf.o)
                              /home/christian/Documents/CESE/Thesis/FreeRTOS-RISCV-PMP/Software/core-v-freertos/kernel/portable/GCC/RISC-V/port.o (iprintf)
/home/christian/.riscv/bin/../lib/gcc/riscv32-unknown-elf/7.1.1/../../../../riscv32-unknown-elf/lib/libc.a(lib_a-memcpy.o)
                              /home/christian/Documents/CESE/Thesis/FreeRTOS-RISCV-PMP/Software/core-v-freertos/kernel/queue.o (memcpy)
/home/christian/.riscv/bin/../lib/gcc/riscv32-unknown-elf/7.1.1/../../../../riscv32-unknown-elf/lib/libc.a(lib_a-memset.o)
                              /home/christian/Documents/CESE/Thesis/FreeRTOS-RISCV-PMP/Software/core-v-freertos/kernel/stream_buffer.o (memset)
/home/christian/.riscv/bin/../lib/gcc/riscv32-unknown-elf/7.1.1/../../../../riscv32-unknown-elf/lib/libc.a(lib_a-printf.o)
                              main.o (printf)
/home/christian/.riscv/bin/../lib/gcc/riscv32-unknown-elf/7.1.1/../../../../riscv32-unknown-elf/lib/libc.a(lib_a-puts.o)
                              /home/christian/Documents/CESE/Thesis/FreeRTOS-RISCV-PMP/Software/core-v-freertos/target/core-v-mcu/vectors.o (puts)
/home/christian/.riscv/bin/../lib/gcc/riscv32-unknown-elf/7.1.1/../../../../riscv32-unknown-elf/lib/libc.a(lib_a-reent.o)
                              /home/christian/Documents/CESE/Thesis/FreeRTOS-RISCV-PMP/Software/core-v-freertos/kernel/tasks.o (_reclaim_reent)
/home/christian/.riscv/bin/../lib/gcc/riscv32-unknown-elf/7.1.1/../../../../riscv32-unknown-elf/lib/libc.a(lib_a-signal.o)
                              /home/christian/.riscv/bin/../lib/gcc/riscv32-unknown-elf/7.1.1/../../../../riscv32-unknown-elf/lib/libc.a(lib_a-abort.o) (raise)
/home/christian/.riscv/bin/../lib/gcc/riscv32-unknown-elf/7.1.1/../../../../riscv32-unknown-elf/lib/libc.a(lib_a-signalr.o)
                              /home/christian/.riscv/bin/../lib/gcc/riscv32-unknown-elf/7.1.1/../../../../riscv32-unknown-elf/lib/libc.a(lib_a-signal.o) (_kill_r)
/home/christian/.riscv/bin/../lib/gcc/riscv32-unknown-elf/7.1.1/../../../../riscv32-unknown-elf/lib/libc.a(lib_a-strlen.o)
[...]
Memory Configuration

Name             Origin             Length             Attributes
BRAM             0x000000001c000004 0x000000000007fffc
*default*        0x0000000000000000 0xffffffffffffffff

Linker script and memory map

LOAD ../libs/crypto/sbi/libsbi.a
LOAD /home/christian/Documents/CESE/Thesis/FreeRTOS-RISCV-PMP/Software/core-v-freertos/kernel/event_groups.o
LOAD /home/christian/Documents/CESE/Thesis/FreeRTOS-RISCV-PMP/Software/core-v-freertos/kernel/list.o
LOAD /home/christian/Documents/CESE/Thesis/FreeRTOS-RISCV-PMP/Software/core-v-freertos/kernel/queue.o
LOAD /home/christian/Documents/CESE/Thesis/FreeRTOS-RISCV-PMP/Software/core-v-freertos/kernel/stream_buffer.o
LOAD /home/christian/Documents/CESE/Thesis/FreeRTOS-RISCV-PMP/Software/core-v-freertos/kernel/tasks.o
LOAD /home/christian/Documents/CESE/Thesis/FreeRTOS-RISCV-PMP/Software/core-v-freertos/kernel/timers.o
LOAD /home/christian/Documents/CESE/Thesis/FreeRTOS-RISCV-PMP/Software/core-v-freertos/../libs/crypto/sealing_key/sealing_key.o
LOAD /home/christian/Documents/CESE/Thesis/FreeRTOS-RISCV-PMP/Software/core-v-freertos/kernel/portable/GCC/RISC-V/port.o
LOAD /home/christian/Documents/CESE/Thesis/FreeRTOS-RISCV-PMP/Software/core-v-freertos/kernel/portable/GCC/RISC-V/portASM.o
LOAD /home/christian/Documents/CESE/Thesis/FreeRTOS-RISCV-PMP/Software/core-v-freertos/kernel/portable/MemMang/heap_1.o
LOAD /home/christian/Documents/CESE/Thesis/FreeRTOS-RISCV-PMP/Software/core-v-freertos/kernel/portable/Common/mpu_wrappers.o
LOAD /home/christian/Documents/CESE/Thesis/FreeRTOS-RISCV-PMP/Software/core-v-freertos/kernel/portable/GCC/RISC-V/pmp.o
LOAD /home/christian/Documents/CESE/Thesis/FreeRTOS-RISCV-PMP/Software/core-v-freertos/libc/syscalls.o
LOAD /home/christian/Documents/CESE/Thesis/FreeRTOS-RISCV-PMP/Software/core-v-freertos/target/core-v-mcu/crt0.o
LOAD /home/christian/Documents/CESE/Thesis/FreeRTOS-RISCV-PMP/Software/core-v-freertos/target/core-v-mcu/vectors.o
LOAD /home/christian/Documents/CESE/Thesis/FreeRTOS-RISCV-PMP/Software/core-v-freertos/target/core-v-mcu/system_core_v_mcu_metal.o
LOAD /home/christian/Documents/CESE/Thesis/FreeRTOS-RISCV-PMP/Software/core-v-freertos/drivers/timer_irq.o
LOAD /home/christian/Documents/CESE/Thesis/FreeRTOS-RISCV-PMP/Software/core-v-freertos/drivers/irq.o
LOAD /home/christian/Documents/CESE/Thesis/FreeRTOS-RISCV-PMP/Software/core-v-freertos/drivers/gpio.o
LOAD main.o
LOAD blinky_demo/main_blinky.o
LOAD secure_bootloader.o
LOAD ../libs/crypto/ed25519/fe.o
LOAD ../libs/crypto/ed25519/ge.o
LOAD ../libs/crypto/ed25519/keypair.o
LOAD ../libs/crypto/ed25519/sc.o
LOAD ../libs/crypto/ed25519/verify.o
LOAD ../libs/crypto/ed25519/sign.o
LOAD ../libs/crypto/sha3/sha3.o
LOAD ../libs/crypto/hkdf_sha3_512/hkdf_sha3_512.o
LOAD ../libs/crypto/hmac_sha3/hmac_sha3.o
LOAD blinky_demo/tasks/LedTask.o
LOAD blinky_demo/tasks/QueueReceiveTask.o
LOAD blinky_demo/tasks/QueueSendTask.o
LOAD ../libs/crypto/sbi/libsbi.a
LOAD /home/christian/.riscv/bin/../lib/gcc/riscv32-unknown-elf/7.1.1/libgcc.a
LOAD /home/christian/.riscv/bin/../lib/gcc/riscv32-unknown-elf/7.1.1/../../../../riscv32-unknown-elf/lib/libc.a
LOAD /home/christian/.riscv/bin/../lib/gcc/riscv32-unknown-elf/7.1.1/../../../../riscv32-unknown-elf/lib/libm.a
LOAD /home/christian/.riscv/bin/../lib/gcc/riscv32-unknown-elf/7.1.1/libgcc.a
                0x000000001c005000                PROVIDE (__boot_address, 0x1c005000)
                0x0000000000000800                __stack_size = DEFINED (__stack_size)?__stack_size:0x800
                [!provide]                        PROVIDE (__stack_size, __stack_size)
                [0x0000000000000000]                __heap_size = DEFINED (__heap_size)?__heap_size:0x400
                [!provide]                        PROVIDE (__heap_size, __heap_size)
                0x000000001c050000                PROVIDE (__data_start_address, 0x1c050000)

.key_material   0x000000001c000000      0x380
                0x000000001c000000                __secure_boot_start_address__ = .
                0x000000001c000000                __small_secure_boot_start_address__ = .
                0x000000001c000040                . = (. + 0x40)
 *fill*         0x000000001c000000       0x40 
                0x000000001c000040                PROVIDE (FreeRTOS_kernel_hash, .)
                0x000000001c000080                . = (. + 0x40)
 *fill*         0x000000001c000040       0x40 
                0x000000001c000080                PROVIDE (ks_dev_public_key, .)
                0x000000001c0000a0                . = (. + 0x20)
 *fill*         0x000000001c000080       0x20 
                0x000000001c0000a0                PROVIDE (ks_dev_secret_key, .)
                0x000000001c0000e0                . = (. + 0x40)
 *fill*         0x000000001c0000a0       0x40 
                [!provide]                        PROVIDE (ks_signature, .)
                0x000000001c000120                . = (. + 0x40)
 *fill*         0x000000001c0000e0       0x40 
                0x000000001c000120                PROVIDE (ks_freertos_secret_key, .)
                0x000000001c000160                . = (. + 0x40)
 *fill*         0x000000001c000120       0x40 
                0x000000001c000160                PROVIDE (ks_freertos_signature, .)
                0x000000001c0001a0                . = (. + 0x40)
 *fill*         0x000000001c000160       0x40 
                0x000000001c0001a0                PROVIDE (ks_freertos_public_key, .)
                0x000000001c0001e0                . = (. + 0x40)
 *fill*         0x000000001c0001a0       0x40 
                0x000000001c0001e0                PROVIDE (secure_boot_public_key, .)
                0x000000001c0002a0                . = (. + 0xc0)
 *fill*         0x000000001c0001e0       0xc0 
                0x000000001c0002a0                PROVIDE (secure_boot_signature, .)
                0x000000001c000310                . = (. + 0x70)
 *fill*         0x000000001c0002a0       0x70 
                [!provide]                        PROVIDE (secure_boot_private_key, .)
                0x000000001c000380                . = (. + 0x70)
 *fill*         0x000000001c000310       0x70 

.vectors        0x000000001c000800       0x80
                0x000000001c000800                __irq_vector_base = .
                0x000000001c000800                __vector_start = .
 *(.vectors)
 .vectors       0x000000001c000800       0x80 /home/christian/Documents/CESE/Thesis/FreeRTOS-RISCV-PMP/Software/core-v-freertos/target/core-v-mcu/vectors.o
                0x000000001c000880                __small_secure_boot_end_address__ = .

.privileged_functions
                0x000000001c000900     0x4092
 *(privileged_functions)
 privileged_functions
                0x000000001c000900      0x446 /home/christian/Documents/CESE/Thesis/FreeRTOS-RISCV-PMP/Software/core-v-freertos/kernel/event_groups.o
                0x000000001c000900                xEventGroupCreate
                0x000000001c000924                xEventGroupWaitBits
                0x000000001c000a6c                xEventGroupClearBits
                0x000000001c000ad6                vEventGroupClearBitsCallback
                0x000000001c000ad8                xEventGroupClearBitsFromISR
                0x000000001c000aea                xEventGroupSetBits
                0x000000001c000bb6                vEventGroupSetBitsCallback
                0x000000001c000bb8                xEventGroupSetBitsFromISR
                0x000000001c000bca                xEventGroupSync
                0x000000001c000cdc                xEventGroupGetBitsFromISR
                0x000000001c000ce0                vEventGroupDelete
                0x000000001c000d38                uxEventGroupGetNumber
                0x000000001c000d42                vEventGroupSetNumber
 privileged_functions
                0x000000001c000d46      0xe50 /home/christian/Documents/CESE/Thesis/FreeRTOS-RISCV-PMP/Software/core-v-freertos/kernel/queue.o
                0x000000001c000e88                xQueueGenericSend
                0x000000001c001008                xQueuePeek
                0x000000001c001148                xQueuePeekFromISR
                0x000000001c0011c2                xQueueReceive
                0x000000001c001308                uxQueueMessagesWaiting
                0x000000001c001346                uxQueueSpacesAvailable
                0x000000001c00138a                xQueueGenericSendFromISR
                0x000000001c00145a                xQueueGiveFromISR
                0x000000001c001506                xQueueReceiveFromISR
                0x000000001c0015b4                xQueueIsQueueEmptyFromISR
                0x000000001c0015e4                xQueueIsQueueFullFromISR
                0x000000001c001618                uxQueueMessagesWaitingFromISR
                0x000000001c001642                xQueueSemaphoreTake
                0x000000001c0017de                xQueueGetMutexHolder
                0x000000001c001802                xQueueGetMutexHolderFromISR
                0x000000001c001834                xQueueTakeMutexRecursive
                0x000000001c00188e                xQueueGiveMutexRecursive
                0x000000001c0018ee                vQueueAddToRegistry
                0x000000001c00191a                vQueueUnregisterQueue
                0x000000001c001948                vQueueDelete
                0x000000001c001980                pcQueueGetName
                0x000000001c0019aa                vQueueWaitForMessageRestricted
                0x000000001c001a06                xQueueGenericReset
                0x000000001c001a94                xQueueGenericCreate
                0x000000001c001b00                xQueueCreateMutex
                0x000000001c001b32                xQueueCreateCountingSemaphore
                0x000000001c001b88                vQueueSetQueueNumber
                0x000000001c001b8c                uxQueueGetQueueNumber
                0x000000001c001b90                ucQueueGetQueueType
 privileged_functions
                0x000000001c001b96      0x988 /home/christian/Documents/CESE/Thesis/FreeRTOS-RISCV-PMP/Software/core-v-freertos/kernel/stream_buffer.o
                0x000000001c001d5a                xStreamBufferReceive
                0x000000001c001e72                xStreamBufferReceiveFromISR
                0x000000001c001f38                vStreamBufferDelete
                0x000000001c001f74                xStreamBufferIsEmpty
                0x000000001c001fa6                xStreamBufferReset
                0x000000001c002048                xStreamBufferSpacesAvailable
                0x000000001c002084                xStreamBufferSend
                0x000000001c0021d2                xStreamBufferSendFromISR
                0x000000001c002296                xStreamBufferIsFull
                0x000000001c0022d8                xStreamBufferBytesAvailable
                0x000000001c002300                xStreamBufferSetTriggerLevel
                0x000000001c00233a                xStreamBufferSendCompletedFromISR
                0x000000001c002384                xStreamBufferReceiveCompletedFromISR
                0x000000001c0023ce                xStreamBufferGenericCreate
                0x000000001c002498                xStreamBufferNextMessageLengthBytes
                0x000000001c00250e                vStreamBufferSetStreamBufferNumber
                0x000000001c002512                uxStreamBufferGetStreamBufferNumber
                0x000000001c002516                ucStreamBufferGetStreamBufferType
 privileged_functions
                0x000000001c00251e     0x1cfa /home/christian/Documents/CESE/Thesis/FreeRTOS-RISCV-PMP/Software/core-v-freertos/kernel/tasks.o
                0x000000001c0027f6                vTaskAllocateMPURegions
                0x000000001c00280e                uxTaskPriorityGetFromISR
                0x000000001c002820                xTaskResumeFromISR
                0x000000001c0028c2                vTaskEndScheduler
                0x000000001c0028e0                vTaskSuspendAll
                0x000000001c0028f0                xTaskGetTickCountFromISR
                0x000000001c0028fa                uxTaskGetNumberOfTasks
                0x000000001c002908                pcTaskGetName
                0x000000001c002942                xTaskGenericNotifyFromISR
                0x000000001c002a76                vTaskNotifyGiveFromISR
                0x000000001c002b4c                xTaskIncrementTick
                0x000000001c002c74                vTaskPlaceOnEventList
                0x000000001c002cbe                vTaskPlaceOnUnorderedEventList
                0x000000001c002d2c                vTaskPlaceOnEventListRestricted
                0x000000001c002d7e                xTaskRemoveFromEventList
                0x000000001c002e1c                vTaskRemoveFromUnorderedEventList
                0x000000001c002ec6                vTaskSwitchContext
                0x000000001c002f4c                uxTaskResetEventItemValue
                0x000000001c002f68                xTaskGetCurrentTaskHandle
                0x000000001c002f74                vTaskMissedYield
                0x000000001c002f84                xTaskGetSchedulerState
                0x000000001c002f9e                xTaskPriorityInherit
                0x000000001c003048                xTaskPriorityDisinherit
                0x000000001c00310a                vTaskPriorityDisinheritAfterTimeout
                0x000000001c0031f0                uxTaskGetTaskNumber
                0x000000001c0031fc                vTaskSetTaskNumber
                0x000000001c003204                pvTaskIncrementMutexHeldCount
                0x000000001c003224                vTaskInternalSetTimeOutState
                0x000000001c003354                xTaskCreate
                0x000000001c0033c8                vTaskStartScheduler
                0x000000001c00346a                xTaskCreateRestricted
                0x000000001c0034f2                vTaskDelete
                0x000000001c0035ae                uxTaskPriorityGet
                0x000000001c0035d8                eTaskGetState
                0x000000001c003672                vTaskPrioritySet
                0x000000001c00376a                vTaskSuspend
                0x000000001c003832                vTaskResume
                0x000000001c0038de                xTaskResumeAll
                0x000000001c0039ce                vTaskDelay
                0x000000001c003a26                vTaskDelayUntil
                0x000000001c003ad4                vTaskGetInfo
                0x000000001c003c00                xTaskGetHandle
                0x000000001c003cb0                uxTaskGetSystemState
                0x000000001c003d6a                xTaskCatchUpTicks
                0x000000001c003db8                xTaskAbortDelay
                0x000000001c003e6c                xTaskGetTickCount
                0x000000001c003e8a                xTaskGenericNotify
                0x000000001c003fb6                xTaskNotifyWait
                0x000000001c004064                ulTaskNotifyTake
                0x000000001c0040da                ulTaskNotifyValueClear
                0x000000001c00411e                vTaskSetTimeOutState
                0x000000001c004168                xTaskCheckForTimeOut
 privileged_functions
                0x000000001c004218      0x6d6 /home/christian/Documents/CESE/Thesis/FreeRTOS-RISCV-PMP/Software/core-v-freertos/kernel/timers.o
                0x000000001c0042bc                xTimerCreate
                0x000000001c004342                pvTimerGetTimerID
                0x000000001c004380                vTimerSetTimerID
                0x000000001c0043bc                xTimerIsTimerActive
                0x000000001c0043fe                xTimerGetTimerDaemonTaskHandle
                0x000000001c00442e                xTimerPendFunctionCallFromISR
                0x000000001c004456                xTimerPendFunctionCall
                0x000000001c0044a2                pcTimerGetName
                0x000000001c0044cc                vTimerSetReloadMode
                0x000000001c004518                uxTimerGetReloadMode
                0x000000001c00455c                xTimerGetPeriod
                0x000000001c004586                xTimerGetExpiryTime
                0x000000001c0045b0                xTimerCreateTimerTask
                0x000000001c004612                xTimerGenericCommand
                0x000000001c0048e6                vTimerSetTimerNumber
                0x000000001c0048ea                uxTimerGetTimerNumber
 privileged_functions
                0x000000001c0048ee       0xa4 /home/christian/Documents/CESE/Thesis/FreeRTOS-RISCV-PMP/Software/core-v-freertos/kernel/portable/MemMang/heap_1.o
                0x000000001c0048ee                pvPortMalloc
                0x000000001c004956                vPortFree
                0x000000001c00497e                vPortInitialiseBlocks
                0x000000001c004984                xPortGetFreeHeapSize

.text           0x000000001c005000     0x49a8
                0x000000001c005000                __unprivileged_section_start__ = .
 *(.text.start)
 .text.start    0x000000001c005000       0x56 /home/christian/Documents/CESE/Thesis/FreeRTOS-RISCV-PMP/Software/core-v-freertos/target/core-v-mcu/crt0.o
                0x000000001c005000                _start
                0x000000001c005054                _init
                0x000000001c005054                _fini
 *(.text)
 *fill*         0x000000001c005056       0xaa 
 .text          0x000000001c005100      0x64c /home/christian/Documents/CESE/Thesis/FreeRTOS-RISCV-PMP/Software/core-v-freertos/kernel/portable/GCC/RISC-V/portASM.o
                0x000000001c005100                freertos_risc_v_trap_handler
                0x000000001c005400                xPortStartFirstTask
                0x000000001c005500                pxPortAsmInitialiseStack
                0x000000001c005600                xPortRestoreBeforeFirstTask
                0x000000001c005700                xPortMoveISRStackTop
 .text          0x000000001c00574c        0xe /home/christian/.riscv/bin/../lib/gcc/riscv32-unknown-elf/7.1.1/../../../../riscv32-unknown-elf/lib/libc.a(lib_a-abort.o)
                0x000000001c00574c                abort
 .text          0x000000001c00575a       0x44 /home/christian/.riscv/bin/../lib/gcc/riscv32-unknown-elf/7.1.1/../../../../riscv32-unknown-elf/lib/libc.a(lib_a-assert.o)
                0x000000001c00575a                __assert_func
                0x000000001c005794                __assert
 .text          0x000000001c00579e        0xc /home/christian/.riscv/bin/../lib/gcc/riscv32-unknown-elf/7.1.1/../../../../riscv32-unknown-elf/lib/libc.a(lib_a-atexit.o)
                0x000000001c00579e                atexit
 .text          0x000000001c0057aa       0x1e /home/christian/.riscv/bin/../lib/gcc/riscv32-unknown-elf/7.1.1/../../../../riscv32-unknown-elf/lib/libc.a(lib_a-exit.o)
                0x000000001c0057aa                exit
 .text          0x000000001c0057c8       0x4c /home/christian/.riscv/bin/../lib/gcc/riscv32-unknown-elf/7.1.1/../../../../riscv32-unknown-elf/lib/libc.a(lib_a-fini.o)
                0x000000001c0057c8                __libc_fini_array
 .text          0x000000001c005814       0x3e /home/christian/.riscv/bin/../lib/gcc/riscv32-unknown-elf/7.1.1/../../../../riscv32-unknown-elf/lib/libc.a(lib_a-fiprintf.o)
                0x000000001c005814                _fiprintf_r
                0x000000001c00582e                fiprintf
 .text          0x000000001c005852       0x6a /home/christian/.riscv/bin/../lib/gcc/riscv32-unknown-elf/7.1.1/../../../../riscv32-unknown-elf/lib/libc.a(lib_a-init.o)
                0x000000001c005852                __libc_init_array
 .text          0x000000001c0058bc       0x48 /home/christian/.riscv/bin/../lib/gcc/riscv32-unknown-elf/7.1.1/../../../../riscv32-unknown-elf/lib/libc.a(lib_a-iprintf.o)
                0x000000001c0058bc                iprintf
                0x000000001c0058e4                _iprintf_r
 .text          0x000000001c005904       0xbe /home/christian/.riscv/bin/../lib/gcc/riscv32-unknown-elf/7.1.1/../../../../riscv32-unknown-elf/lib/libc.a(lib_a-memcpy.o)
                0x000000001c005904                memcpy
 .text          0x000000001c0059c2       0xa8 /home/christian/.riscv/bin/../lib/gcc/riscv32-unknown-elf/7.1.1/../../../../riscv32-unknown-elf/lib/libc.a(lib_a-memset.o)
                0x000000001c0059c2                memset
 .text          0x000000001c005a6a       0x7c /home/christian/.riscv/bin/../lib/gcc/riscv32-unknown-elf/7.1.1/../../../../riscv32-unknown-elf/lib/libc.a(lib_a-puts.o)
                0x000000001c005a6a                _puts_r
                0x000000001c005ade                puts
 .text          0x000000001c005ae6       0xc6 /home/christian/.riscv/bin/../lib/gcc/riscv32-unknown-elf/7.1.1/../../../../riscv32-unknown-elf/lib/libc.a(lib_a-reent.o)
                0x000000001c005ae6                cleanup_glue
                0x000000001c005b08                _reclaim_reent
 .text          0x000000001c005bac      0x160 /home/christian/.riscv/bin/../lib/gcc/riscv32-unknown-elf/7.1.1/../../../../riscv32-unknown-elf/lib/libc.a(lib_a-signal.o)
                0x000000001c005bac                _init_signal_r
                0x000000001c005bea                _signal_r
                0x000000001c005c30                _raise_r
                0x000000001c005c94                __sigtramp_r
                0x000000001c005cec                raise
                0x000000001c005cf4                signal
                0x000000001c005cfe                _init_signal
                0x000000001c005d04                __sigtramp
 .text          0x000000001c005d0c       0x32 /home/christian/.riscv/bin/../lib/gcc/riscv32-unknown-elf/7.1.1/../../../../riscv32-unknown-elf/lib/libc.a(lib_a-signalr.o)
                0x000000001c005d0c                _kill_r
                0x000000001c005d3a                _getpid_r
 .text          0x000000001c005d3e       0x12 /home/christian/.riscv/bin/../lib/gcc/riscv32-unknown-elf/7.1.1/../../../../riscv32-unknown-elf/lib/libc.a(lib_a-strlen.o)
                0x000000001c005d3e                strlen
 .text          0x000000001c005d50      0xa12 /home/christian/.riscv/bin/../lib/gcc/riscv32-unknown-elf/7.1.1/../../../../riscv32-unknown-elf/lib/libc.a(lib_a-vfiprintf.o)
                0x000000001c005d50                __sprint_r
                0x000000001c005df0                _vfiprintf_r
                0x000000001c0066ca                vfiprintf
 .text          0x000000001c006762       0xd6 /home/christian/.riscv/bin/../lib/gcc/riscv32-unknown-elf/7.1.1/../../../../riscv32-unknown-elf/lib/libc.a(lib_a-wsetup.o)
                0x000000001c006762                __swsetup_r
 .text          0x000000001c006838       0x60 /home/christian/.riscv/bin/../lib/gcc/riscv32-unknown-elf/7.1.1/../../../../riscv32-unknown-elf/lib/libc.a(lib_a-__atexit.o)
                0x000000001c006838                __register_exitproc
 .text          0x000000001c006898       0xaa /home/christian/.riscv/bin/../lib/gcc/riscv32-unknown-elf/7.1.1/../../../../riscv32-unknown-elf/lib/libc.a(lib_a-__call_atexit.o)
                0x000000001c006898                __call_exitprocs
 .text          0x000000001c006942      0x1a2 /home/christian/.riscv/bin/../lib/gcc/riscv32-unknown-elf/7.1.1/../../../../riscv32-unknown-elf/lib/libc.a(lib_a-fflush.o)
                0x000000001c006942                __sflush_r
                0x000000001c006a9c                _fflush_r
                0x000000001c006aca                fflush
 .text          0x000000001c006ae4      0x1d8 /home/christian/.riscv/bin/../lib/gcc/riscv32-unknown-elf/7.1.1/../../../../riscv32-unknown-elf/lib/libc.a(lib_a-findfp.o)
                0x000000001c006ae8                _cleanup_r
                0x000000001c006b62                __sfmoreglue
                0x000000001c006baa                _cleanup
                0x000000001c006bb0                __sinit
                0x000000001c006bfe                __sfp
                0x000000001c006c98                __sfp_lock_acquire
                0x000000001c006c9a                __sfp_lock_release
                0x000000001c006c9c                __sinit_lock_acquire
                0x000000001c006c9e                __sinit_lock_release
                0x000000001c006ca0                __fp_lock_all
                0x000000001c006cae                __fp_unlock_all
 .text          0x000000001c006cbc      0x102 /home/christian/.riscv/bin/../lib/gcc/riscv32-unknown-elf/7.1.1/../../../../riscv32-unknown-elf/lib/libc.a(lib_a-fputwc.o)
                0x000000001c006cbc                __fputwc
                0x000000001c006d74                _fputwc_r
                0x000000001c006d92                fputwc
 .text          0x000000001c006dbe      0x256 /home/christian/.riscv/bin/../lib/gcc/riscv32-unknown-elf/7.1.1/../../../../riscv32-unknown-elf/lib/libc.a(lib_a-freer.o)
                0x000000001c006dbe                _malloc_trim_r
                0x000000001c006e76                _free_r
 .text          0x000000001c007014      0x2e2 /home/christian/.riscv/bin/../lib/gcc/riscv32-unknown-elf/7.1.1/../../../../riscv32-unknown-elf/lib/libc.a(lib_a-fvwrite.o)
                0x000000001c007014                __sfvwrite_r
 .text          0x000000001c0072f6       0xce /home/christian/.riscv/bin/../lib/gcc/riscv32-unknown-elf/7.1.1/../../../../riscv32-unknown-elf/lib/libc.a(lib_a-fwalk.o)
                0x000000001c0072f6                _fwalk
                0x000000001c007358                _fwalk_reent
 .text          0x000000001c0073c4       0x2a /home/christian/.riscv/bin/../lib/gcc/riscv32-unknown-elf/7.1.1/../../../../riscv32-unknown-elf/lib/libc.a(lib_a-localeconv.o)
                0x000000001c0073c4                __localeconv_l
                0x000000001c0073ca                _localeconv_r
                0x000000001c0073dc                localeconv
 .text          0x000000001c0073ee       0x82 /home/christian/.riscv/bin/../lib/gcc/riscv32-unknown-elf/7.1.1/../../../../riscv32-unknown-elf/lib/libc.a(lib_a-locale.o)
                0x000000001c0073ee                _setlocale_r
                0x000000001c00743c                __locale_mb_cur_max
                0x000000001c00744e                __locale_ctype_ptr_l
                0x000000001c007454                __locale_ctype_ptr
                0x000000001c007466                setlocale
 .text          0x000000001c007470      0x104 /home/christian/.riscv/bin/../lib/gcc/riscv32-unknown-elf/7.1.1/../../../../riscv32-unknown-elf/lib/libc.a(lib_a-makebuf.o)
                0x000000001c007470                __swhatbuf_r
                0x000000001c0074d6                __smakebuf_r
 .text          0x000000001c007574      0x492 /home/christian/.riscv/bin/../lib/gcc/riscv32-unknown-elf/7.1.1/../../../../riscv32-unknown-elf/lib/libc.a(lib_a-mallocr.o)
                0x000000001c007574                _malloc_r
 .text          0x000000001c007a06       0x4c /home/christian/.riscv/bin/../lib/gcc/riscv32-unknown-elf/7.1.1/../../../../riscv32-unknown-elf/lib/libc.a(lib_a-mbtowc_r.o)
                0x000000001c007a06                _mbtowc_r
                0x000000001c007a18                __ascii_mbtowc
 .text          0x000000001c007a52       0x1a /home/christian/.riscv/bin/../lib/gcc/riscv32-unknown-elf/7.1.1/../../../../riscv32-unknown-elf/lib/libc.a(lib_a-memchr.o)
                0x000000001c007a52                memchr
 .text          0x000000001c007a6c       0x3e /home/christian/.riscv/bin/../lib/gcc/riscv32-unknown-elf/7.1.1/../../../../riscv32-unknown-elf/lib/libc.a(lib_a-memmove.o)
                0x000000001c007a6c                memmove
 .text          0x000000001c007aaa      0x398 /home/christian/.riscv/bin/../lib/gcc/riscv32-unknown-elf/7.1.1/../../../../riscv32-unknown-elf/lib/libc.a(lib_a-reallocr.o)
                0x000000001c007aaa                _realloc_r
 .text          0x000000001c007e42       0x2c /home/christian/.riscv/bin/../lib/gcc/riscv32-unknown-elf/7.1.1/../../../../riscv32-unknown-elf/lib/libc.a(lib_a-sbrkr.o)
                0x000000001c007e42                _sbrk_r
 .text          0x000000001c007e6e       0xbe /home/christian/.riscv/bin/../lib/gcc/riscv32-unknown-elf/7.1.1/../../../../riscv32-unknown-elf/lib/libc.a(lib_a-stdio.o)
                0x000000001c007e6e                __sread
                0x000000001c007e9e                __seofread
                0x000000001c007ea2                __swrite
                0x000000001c007ef0                __sseek
                0x000000001c007f26                __sclose
 .text          0x000000001c007f2c      0x11e /home/christian/.riscv/bin/../lib/gcc/riscv32-unknown-elf/7.1.1/../../../../riscv32-unknown-elf/lib/libc.a(lib_a-strcmp.o)
                0x000000001c007f2c                strcmp
 .text          0x000000001c00804a       0x30 /home/christian/.riscv/bin/../lib/gcc/riscv32-unknown-elf/7.1.1/../../../../riscv32-unknown-elf/lib/libc.a(lib_a-strncpy.o)
                0x000000001c00804a                strncpy
 .text          0x000000001c00807a       0xc4 /home/christian/.riscv/bin/../lib/gcc/riscv32-unknown-elf/7.1.1/../../../../riscv32-unknown-elf/lib/libc.a(lib_a-wbuf.o)
                0x000000001c00807a                __swbuf_r
                0x000000001c008134                __swbuf
 .text          0x000000001c00813e       0x5c /home/christian/.riscv/bin/../lib/gcc/riscv32-unknown-elf/7.1.1/../../../../riscv32-unknown-elf/lib/libc.a(lib_a-wcrtomb.o)
                0x000000001c00813e                _wcrtomb_r
                0x000000001c00818e                wcrtomb
 .text          0x000000001c00819a       0x32 /home/christian/.riscv/bin/../lib/gcc/riscv32-unknown-elf/7.1.1/../../../../riscv32-unknown-elf/lib/libc.a(lib_a-wctomb_r.o)
                0x000000001c00819a                _wctomb_r
                0x000000001c0081ac                __ascii_wctomb
 .text          0x000000001c0081cc       0x30 /home/christian/.riscv/bin/../lib/gcc/riscv32-unknown-elf/7.1.1/../../../../riscv32-unknown-elf/lib/libc.a(lib_a-writer.o)
                0x000000001c0081cc                _write_r
 .text          0x000000001c0081fc       0x2c /home/christian/.riscv/bin/../lib/gcc/riscv32-unknown-elf/7.1.1/../../../../riscv32-unknown-elf/lib/libc.a(lib_a-closer.o)
                0x000000001c0081fc                _close_r
 .text          0x000000001c008228       0x96 /home/christian/.riscv/bin/../lib/gcc/riscv32-unknown-elf/7.1.1/../../../../riscv32-unknown-elf/lib/libc.a(lib_a-fclose.o)
                0x000000001c008228                _fclose_r
                0x000000001c0082b6                fclose
 .text          0x000000001c0082be       0x2e /home/christian/.riscv/bin/../lib/gcc/riscv32-unknown-elf/7.1.1/../../../../riscv32-unknown-elf/lib/libc.a(lib_a-fstatr.o)
                0x000000001c0082be                _fstat_r
 .text          0x000000001c0082ec       0x2c /home/christian/.riscv/bin/../lib/gcc/riscv32-unknown-elf/7.1.1/../../../../riscv32-unknown-elf/lib/libc.a(lib_a-isattyr.o)
                0x000000001c0082ec                _isatty_r
 .text          0x000000001c008318       0x30 /home/christian/.riscv/bin/../lib/gcc/riscv32-unknown-elf/7.1.1/../../../../riscv32-unknown-elf/lib/libc.a(lib_a-lseekr.o)
                0x000000001c008318                _lseek_r
 .text          0x000000001c008348       0x30 /home/christian/.riscv/bin/../lib/gcc/riscv32-unknown-elf/7.1.1/../../../../riscv32-unknown-elf/lib/libc.a(lib_a-readr.o)
                0x000000001c008348                _read_r
 .text          0x000000001c008378      0x35e /home/christian/.riscv/bin/../lib/gcc/riscv32-unknown-elf/7.1.1/libgcc.a(_udivdi3.o)
                0x000000001c008378                __udivdi3
 .text          0x000000001c0086d6      0x354 /home/christian/.riscv/bin/../lib/gcc/riscv32-unknown-elf/7.1.1/libgcc.a(_umoddi3.o)
                0x000000001c0086d6                __umoddi3
 *(.text.*)
 .text.vListInitialise
                0x000000001c008a2a       0x14 /home/christian/Documents/CESE/Thesis/FreeRTOS-RISCV-PMP/Software/core-v-freertos/kernel/list.o
                0x000000001c008a2a                vListInitialise
 .text.vListInitialiseItem
                0x000000001c008a3e        0x6 /home/christian/Documents/CESE/Thesis/FreeRTOS-RISCV-PMP/Software/core-v-freertos/kernel/list.o
                0x000000001c008a3e                vListInitialiseItem
 .text.vListInsertEnd
                0x000000001c008a44       0x18 /home/christian/Documents/CESE/Thesis/FreeRTOS-RISCV-PMP/Software/core-v-freertos/kernel/list.o
                0x000000001c008a44                vListInsertEnd
 .text.vListInsert
                0x000000001c008a5c       0x2e /home/christian/Documents/CESE/Thesis/FreeRTOS-RISCV-PMP/Software/core-v-freertos/kernel/list.o
                0x000000001c008a5c                vListInsert
 .text.uxListRemove
                0x000000001c008a8a       0x22 /home/christian/Documents/CESE/Thesis/FreeRTOS-RISCV-PMP/Software/core-v-freertos/kernel/list.o
                0x000000001c008a8a                uxListRemove
 .text.prvResetNextTaskUnblockTime
                0x000000001c008aac       0x1e /home/christian/Documents/CESE/Thesis/FreeRTOS-RISCV-PMP/Software/core-v-freertos/kernel/tasks.o
 .text.vTaskEnterCritical
                0x000000001c008aca       0x2a /home/christian/Documents/CESE/Thesis/FreeRTOS-RISCV-PMP/Software/core-v-freertos/kernel/tasks.o
                0x000000001c008aca                vTaskEnterCritical
 .text.vTaskExitCritical
                0x000000001c008af4       0x30 /home/christian/Documents/CESE/Thesis/FreeRTOS-RISCV-PMP/Software/core-v-freertos/kernel/tasks.o
                0x000000001c008af4                vTaskExitCritical
 .text.prvIdleTask
                0x000000001c008b24       0x48 /home/christian/Documents/CESE/Thesis/FreeRTOS-RISCV-PMP/Software/core-v-freertos/kernel/tasks.o
 .text.xTaskNotifyStateClear
                0x000000001c008b6c       0x36 /home/christian/Documents/CESE/Thesis/FreeRTOS-RISCV-PMP/Software/core-v-freertos/kernel/tasks.o
                0x000000001c008b6c                xTaskNotifyStateClear
 .text.xIsPrivileged
                0x000000001c008ba2        0xc /home/christian/Documents/CESE/Thesis/FreeRTOS-RISCV-PMP/Software/core-v-freertos/kernel/portable/GCC/RISC-V/port.o
                0x000000001c008ba2                xIsPrivileged
 .text.xPortFreeRTOSInit
                0x000000001c008bae      0x1b2 /home/christian/Documents/CESE/Thesis/FreeRTOS-RISCV-PMP/Software/core-v-freertos/kernel/portable/GCC/RISC-V/port.o
                0x000000001c008bae                xPortFreeRTOSInit
 .text.vPortPmpSwitch
                0x000000001c008d60      0x118 /home/christian/Documents/CESE/Thesis/FreeRTOS-RISCV-PMP/Software/core-v-freertos/kernel/portable/GCC/RISC-V/port.o
                0x000000001c008d60                vPortPmpSwitch
 .text.xPortStartScheduler
                0x000000001c008e78       0x42 /home/christian/Documents/CESE/Thesis/FreeRTOS-RISCV-PMP/Software/core-v-freertos/kernel/portable/GCC/RISC-V/port.o
                0x000000001c008e78                xPortStartScheduler
 .text.vPortEndScheduler
                0x000000001c008eba        0xa /home/christian/Documents/CESE/Thesis/FreeRTOS-RISCV-PMP/Software/core-v-freertos/kernel/portable/GCC/RISC-V/port.o
                0x000000001c008eba                vPortEndScheduler
 .text.vPortSyscall
                0x000000001c008ec4        0x8 /home/christian/Documents/CESE/Thesis/FreeRTOS-RISCV-PMP/Software/core-v-freertos/kernel/portable/GCC/RISC-V/port.o
                0x000000001c008ec4                vPortSyscall
 .text.vRaisePrivilege
                0x000000001c008ecc       0x18 /home/christian/Documents/CESE/Thesis/FreeRTOS-RISCV-PMP/Software/core-v-freertos/kernel/portable/GCC/RISC-V/port.o
                0x000000001c008ecc                vRaisePrivilege
 .text.vResetPrivilege
                0x000000001c008ee4       0x18 /home/christian/Documents/CESE/Thesis/FreeRTOS-RISCV-PMP/Software/core-v-freertos/kernel/portable/GCC/RISC-V/port.o
                0x000000001c008ee4                vResetPrivilege
 .text.vPortStoreTaskMPUSettings
                0x000000001c008efc      0x2fe /home/christian/Documents/CESE/Thesis/FreeRTOS-RISCV-PMP/Software/core-v-freertos/kernel/portable/GCC/RISC-V/port.o
                0x000000001c008efc                vPortStoreTaskMPUSettings
 .text.xAddMallocPMP
                0x000000001c0091fa      0x104 /home/christian/Documents/CESE/Thesis/FreeRTOS-RISCV-PMP/Software/core-v-freertos/kernel/portable/GCC/RISC-V/port.o
                0x000000001c0091fa                xAddMallocPMP
 .text.xRemoveFreePMP
                0x000000001c0092fe       0xa2 /home/christian/Documents/CESE/Thesis/FreeRTOS-RISCV-PMP/Software/core-v-freertos/kernel/portable/GCC/RISC-V/port.o
                0x000000001c0092fe                xRemoveFreePMP
 .text.vPortUpdatePrivilegeStatus
                0x000000001c0093a0       0x20 /home/christian/Documents/CESE/Thesis/FreeRTOS-RISCV-PMP/Software/core-v-freertos/kernel/portable/GCC/RISC-V/port.o
                0x000000001c0093a0                vPortUpdatePrivilegeStatus
 .text.pxPortInitialiseStack
                0x000000001c0093c0       0x30 /home/christian/Documents/CESE/Thesis/FreeRTOS-RISCV-PMP/Software/core-v-freertos/kernel/portable/GCC/RISC-V/port.o
                0x000000001c0093c0                pxPortInitialiseStack
 .text.vPortResetPrivilege
                0x000000001c0093f0       0x16 /home/christian/Documents/CESE/Thesis/FreeRTOS-RISCV-PMP/Software/core-v-freertos/kernel/portable/Common/mpu_wrappers.o
                0x000000001c0093f0                vPortResetPrivilege
 .text.MPU_pvPmpMalloc
                0x000000001c009406       0x2e /home/christian/Documents/CESE/Thesis/FreeRTOS-RISCV-PMP/Software/core-v-freertos/kernel/portable/Common/mpu_wrappers.o
                0x000000001c009406                MPU_pvPmpMalloc
 .text.MPU_pvPmpFree
                0x000000001c009434       0x1e /home/christian/Documents/CESE/Thesis/FreeRTOS-RISCV-PMP/Software/core-v-freertos/kernel/portable/Common/mpu_wrappers.o
                0x000000001c009434                MPU_pvPmpFree
 .text.write_pmp_config
                0x000000001c009452      0x106 /home/christian/Documents/CESE/Thesis/FreeRTOS-RISCV-PMP/Software/core-v-freertos/kernel/portable/GCC/RISC-V/pmp.o
                0x000000001c009452                write_pmp_config
 .text.read_pmp_config
                0x000000001c009558       0xd6 /home/christian/Documents/CESE/Thesis/FreeRTOS-RISCV-PMP/Software/core-v-freertos/kernel/portable/GCC/RISC-V/pmp.o
                0x000000001c009558                read_pmp_config
 .text.init_pmp
                0x000000001c00962e       0xa2 /home/christian/Documents/CESE/Thesis/FreeRTOS-RISCV-PMP/Software/core-v-freertos/kernel/portable/GCC/RISC-V/pmp.o
                0x000000001c00962e                init_pmp
 .text.addr_modifier
                0x000000001c0096d0       0x1e /home/christian/Documents/CESE/Thesis/FreeRTOS-RISCV-PMP/Software/core-v-freertos/kernel/portable/GCC/RISC-V/pmp.o
                0x000000001c0096d0                addr_modifier
 .text.close    0x000000001c0096ee        0x4 /home/christian/Documents/CESE/Thesis/FreeRTOS-RISCV-PMP/Software/core-v-freertos/libc/syscalls.o
                0x000000001c0096ee                close
 .text._exit    0x000000001c0096f2       0x16 /home/christian/Documents/CESE/Thesis/FreeRTOS-RISCV-PMP/Software/core-v-freertos/libc/syscalls.o
                0x000000001c0096f2                _exit
 .text.fstat    0x000000001c009708        0x8 /home/christian/Documents/CESE/Thesis/FreeRTOS-RISCV-PMP/Software/core-v-freertos/libc/syscalls.o
                0x000000001c009708                fstat
 .text.getpid   0x000000001c009710        0x4 /home/christian/Documents/CESE/Thesis/FreeRTOS-RISCV-PMP/Software/core-v-freertos/libc/syscalls.o
                0x000000001c009710                getpid
 .text.isatty   0x000000001c009714        0x8 /home/christian/Documents/CESE/Thesis/FreeRTOS-RISCV-PMP/Software/core-v-freertos/libc/syscalls.o
                0x000000001c009714                isatty
 .text.kill     0x000000001c00971c        0xa /home/christian/Documents/CESE/Thesis/FreeRTOS-RISCV-PMP/Software/core-v-freertos/libc/syscalls.o
                0x000000001c00971c                kill
 .text.lseek    0x000000001c009726        0x4 /home/christian/Documents/CESE/Thesis/FreeRTOS-RISCV-PMP/Software/core-v-freertos/libc/syscalls.o
                0x000000001c009726                lseek
 .text.read     0x000000001c00972a        0x4 /home/christian/Documents/CESE/Thesis/FreeRTOS-RISCV-PMP/Software/core-v-freertos/libc/syscalls.o
                0x000000001c00972a                read
 .text.write    0x000000001c00972e       0x3a /home/christian/Documents/CESE/Thesis/FreeRTOS-RISCV-PMP/Software/core-v-freertos/libc/syscalls.o
                0x000000001c00972e                write
 .text.sbrk     0x000000001c009768       0x24 /home/christian/Documents/CESE/Thesis/FreeRTOS-RISCV-PMP/Software/core-v-freertos/libc/syscalls.o
                0x000000001c009768                sbrk
 .text.__malloc_lock
                0x000000001c00978c        0x2 /home/christian/Documents/CESE/Thesis/FreeRTOS-RISCV-PMP/Software/core-v-freertos/libc/syscalls.o
                0x000000001c00978c                __malloc_lock
 .text.__malloc_unlock
                0x000000001c00978e        0x2 /home/christian/Documents/CESE/Thesis/FreeRTOS-RISCV-PMP/Software/core-v-freertos/libc/syscalls.o
                0x000000001c00978e                __malloc_unlock
 .text.system_init
                0x000000001c009790        0xe /home/christian/Documents/CESE/Thesis/FreeRTOS-RISCV-PMP/Software/core-v-freertos/target/core-v-mcu/system_core_v_mcu_metal.o
                0x000000001c009790                system_init
 .text.vPortSetupTimerInterrupt
                0x000000001c00979e       0x18 /home/christian/Documents/CESE/Thesis/FreeRTOS-RISCV-PMP/Software/core-v-freertos/target/core-v-mcu/system_core_v_mcu_metal.o
                0x000000001c00979e                vPortSetupTimerInterrupt
 .text.vSystemIrqHandler
                0x000000001c0097b6       0x10 /home/christian/Documents/CESE/Thesis/FreeRTOS-RISCV-PMP/Software/core-v-freertos/target/core-v-mcu/system_core_v_mcu_metal.o
                0x000000001c0097b6                vSystemIrqHandler
 .text.timer_irq_init
                0x000000001c0097c6       0x10 /home/christian/Documents/CESE/Thesis/FreeRTOS-RISCV-PMP/Software/core-v-freertos/drivers/timer_irq.o
                0x000000001c0097c6                timer_irq_init
 .text.irq_enable
                0x000000001c0097d6        0xc /home/christian/Documents/CESE/Thesis/FreeRTOS-RISCV-PMP/Software/core-v-freertos/drivers/irq.o
                0x000000001c0097d6                irq_enable
 .text.irq_disable
                0x000000001c0097e2       0x12 /home/christian/Documents/CESE/Thesis/FreeRTOS-RISCV-PMP/Software/core-v-freertos/drivers/irq.o
                0x000000001c0097e2                irq_disable
 .text.irq_clint_enable
                0x000000001c0097f4        0x6 /home/christian/Documents/CESE/Thesis/FreeRTOS-RISCV-PMP/Software/core-v-freertos/drivers/irq.o
                0x000000001c0097f4                irq_clint_enable
 .text.gpio_pin_toggle
                0x000000001c0097fa       0x14 /home/christian/Documents/CESE/Thesis/FreeRTOS-RISCV-PMP/Software/core-v-freertos/drivers/gpio.o
                0x000000001c0097fa                gpio_pin_toggle
 .text.startup.main
                0x000000001c00980e       0x2e main.o
                0x000000001c00980e                main
 .text.vToggleLED
                0x000000001c00983c       0x10 main.o
                0x000000001c00983c                vToggleLED
 .text.vApplicationMallocFailedHook
                0x000000001c00984c       0x1a main.o
                0x000000001c00984c                vApplicationMallocFailedHook
 .text.vApplicationIdleHook
                0x000000001c009866        0x2 main.o
                0x000000001c009866                vApplicationIdleHook
 .text.vApplicationTickHook
                0x000000001c009868        0x2 main.o
                0x000000001c009868                vApplicationTickHook
 .text.main_blinky
                0x000000001c00986a      0x13e blinky_demo/main_blinky.o
                0x000000001c00986a                main_blinky
                0x000000001c0099a8                . = ALIGN (0x4)
 *fill*         0x000000001c0099a8        0x0 
                0x000000001c0099a8                __secure_boot_end_address__ = .

freertos_system_calls
                0x000000001c0099a8      0xc5c
                [!provide]                        PROVIDE (__start_freertos_system_calls, .)
 freertos_system_calls
                0x000000001c0099a8      0xc5c /home/christian/Documents/CESE/Thesis/FreeRTOS-RISCV-PMP/Software/core-v-freertos/kernel/portable/Common/mpu_wrappers.o
                0x000000001c0099a8                xPortRaisePrivilege
                0x000000001c0099c4                MPU_xTaskCreate
                0x000000001c009a02                MPU_xTaskCreateRestricted
                0x000000001c009a2c                MPU_vTaskAllocateMPURegions
                0x000000001c009a50                MPU_vTaskDelete
                0x000000001c009a70                MPU_vTaskDelay
                0x000000001c009a90                MPU_vTaskDelayUntil
                0x000000001c009ab4                MPU_xTaskAbortDelay
                0x000000001c009ada                MPU_uxTaskPriorityGet
                0x000000001c009b02                MPU_eTaskGetState
                0x000000001c009b2a                MPU_vTaskGetInfo
                0x000000001c009b58                MPU_vTaskPrioritySet
                0x000000001c009b7e                MPU_vTaskSuspend
                0x000000001c009ba0                MPU_vTaskResume
                0x000000001c009bc2                MPU_vTaskSuspendAll
                0x000000001c009bd8                MPU_xTaskResumeAll
                0x000000001c009bfc                MPU_xTaskGetTickCount
                0x000000001c009c20                MPU_uxTaskGetNumberOfTasks
                0x000000001c009c44                MPU_pcTaskGetName
                0x000000001c009c6c                MPU_xTaskGetHandle
                0x000000001c009c94                MPU_uxTaskGetSystemState
                0x000000001c009cc4                MPU_xTaskGenericNotify
                0x000000001c009cf8                MPU_xTaskNotifyWait
                0x000000001c009d2c                MPU_ulTaskNotifyTake
                0x000000001c009d58                MPU_xTaskNotifyStateClear
                0x000000001c009d80                MPU_ulTaskNotifyValueClear
                0x000000001c009dac                MPU_vTaskSetTimeOutState
                0x000000001c009dce                MPU_xTaskCheckForTimeOut
                0x000000001c009dfa                MPU_xTaskCatchUpTicks
                0x000000001c009e22                MPU_xQueueGenericSend
                0x000000001c009e56                MPU_xQueueReceive
                0x000000001c009e86                MPU_xQueuePeek
                0x000000001c009eb6                MPU_xQueueSemaphoreTake
                0x000000001c009ee2                MPU_uxQueueMessagesWaiting
                0x000000001c009f0a                MPU_uxQueueSpacesAvailable
                0x000000001c009f32                MPU_vQueueDelete
                0x000000001c009f54                MPU_xQueueCreateMutex
                0x000000001c009f7c                MPU_xQueueCreateCountingSemaphore
                0x000000001c009fa8                MPU_xQueueGetMutexHolder
                0x000000001c009fd0                MPU_xQueueTakeMutexRecursive
                0x000000001c009ffc                MPU_xQueueGiveMutexRecursive
                0x000000001c00a024                MPU_vQueueAddToRegistry
                0x000000001c00a04a                MPU_vQueueUnregisterQueue
                0x000000001c00a06c                MPU_pcQueueGetName
                0x000000001c00a094                MPU_xQueueGenericCreate
                0x000000001c00a0c4                MPU_xQueueGenericReset
                0x000000001c00a0f0                MPU_xTimerCreate
                0x000000001c00a128                MPU_pvTimerGetTimerID
                0x000000001c00a150                MPU_vTimerSetTimerID
                0x000000001c00a176                MPU_xTimerIsTimerActive
                0x000000001c00a19e                MPU_xTimerGetTimerDaemonTaskHandle
                0x000000001c00a1c2                MPU_xTimerPendFunctionCall
                0x000000001c00a1f8                MPU_pcTimerGetName
                0x000000001c00a222                MPU_vTimerSetReloadMode
                0x000000001c00a24a                MPU_uxTimerGetReloadMode
                0x000000001c00a274                MPU_xTimerGetPeriod
                0x000000001c00a29e                MPU_xTimerGetExpiryTime
                0x000000001c00a2c8                MPU_xTimerGenericCommand
                0x000000001c00a302                MPU_xEventGroupCreate
                0x000000001c00a328                MPU_xEventGroupWaitBits
                0x000000001c00a362                MPU_xEventGroupClearBits
                0x000000001c00a390                MPU_xEventGroupSetBits
                0x000000001c00a3be                MPU_xEventGroupSync
                0x000000001c00a3f4                MPU_vEventGroupDelete
                0x000000001c00a418                MPU_xStreamBufferSend
                0x000000001c00a44e                MPU_xStreamBufferReceive
                0x000000001c00a484                MPU_xStreamBufferNextMessageLengthBytes
                0x000000001c00a4ae                MPU_vStreamBufferDelete
                0x000000001c00a4d2                MPU_xStreamBufferIsFull
                0x000000001c00a4fc                MPU_xStreamBufferIsEmpty
                0x000000001c00a526                MPU_xStreamBufferReset
                0x000000001c00a550                MPU_xStreamBufferSpacesAvailable
                0x000000001c00a57a                MPU_xStreamBufferBytesAvailable
                0x000000001c00a5a4                MPU_xStreamBufferSetTriggerLevel
                0x000000001c00a5d2                MPU_xStreamBufferGenericCreate
                [!provide]                        PROVIDE (__stop_freertos_system_calls, .)

.rodata         0x000000001c050000     0x1860
 *(.rodata.*)
 *fill*         0x000000001c050000        0x0 
 .rodata.__func__.2696
                0x000000001c050000       0x10 /home/christian/Documents/CESE/Thesis/FreeRTOS-RISCV-PMP/Software/core-v-freertos/kernel/event_groups.o
 .rodata.__func__.2710
                0x000000001c050010       0x14 /home/christian/Documents/CESE/Thesis/FreeRTOS-RISCV-PMP/Software/core-v-freertos/kernel/event_groups.o
 .rodata.__func__.2718
                0x000000001c050024       0x15 /home/christian/Documents/CESE/Thesis/FreeRTOS-RISCV-PMP/Software/core-v-freertos/kernel/event_groups.o
 *fill*         0x000000001c050039        0x3 
 .rodata.__func__.2743
                0x000000001c05003c       0x13 /home/christian/Documents/CESE/Thesis/FreeRTOS-RISCV-PMP/Software/core-v-freertos/kernel/event_groups.o
 *fill*         0x000000001c05004f        0x1 
 .rodata.__func__.2752
                0x000000001c050050       0x12 /home/christian/Documents/CESE/Thesis/FreeRTOS-RISCV-PMP/Software/core-v-freertos/kernel/event_groups.o
 *fill*         0x000000001c050062        0x2 
 .rodata.str1.4
                0x000000001c050064      0x152 /home/christian/Documents/CESE/Thesis/FreeRTOS-RISCV-PMP/Software/core-v-freertos/kernel/event_groups.o
                                        0x156 (size before relaxing)
 *fill*         0x000000001c0501b6        0x2 
 .rodata.__func__.2938
                0x000000001c0501b8       0x13 /home/christian/Documents/CESE/Thesis/FreeRTOS-RISCV-PMP/Software/core-v-freertos/kernel/queue.o
 *fill*         0x000000001c0501cb        0x1 
 .rodata.__func__.2947
                0x000000001c0501cc       0x14 /home/christian/Documents/CESE/Thesis/FreeRTOS-RISCV-PMP/Software/core-v-freertos/kernel/queue.o
 .rodata.__func__.2973
                0x000000001c0501e0       0x1c /home/christian/Documents/CESE/Thesis/FreeRTOS-RISCV-PMP/Software/core-v-freertos/kernel/queue.o
 .rodata.__func__.2979
                0x000000001c0501fc       0x19 /home/christian/Documents/CESE/Thesis/FreeRTOS-RISCV-PMP/Software/core-v-freertos/kernel/queue.o
 *fill*         0x000000001c050215        0x3 
 .rodata.__func__.2986
                0x000000001c050218       0x19 /home/christian/Documents/CESE/Thesis/FreeRTOS-RISCV-PMP/Software/core-v-freertos/kernel/queue.o
 *fill*         0x000000001c050231        0x3 
 .rodata.__func__.2992
                0x000000001c050234       0x1e /home/christian/Documents/CESE/Thesis/FreeRTOS-RISCV-PMP/Software/core-v-freertos/kernel/queue.o
 *fill*         0x000000001c050252        0x2 
 .rodata.__func__.3003
                0x000000001c050254       0x12 /home/christian/Documents/CESE/Thesis/FreeRTOS-RISCV-PMP/Software/core-v-freertos/kernel/queue.o
 *fill*         0x000000001c050266        0x2 
 .rodata.__func__.3014
                0x000000001c050268       0x19 /home/christian/Documents/CESE/Thesis/FreeRTOS-RISCV-PMP/Software/core-v-freertos/kernel/queue.o
 *fill*         0x000000001c050281        0x3 
 .rodata.__func__.3024
                0x000000001c050284       0x12 /home/christian/Documents/CESE/Thesis/FreeRTOS-RISCV-PMP/Software/core-v-freertos/kernel/queue.o
 *fill*         0x000000001c050296        0x2 
 .rodata.__func__.3035
                0x000000001c050298        0xe /home/christian/Documents/CESE/Thesis/FreeRTOS-RISCV-PMP/Software/core-v-freertos/kernel/queue.o
 *fill*         0x000000001c0502a6        0x2 
 .rodata.__func__.3046
                0x000000001c0502a8       0x14 /home/christian/Documents/CESE/Thesis/FreeRTOS-RISCV-PMP/Software/core-v-freertos/kernel/queue.o
 .rodata.__func__.3059
                0x000000001c0502bc        0xb /home/christian/Documents/CESE/Thesis/FreeRTOS-RISCV-PMP/Software/core-v-freertos/kernel/queue.o
 *fill*         0x000000001c0502c7        0x1 
 .rodata.__func__.3070
                0x000000001c0502c8       0x15 /home/christian/Documents/CESE/Thesis/FreeRTOS-RISCV-PMP/Software/core-v-freertos/kernel/queue.o
 *fill*         0x000000001c0502dd        0x3 
 .rodata.__func__.3081
                0x000000001c0502e0       0x12 /home/christian/Documents/CESE/Thesis/FreeRTOS-RISCV-PMP/Software/core-v-freertos/kernel/queue.o
 *fill*         0x000000001c0502f2        0x2 
 .rodata.__func__.3086
                0x000000001c0502f4       0x17 /home/christian/Documents/CESE/Thesis/FreeRTOS-RISCV-PMP/Software/core-v-freertos/kernel/queue.o
 *fill*         0x000000001c05030b        0x1 
 .rodata.__func__.3092
                0x000000001c05030c       0x17 /home/christian/Documents/CESE/Thesis/FreeRTOS-RISCV-PMP/Software/core-v-freertos/kernel/queue.o
 *fill*         0x000000001c050323        0x1 
 .rodata.__func__.3098
                0x000000001c050324       0x1e /home/christian/Documents/CESE/Thesis/FreeRTOS-RISCV-PMP/Software/core-v-freertos/kernel/queue.o
 *fill*         0x000000001c050342        0x2 
 .rodata.__func__.3103
                0x000000001c050344        0xd /home/christian/Documents/CESE/Thesis/FreeRTOS-RISCV-PMP/Software/core-v-freertos/kernel/queue.o
 *fill*         0x000000001c050351        0x3 
 .rodata.__func__.3149
                0x000000001c050354       0x1a /home/christian/Documents/CESE/Thesis/FreeRTOS-RISCV-PMP/Software/core-v-freertos/kernel/queue.o
 *fill*         0x000000001c05036e        0x2 
 .rodata.__func__.3159
                0x000000001c050370       0x19 /home/christian/Documents/CESE/Thesis/FreeRTOS-RISCV-PMP/Software/core-v-freertos/kernel/queue.o
 *fill*         0x000000001c050389        0x3 
 .rodata.str1.4
                0x000000001c05038c      0x2a5 /home/christian/Documents/CESE/Thesis/FreeRTOS-RISCV-PMP/Software/core-v-freertos/kernel/queue.o
                                        0x2fd (size before relaxing)
 *fill*         0x000000001c050631        0x3 
 .rodata.__func__.2455
                0x000000001c050634       0x1b /home/christian/Documents/CESE/Thesis/FreeRTOS-RISCV-PMP/Software/core-v-freertos/kernel/stream_buffer.o
 *fill*         0x000000001c05064f        0x1 
 .rodata.__func__.2460
                0x000000001c050650       0x14 /home/christian/Documents/CESE/Thesis/FreeRTOS-RISCV-PMP/Software/core-v-freertos/kernel/stream_buffer.o
 .rodata.__func__.2467
                0x000000001c050664       0x13 /home/christian/Documents/CESE/Thesis/FreeRTOS-RISCV-PMP/Software/core-v-freertos/kernel/stream_buffer.o
 *fill*         0x000000001c050677        0x1 
 .rodata.__func__.2474
                0x000000001c050678       0x1d /home/christian/Documents/CESE/Thesis/FreeRTOS-RISCV-PMP/Software/core-v-freertos/kernel/stream_buffer.o
 *fill*         0x000000001c050695        0x3 
 .rodata.__func__.2480
                0x000000001c050698       0x1d /home/christian/Documents/CESE/Thesis/FreeRTOS-RISCV-PMP/Software/core-v-freertos/kernel/stream_buffer.o
 *fill*         0x000000001c0506b5        0x3 
 .rodata.__func__.2486
                0x000000001c0506b8       0x1c /home/christian/Documents/CESE/Thesis/FreeRTOS-RISCV-PMP/Software/core-v-freertos/kernel/stream_buffer.o
 .rodata.__func__.2498
                0x000000001c0506d4       0x12 /home/christian/Documents/CESE/Thesis/FreeRTOS-RISCV-PMP/Software/core-v-freertos/kernel/stream_buffer.o
 *fill*         0x000000001c0506e6        0x2 
 .rodata.__func__.2511
                0x000000001c0506e8       0x19 /home/christian/Documents/CESE/Thesis/FreeRTOS-RISCV-PMP/Software/core-v-freertos/kernel/stream_buffer.o
 *fill*         0x000000001c050701        0x3 
 .rodata.__func__.2532
                0x000000001c050704       0x15 /home/christian/Documents/CESE/Thesis/FreeRTOS-RISCV-PMP/Software/core-v-freertos/kernel/stream_buffer.o
 *fill*         0x000000001c050719        0x3 
 .rodata.__func__.2541
                0x000000001c05071c       0x24 /home/christian/Documents/CESE/Thesis/FreeRTOS-RISCV-PMP/Software/core-v-freertos/kernel/stream_buffer.o
 .rodata.__func__.2552
                0x000000001c050740       0x1c /home/christian/Documents/CESE/Thesis/FreeRTOS-RISCV-PMP/Software/core-v-freertos/kernel/stream_buffer.o
 .rodata.__func__.2571
                0x000000001c05075c       0x15 /home/christian/Documents/CESE/Thesis/FreeRTOS-RISCV-PMP/Software/core-v-freertos/kernel/stream_buffer.o
 *fill*         0x000000001c050771        0x3 
 .rodata.__func__.2578
                0x000000001c050774       0x14 /home/christian/Documents/CESE/Thesis/FreeRTOS-RISCV-PMP/Software/core-v-freertos/kernel/stream_buffer.o
 .rodata.__func__.2586
                0x000000001c050788       0x22 /home/christian/Documents/CESE/Thesis/FreeRTOS-RISCV-PMP/Software/core-v-freertos/kernel/stream_buffer.o
 *fill*         0x000000001c0507aa        0x2 
 .rodata.__func__.2594
                0x000000001c0507ac       0x25 /home/christian/Documents/CESE/Thesis/FreeRTOS-RISCV-PMP/Software/core-v-freertos/kernel/stream_buffer.o
 *fill*         0x000000001c0507d1        0x3 
 .rodata.__func__.2602
                0x000000001c0507d4       0x16 /home/christian/Documents/CESE/Thesis/FreeRTOS-RISCV-PMP/Software/core-v-freertos/kernel/stream_buffer.o
 *fill*         0x000000001c0507ea        0x2 
 .rodata.__func__.2612
                0x000000001c0507ec       0x17 /home/christian/Documents/CESE/Thesis/FreeRTOS-RISCV-PMP/Software/core-v-freertos/kernel/stream_buffer.o
 *fill*         0x000000001c050803        0x1 
 .rodata.__func__.2625
                0x000000001c050804       0x1d /home/christian/Documents/CESE/Thesis/FreeRTOS-RISCV-PMP/Software/core-v-freertos/kernel/stream_buffer.o
 *fill*         0x000000001c050821        0x3 
 .rodata.str1.4
                0x000000001c050824      0x26d /home/christian/Documents/CESE/Thesis/FreeRTOS-RISCV-PMP/Software/core-v-freertos/kernel/stream_buffer.o
                                        0x271 (size before relaxing)
 *fill*         0x000000001c050a91        0x3 
 .rodata.__func__.2997
                0x000000001c050a94       0x16 /home/christian/Documents/CESE/Thesis/FreeRTOS-RISCV-PMP/Software/core-v-freertos/kernel/tasks.o
 *fill*         0x000000001c050aaa        0x2 
 .rodata.__func__.3036
                0x000000001c050aac        0xc /home/christian/Documents/CESE/Thesis/FreeRTOS-RISCV-PMP/Software/core-v-freertos/kernel/tasks.o
 .rodata.__func__.3044
                0x000000001c050ab8       0x10 /home/christian/Documents/CESE/Thesis/FreeRTOS-RISCV-PMP/Software/core-v-freertos/kernel/tasks.o
 .rodata.__func__.3050
                0x000000001c050ac8        0xb /home/christian/Documents/CESE/Thesis/FreeRTOS-RISCV-PMP/Software/core-v-freertos/kernel/tasks.o
 *fill*         0x000000001c050ad3        0x1 
 .rodata.__func__.3059
                0x000000001c050ad4        0xe /home/christian/Documents/CESE/Thesis/FreeRTOS-RISCV-PMP/Software/core-v-freertos/kernel/tasks.o
 *fill*         0x000000001c050ae2        0x2 
 .rodata.__func__.3079
                0x000000001c050ae4       0x11 /home/christian/Documents/CESE/Thesis/FreeRTOS-RISCV-PMP/Software/core-v-freertos/kernel/tasks.o
 *fill*         0x000000001c050af5        0x3 
 .rodata.__func__.3084
                0x000000001c050af8        0xd /home/christian/Documents/CESE/Thesis/FreeRTOS-RISCV-PMP/Software/core-v-freertos/kernel/tasks.o
 *fill*         0x000000001c050b05        0x3 
 .rodata.__func__.3090
                0x000000001c050b08       0x17 /home/christian/Documents/CESE/Thesis/FreeRTOS-RISCV-PMP/Software/core-v-freertos/kernel/tasks.o
 *fill*         0x000000001c050b1f        0x1 
 .rodata.__func__.3095
                0x000000001c050b20        0xc /home/christian/Documents/CESE/Thesis/FreeRTOS-RISCV-PMP/Software/core-v-freertos/kernel/tasks.o
 .rodata.__func__.3102
                0x000000001c050b2c       0x13 /home/christian/Documents/CESE/Thesis/FreeRTOS-RISCV-PMP/Software/core-v-freertos/kernel/tasks.o
 *fill*         0x000000001c050b3f        0x1 
 .rodata.__func__.3107
                0x000000001c050b40       0x14 /home/christian/Documents/CESE/Thesis/FreeRTOS-RISCV-PMP/Software/core-v-freertos/kernel/tasks.o
 .rodata.__func__.3119
                0x000000001c050b54        0xf /home/christian/Documents/CESE/Thesis/FreeRTOS-RISCV-PMP/Software/core-v-freertos/kernel/tasks.o
 *fill*         0x000000001c050b63        0x1 
 .rodata.__func__.3142
                0x000000001c050b64        0xe /home/christian/Documents/CESE/Thesis/FreeRTOS-RISCV-PMP/Software/core-v-freertos/kernel/tasks.o
 *fill*         0x000000001c050b72        0x2 
 .rodata.__func__.3178
                0x000000001c050b74        0xf /home/christian/Documents/CESE/Thesis/FreeRTOS-RISCV-PMP/Software/core-v-freertos/kernel/tasks.o
 *fill*         0x000000001c050b83        0x1 
 .rodata.__func__.3194
                0x000000001c050b84       0x12 /home/christian/Documents/CESE/Thesis/FreeRTOS-RISCV-PMP/Software/core-v-freertos/kernel/tasks.o
 *fill*         0x000000001c050b96        0x2 
 .rodata.__func__.3200
                0x000000001c050b98       0x10 /home/christian/Documents/CESE/Thesis/FreeRTOS-RISCV-PMP/Software/core-v-freertos/kernel/tasks.o
 .rodata.__func__.3209
                0x000000001c050ba8       0x13 /home/christian/Documents/CESE/Thesis/FreeRTOS-RISCV-PMP/Software/core-v-freertos/kernel/tasks.o
 *fill*         0x000000001c050bbb        0x1 
 .rodata.__func__.3216
                0x000000001c050bbc       0x13 /home/christian/Documents/CESE/Thesis/FreeRTOS-RISCV-PMP/Software/core-v-freertos/kernel/tasks.o
 *fill*         0x000000001c050bcf        0x1 
 .rodata.__func__.3225
                0x000000001c050bd0       0x16 /home/christian/Documents/CESE/Thesis/FreeRTOS-RISCV-PMP/Software/core-v-freertos/kernel/tasks.o
 *fill*         0x000000001c050be6        0x2 
 .rodata.__func__.3231
                0x000000001c050be8       0x1f /home/christian/Documents/CESE/Thesis/FreeRTOS-RISCV-PMP/Software/core-v-freertos/kernel/tasks.o
 *fill*         0x000000001c050c07        0x1 
 .rodata.__func__.3237
                0x000000001c050c08       0x20 /home/christian/Documents/CESE/Thesis/FreeRTOS-RISCV-PMP/Software/core-v-freertos/kernel/tasks.o
 .rodata.__func__.3243
                0x000000001c050c28       0x19 /home/christian/Documents/CESE/Thesis/FreeRTOS-RISCV-PMP/Software/core-v-freertos/kernel/tasks.o
 *fill*         0x000000001c050c41        0x3 
 .rodata.__func__.3249
                0x000000001c050c44       0x22 /home/christian/Documents/CESE/Thesis/FreeRTOS-RISCV-PMP/Software/core-v-freertos/kernel/tasks.o
 *fill*         0x000000001c050c66        0x2 
 .rodata.__func__.3253
                0x000000001c050c68       0x15 /home/christian/Documents/CESE/Thesis/FreeRTOS-RISCV-PMP/Software/core-v-freertos/kernel/tasks.o
 *fill*         0x000000001c050c7d        0x3 
 .rodata.__func__.3262
                0x000000001c050c80       0x15 /home/christian/Documents/CESE/Thesis/FreeRTOS-RISCV-PMP/Software/core-v-freertos/kernel/tasks.o
 *fill*         0x000000001c050c95        0x3 
 .rodata.__func__.3333
                0x000000001c050c98        0xd /home/christian/Documents/CESE/Thesis/FreeRTOS-RISCV-PMP/Software/core-v-freertos/kernel/tasks.o
 *fill*         0x000000001c050ca5        0x3 
 .rodata.__func__.3356
                0x000000001c050ca8       0x18 /home/christian/Documents/CESE/Thesis/FreeRTOS-RISCV-PMP/Software/core-v-freertos/kernel/tasks.o
 .rodata.__func__.3365
                0x000000001c050cc0       0x24 /home/christian/Documents/CESE/Thesis/FreeRTOS-RISCV-PMP/Software/core-v-freertos/kernel/tasks.o
 .rodata.__func__.3400
                0x000000001c050ce4       0x13 /home/christian/Documents/CESE/Thesis/FreeRTOS-RISCV-PMP/Software/core-v-freertos/kernel/tasks.o
 *fill*         0x000000001c050cf7        0x1 
 .rodata.__func__.3419
                0x000000001c050cf8       0x1a /home/christian/Documents/CESE/Thesis/FreeRTOS-RISCV-PMP/Software/core-v-freertos/kernel/tasks.o
 *fill*         0x000000001c050d12        0x2 
 .rodata.__func__.3434
                0x000000001c050d14       0x17 /home/christian/Documents/CESE/Thesis/FreeRTOS-RISCV-PMP/Software/core-v-freertos/kernel/tasks.o
 *fill*         0x000000001c050d2b        0x1 
 .rodata.str1.4
                0x000000001c050d2c      0x2f6 /home/christian/Documents/CESE/Thesis/FreeRTOS-RISCV-PMP/Software/core-v-freertos/kernel/tasks.o
                                        0x2fa (size before relaxing)
 *fill*         0x000000001c051022        0x2 
 .rodata.__func__.2816
                0x000000001c051024       0x16 /home/christian/Documents/CESE/Thesis/FreeRTOS-RISCV-PMP/Software/core-v-freertos/kernel/timers.o
 *fill*         0x000000001c05103a        0x2 
 .rodata.__func__.2833
                0x000000001c05103c       0x16 /home/christian/Documents/CESE/Thesis/FreeRTOS-RISCV-PMP/Software/core-v-freertos/kernel/timers.o
 *fill*         0x000000001c051052        0x2 
 .rodata.__func__.2843
                0x000000001c051054       0x15 /home/christian/Documents/CESE/Thesis/FreeRTOS-RISCV-PMP/Software/core-v-freertos/kernel/timers.o
 *fill*         0x000000001c051069        0x3 
 .rodata.__func__.2847
                0x000000001c05106c       0x1f /home/christian/Documents/CESE/Thesis/FreeRTOS-RISCV-PMP/Software/core-v-freertos/kernel/timers.o
 *fill*         0x000000001c05108b        0x1 
 .rodata.__func__.2852
                0x000000001c05108c       0x10 /home/christian/Documents/CESE/Thesis/FreeRTOS-RISCV-PMP/Software/core-v-freertos/kernel/timers.o
 .rodata.__func__.2858
                0x000000001c05109c       0x14 /home/christian/Documents/CESE/Thesis/FreeRTOS-RISCV-PMP/Software/core-v-freertos/kernel/timers.o
 .rodata.__func__.2864
                0x000000001c0510b0       0x15 /home/christian/Documents/CESE/Thesis/FreeRTOS-RISCV-PMP/Software/core-v-freertos/kernel/timers.o
 *fill*         0x000000001c0510c5        0x3 
 .rodata.__func__.2870
                0x000000001c0510c8       0x14 /home/christian/Documents/CESE/Thesis/FreeRTOS-RISCV-PMP/Software/core-v-freertos/kernel/timers.o
 .rodata.__func__.2875
                0x000000001c0510dc        0xf /home/christian/Documents/CESE/Thesis/FreeRTOS-RISCV-PMP/Software/core-v-freertos/kernel/timers.o
 *fill*         0x000000001c0510eb        0x1 
 .rodata.__func__.2882
                0x000000001c0510ec       0x17 /home/christian/Documents/CESE/Thesis/FreeRTOS-RISCV-PMP/Software/core-v-freertos/kernel/timers.o
 *fill*         0x000000001c051103        0x1 
 .rodata.__func__.2920
                0x000000001c051104       0x1b /home/christian/Documents/CESE/Thesis/FreeRTOS-RISCV-PMP/Software/core-v-freertos/kernel/timers.o
 *fill*         0x000000001c05111f        0x1 
 .rodata.__func__.2944
                0x000000001c051120       0x14 /home/christian/Documents/CESE/Thesis/FreeRTOS-RISCV-PMP/Software/core-v-freertos/kernel/timers.o
 .rodata.__func__.2956
                0x000000001c051134       0x14 /home/christian/Documents/CESE/Thesis/FreeRTOS-RISCV-PMP/Software/core-v-freertos/kernel/timers.o
 .rodata.__func__.2962
                0x000000001c051148       0x12 /home/christian/Documents/CESE/Thesis/FreeRTOS-RISCV-PMP/Software/core-v-freertos/kernel/timers.o
 *fill*         0x000000001c05115a        0x2 
 .rodata.__func__.2968
                0x000000001c05115c       0x11 /home/christian/Documents/CESE/Thesis/FreeRTOS-RISCV-PMP/Software/core-v-freertos/kernel/timers.o
 *fill*         0x000000001c05116d        0x3 
 .rodata.__func__.2985
                0x000000001c051170       0x17 /home/christian/Documents/CESE/Thesis/FreeRTOS-RISCV-PMP/Software/core-v-freertos/kernel/timers.o
 *fill*         0x000000001c051187        0x1 
 .rodata.str1.4
                0x000000001c051188       0x99 /home/christian/Documents/CESE/Thesis/FreeRTOS-RISCV-PMP/Software/core-v-freertos/kernel/timers.o
                                         0x9d (size before relaxing)
 *fill*         0x000000001c051221        0x3 
 .rodata.__func__.3151
                0x000000001c051224        0xc /home/christian/Documents/CESE/Thesis/FreeRTOS-RISCV-PMP/Software/core-v-freertos/kernel/portable/GCC/RISC-V/port.o
 .rodata.__func__.3164
                0x000000001c051230       0x12 /home/christian/Documents/CESE/Thesis/FreeRTOS-RISCV-PMP/Software/core-v-freertos/kernel/portable/GCC/RISC-V/port.o
 *fill*         0x000000001c051242        0x2 
 .rodata.__func__.3185
                0x000000001c051244       0x14 /home/christian/Documents/CESE/Thesis/FreeRTOS-RISCV-PMP/Software/core-v-freertos/kernel/portable/GCC/RISC-V/port.o
 .rodata.__func__.3214
                0x000000001c051258       0x1a /home/christian/Documents/CESE/Thesis/FreeRTOS-RISCV-PMP/Software/core-v-freertos/kernel/portable/GCC/RISC-V/port.o
 *fill*         0x000000001c051272        0x2 
 .rodata.vPortStoreTaskMPUSettings.str1.4
                0x000000001c051274       0x2a /home/christian/Documents/CESE/Thesis/FreeRTOS-RISCV-PMP/Software/core-v-freertos/kernel/portable/GCC/RISC-V/port.o
 *fill*         0x000000001c05129e        0x2 
 .rodata.xPortFreeRTOSInit.str1.4
                0x000000001c0512a0       0x31 /home/christian/Documents/CESE/Thesis/FreeRTOS-RISCV-PMP/Software/core-v-freertos/kernel/portable/GCC/RISC-V/port.o
                                         0x35 (size before relaxing)
 *fill*         0x000000001c0512d1        0x3 
 .rodata.xPortStartScheduler.str1.4
                0x000000001c0512d4       0x18 /home/christian/Documents/CESE/Thesis/FreeRTOS-RISCV-PMP/Software/core-v-freertos/kernel/portable/GCC/RISC-V/port.o
 .rodata.xRemoveFreePMP.str1.4
                0x000000001c0512ec        0x6 /home/christian/Documents/CESE/Thesis/FreeRTOS-RISCV-PMP/Software/core-v-freertos/kernel/portable/GCC/RISC-V/port.o
 *fill*         0x000000001c0512f2        0x2 
 .rodata.__func__.2586
                0x000000001c0512f4        0xa /home/christian/Documents/CESE/Thesis/FreeRTOS-RISCV-PMP/Software/core-v-freertos/kernel/portable/MemMang/heap_1.o
 *fill*         0x000000001c0512fe        0x2 
 .rodata.str1.4
                0x000000001c051300       0x12 /home/christian/Documents/CESE/Thesis/FreeRTOS-RISCV-PMP/Software/core-v-freertos/kernel/portable/MemMang/heap_1.o
                                         0x15 (size before relaxing)
 *fill*         0x000000001c051312        0x2 
 .rodata.write_pmp_config
                0x000000001c051314       0x40 /home/christian/Documents/CESE/Thesis/FreeRTOS-RISCV-PMP/Software/core-v-freertos/kernel/portable/GCC/RISC-V/pmp.o
 .rodata.read_pmp_config
                0x000000001c051354       0x40 /home/christian/Documents/CESE/Thesis/FreeRTOS-RISCV-PMP/Software/core-v-freertos/kernel/portable/GCC/RISC-V/pmp.o
 .rodata.main.str1.4
                0x000000001c051394        0x2 main.o
 *fill*         0x000000001c051396        0x2 
 .rodata.vApplicationMallocFailedHook.str1.4
                0x000000001c051398       0x21 main.o
 *fill*         0x000000001c0513b9        0x3 
 .rodata.main_blinky.str1.4
                0x000000001c0513bc        0xc blinky_demo/main_blinky.o
 .rodata.__func__.4188
                0x000000001c0513c8       0x11 blinky_demo/tasks/QueueSendTask.o
 *fill*         0x000000001c0513d9        0x3 
 .rodata.str1.4
                0x000000001c0513dc       0x26 blinky_demo/tasks/QueueSendTask.o
                                         0x29 (size before relaxing)
 *fill*         0x000000001c051402        0x2 
 .rodata.str1.4
                0x000000001c051404       0x3f /home/christian/.riscv/bin/../lib/gcc/riscv32-unknown-elf/7.1.1/../../../../riscv32-unknown-elf/lib/libc.a(lib_a-assert.o)
                                         0x43 (size before relaxing)
 *fill*         0x000000001c051443        0x1 
 .rodata.str1.4
                0x000000001c051444        0x2 /home/christian/.riscv/bin/../lib/gcc/riscv32-unknown-elf/7.1.1/../../../../riscv32-unknown-elf/lib/libc.a(lib_a-puts.o)
 *fill*         0x000000001c051446        0x2 
 .rodata.str1.4
                0x000000001c051448       0x25 /home/christian/.riscv/bin/../lib/gcc/riscv32-unknown-elf/7.1.1/../../../../riscv32-unknown-elf/lib/libc.a(lib_a-vfiprintf.o)
 *fill*         0x000000001c05146d        0x3 
 .rodata.str1.4
                0x000000001c051470       0x10 /home/christian/.riscv/bin/../lib/gcc/riscv32-unknown-elf/7.1.1/../../../../riscv32-unknown-elf/lib/libc.a(lib_a-locale.o)
                                         0x12 (size before relaxing)
 .rodata        0x000000001c051480       0x28 /home/christian/Documents/CESE/Thesis/FreeRTOS-RISCV-PMP/Software/core-v-freertos/kernel/tasks.o
 .rodata        0x000000001c0514a8       0x28 /home/christian/Documents/CESE/Thesis/FreeRTOS-RISCV-PMP/Software/core-v-freertos/kernel/timers.o
 .rodata        0x000000001c0514d0      0x18c /home/christian/.riscv/bin/../lib/gcc/riscv32-unknown-elf/7.1.1/../../../../riscv32-unknown-elf/lib/libc.a(lib_a-vfiprintf.o)
 .rodata        0x000000001c05165c      0x101 /home/christian/.riscv/bin/../lib/gcc/riscv32-unknown-elf/7.1.1/../../../../riscv32-unknown-elf/lib/libc.a(lib_a-ctype_.o)
                0x000000001c05165c                _ctype_
 *fill*         0x000000001c05175d        0x3 
 .rodata        0x000000001c051760      0x100 /home/christian/.riscv/bin/../lib/gcc/riscv32-unknown-elf/7.1.1/libgcc.a(_clz.o)
                0x000000001c051760                __clz_tab

.eh_frame       0x000000001c051860       0x3c
 .eh_frame      0x000000001c051860       0x28 /home/christian/.riscv/bin/../lib/gcc/riscv32-unknown-elf/7.1.1/libgcc.a(_udivdi3.o)
 .eh_frame      0x000000001c051888       0x14 /home/christian/.riscv/bin/../lib/gcc/riscv32-unknown-elf/7.1.1/libgcc.a(_umoddi3.o)
                                         0x28 (size before relaxing)

.privileged_data
                0x000000001c0518a0      0x1a0
                0x000000001c0518a0                __privileged_data_start__ = .
 *(privileged_data)
 privileged_data
                0x000000001c0518a0       0x40 /home/christian/Documents/CESE/Thesis/FreeRTOS-RISCV-PMP/Software/core-v-freertos/kernel/queue.o
                0x000000001c0518a0                xQueueRegistry
 privileged_data
                0x000000001c0518e0      0x104 /home/christian/Documents/CESE/Thesis/FreeRTOS-RISCV-PMP/Software/core-v-freertos/kernel/tasks.o
                0x000000001c0518e4                pxCurrentTCB
 privileged_data
                0x000000001c0519e4       0x3c /home/christian/Documents/CESE/Thesis/FreeRTOS-RISCV-PMP/Software/core-v-freertos/kernel/timers.o
 privileged_data
                0x000000001c051a20       0x10 /home/christian/Documents/CESE/Thesis/FreeRTOS-RISCV-PMP/Software/core-v-freertos/kernel/portable/GCC/RISC-V/port.o
                0x000000001c051a20                xISRStackTop
                0x000000001c051a24                pullMachineTimerCompareRegister
                0x000000001c051a28                ullNextTime
                0x000000001c051a40                . = ALIGN (0x20)
 *fill*         0x000000001c051a30       0x10 
                0x000000001c051a40                __privileged_data_end__ = .

.data           0x000000001c051a40      0x9b0
                0x000000001c051a40                __data_begin = .
 *(.data)
 .data          0x000000001c051a40      0x428 /home/christian/.riscv/bin/../lib/gcc/riscv32-unknown-elf/7.1.1/../../../../riscv32-unknown-elf/lib/libc.a(lib_a-impure.o)
 .data          0x000000001c051e68      0x16c /home/christian/.riscv/bin/../lib/gcc/riscv32-unknown-elf/7.1.1/../../../../riscv32-unknown-elf/lib/libc.a(lib_a-locale.o)
                0x000000001c051e68                __global_locale
 .data          0x000000001c051fd4      0x408 /home/christian/.riscv/bin/../lib/gcc/riscv32-unknown-elf/7.1.1/../../../../riscv32-unknown-elf/lib/libc.a(lib_a-mallocr.o)
                0x000000001c051fd4                __malloc_av_
 *(.data.*)
                0x000000001c0523dc                __sdata_begin = .
 *(.sdata)
 .sdata         0x000000001c0523dc        0x8 /home/christian/.riscv/bin/../lib/gcc/riscv32-unknown-elf/7.1.1/../../../../riscv32-unknown-elf/lib/libc.a(lib_a-impure.o)
                0x000000001c0523dc                _global_impure_ptr
                0x000000001c0523e0                _impure_ptr
 .sdata         0x000000001c0523e4        0x8 /home/christian/.riscv/bin/../lib/gcc/riscv32-unknown-elf/7.1.1/../../../../riscv32-unknown-elf/lib/libc.a(lib_a-mallocr.o)
                0x000000001c0523e4                __malloc_sbrk_base
                0x000000001c0523e8                __malloc_trim_threshold
 *(.sdata.*)
 .sdata.brk     0x000000001c0523ec        0x4 /home/christian/Documents/CESE/Thesis/FreeRTOS-RISCV-PMP/Software/core-v-freertos/libc/syscalls.o
 *(.sdata2.*)
                0x000000001c0523f0                . = ALIGN (0x4)

.bss            0x000000001c0523f0       0xd4
                0x000000001c0523f0                __bss_start = .
 *(.bss)
 .bss           0x000000001c0523f0       0x28 /home/christian/.riscv/bin/../lib/gcc/riscv32-unknown-elf/7.1.1/../../../../riscv32-unknown-elf/lib/libc.a(lib_a-mallocr.o)
                0x000000001c0523f0                __malloc_current_mallinfo
 *(.bss.*)
 *(.sbss)
 .sbss          0x000000001c052418        0xc /home/christian/.riscv/bin/../lib/gcc/riscv32-unknown-elf/7.1.1/../../../../riscv32-unknown-elf/lib/libc.a(lib_a-mallocr.o)
                0x000000001c052418                __malloc_max_total_mem
                0x000000001c05241c                __malloc_max_sbrked_mem
                0x000000001c052420                __malloc_top_pad
 *(.sbss.*)
 .sbss.xPmpInfo
                0x000000001c052424        0x8 /home/christian/Documents/CESE/Thesis/FreeRTOS-RISCV-PMP/Software/core-v-freertos/kernel/portable/GCC/RISC-V/port.o
                0x000000001c052424                xPmpInfo
 .sbss.pucAlignedHeap.2579
                0x000000001c05242c        0x4 /home/christian/Documents/CESE/Thesis/FreeRTOS-RISCV-PMP/Software/core-v-freertos/kernel/portable/MemMang/heap_1.o
 .sbss.xNextFreeByte
                0x000000001c052430        0x4 /home/christian/Documents/CESE/Thesis/FreeRTOS-RISCV-PMP/Software/core-v-freertos/kernel/portable/MemMang/heap_1.o
 .sbss.xQueue   0x000000001c052434        0x4 blinky_demo/main_blinky.o
                0x000000001c052434                xQueue
 *(COMMON)
 COMMON         0x000000001c052438       0x80 /home/christian/Documents/CESE/Thesis/FreeRTOS-RISCV-PMP/Software/core-v-freertos/target/core-v-mcu/system_core_v_mcu_metal.o
                0x000000001c052438                isr_table
 COMMON         0x000000001c0524b8        0x4 /home/christian/.riscv/bin/../lib/gcc/riscv32-unknown-elf/7.1.1/../../../../riscv32-unknown-elf/lib/libc.a(lib_a-reent.o)
                0x000000001c0524b8                errno
                0x000000001c0524bc                . = ALIGN (0x4)
                0x000000001c0524bc                __bss_end = .
                0x000000001c0524bc                __unprivileged_section_end__ = .
                0x000000001c0524c0                . = ALIGN (0x8)
 *fill*         0x000000001c0524bc        0x4 
                0x000000001c0524c0                __unprivileged_RO_section_start__ = .
 *(.unprivileged_RO_section)
 .unprivileged_RO_section
                0x000000001c0524c0        0x4 /home/christian/Documents/CESE/Thesis/FreeRTOS-RISCV-PMP/Software/core-v-freertos/kernel/portable/GCC/RISC-V/port.o
                0x000000001c0524c0                privilege_status
                0x000000001c0524c4                __unprivileged_RO_section_end__ = .

QueueReceiveTaskCode
                0x000000001c0524c4       0xbc
                0x000000001c052500                . = ALIGN (0x80)
 *fill*         0x000000001c0524c4       0x3c 
                0x000000001c052500                _start_QueueReceiveTaskCode = .
 *(.QueueReceiveTaskCode*)
 .QueueReceiveTaskCode
                0x000000001c052500       0x32 blinky_demo/tasks/QueueReceiveTask.o
                0x000000001c052500                prvQueueReceiveTask
                0x000000001c052580                . = ALIGN (0x80)
 *fill*         0x000000001c052532       0x4e 
                0x000000001c052580                _end_QueueReceiveTaskCode = .

QueueReceiveTaskData
                0x000000001c052580     0x1900
                0x000000001c052580                . = ALIGN (0x80)
 *(.QueueReceiveTaskData*)
 .QueueReceiveTaskData
                0x000000001c052580     0x1900 blinky_demo/main_blinky.o

QueueSendTaskCode
                0x000000001c053e80       0x80
                0x000000001c053e80                . = ALIGN (0x80)
                0x000000001c053e80                _start_QueueSendTaskCode = .
 *(.QueueSendTaskCode*)
 .QueueSendTaskCode
                0x000000001c053e80       0x60 blinky_demo/tasks/QueueSendTask.o
                0x000000001c053e80                prvQueueSendTask
                0x000000001c053f00                . = ALIGN (0x80)
 *fill*         0x000000001c053ee0       0x20 
                0x000000001c053f00                _end_QueueSendTaskCode = .

QueueSendTaskData
                0x000000001c053f00     0x1000
                0x000000001c053f00                . = ALIGN (0x80)
 *(.QueueSendTaskData*)
 .QueueSendTaskData
                0x000000001c053f00     0x1000 blinky_demo/main_blinky.o

LedTaskCode     0x000000001c054f00       0x80
                0x000000001c054f00                . = ALIGN (0x80)
                0x000000001c054f00                _start_LedTaskCode = .
 *(.LedTaskCode*)
 .LedTaskCode   0x000000001c054f00       0x62 blinky_demo/tasks/LedTask.o
                0x000000001c054f00                prvLedTask
                0x000000001c054f80                . = ALIGN (0x80)
 *fill*         0x000000001c054f62       0x1e 
                0x000000001c054f80                _end_LedTaskCode = .

.rela.dyn       0x000000001c054f80        0x0
 .relaprivileged_functions
                0x000000001c054f80        0x0 /home/christian/Documents/CESE/Thesis/FreeRTOS-RISCV-PMP/Software/core-v-freertos/kernel/event_groups.o
 .rela.text.xDeriveNewSealingKey
                0x000000001c054f80        0x0 /home/christian/Documents/CESE/Thesis/FreeRTOS-RISCV-PMP/Software/core-v-freertos/kernel/event_groups.o
 .rela.text.vTaskEnterCritical
                0x000000001c054f80        0x0 /home/christian/Documents/CESE/Thesis/FreeRTOS-RISCV-PMP/Software/core-v-freertos/kernel/event_groups.o
 .rela.text.vTaskExitCritical
                0x000000001c054f80        0x0 /home/christian/Documents/CESE/Thesis/FreeRTOS-RISCV-PMP/Software/core-v-freertos/kernel/event_groups.o
 .rela.text.prvIdleTask
                0x000000001c054f80        0x0 /home/christian/Documents/CESE/Thesis/FreeRTOS-RISCV-PMP/Software/core-v-freertos/kernel/event_groups.o
 .rela.text.calculateHashOfTask
                0x000000001c054f80        0x0 /home/christian/Documents/CESE/Thesis/FreeRTOS-RISCV-PMP/Software/core-v-freertos/kernel/event_groups.o
 .rela.text.xPortFreeRTOSInit
                0x000000001c054f80        0x0 /home/christian/Documents/CESE/Thesis/FreeRTOS-RISCV-PMP/Software/core-v-freertos/kernel/event_groups.o
 .rela.text.xPortStartScheduler
                0x000000001c054f80        0x0 /home/christian/Documents/CESE/Thesis/FreeRTOS-RISCV-PMP/Software/core-v-freertos/kernel/event_groups.o
 .rela.text.vPortEndScheduler
                0x000000001c054f80        0x0 /home/christian/Documents/CESE/Thesis/FreeRTOS-RISCV-PMP/Software/core-v-freertos/kernel/event_groups.o
 .rela.text.vPortStoreTaskMPUSettings
                0x000000001c054f80        0x0 /home/christian/Documents/CESE/Thesis/FreeRTOS-RISCV-PMP/Software/core-v-freertos/kernel/event_groups.o
 .rela.text.xAddMallocPMP
                0x000000001c054f80        0x0 /home/christian/Documents/CESE/Thesis/FreeRTOS-RISCV-PMP/Software/core-v-freertos/kernel/event_groups.o
 .rela.text.xRemoveFreePMP
                0x000000001c054f80        0x0 /home/christian/Documents/CESE/Thesis/FreeRTOS-RISCV-PMP/Software/core-v-freertos/kernel/event_groups.o
 .rela.text.pxPortInitialiseStack
                0x000000001c054f80        0x0 /home/christian/Documents/CESE/Thesis/FreeRTOS-RISCV-PMP/Software/core-v-freertos/kernel/event_groups.o
 .rela.text     0x000000001c054f80        0x0 /home/christian/Documents/CESE/Thesis/FreeRTOS-RISCV-PMP/Software/core-v-freertos/kernel/event_groups.o
 .rela.text.vPortResetPrivilege
                0x000000001c054f80        0x0 /home/christian/Documents/CESE/Thesis/FreeRTOS-RISCV-PMP/Software/core-v-freertos/kernel/event_groups.o
 .rela.text.nanosleep
                0x000000001c054f80        0x0 /home/christian/Documents/CESE/Thesis/FreeRTOS-RISCV-PMP/Software/core-v-freertos/kernel/event_groups.o
 .rela.text._access
                0x000000001c054f80        0x0 /home/christian/Documents/CESE/Thesis/FreeRTOS-RISCV-PMP/Software/core-v-freertos/kernel/event_groups.o
 .rela.text._chdir
                0x000000001c054f80        0x0 /home/christian/Documents/CESE/Thesis/FreeRTOS-RISCV-PMP/Software/core-v-freertos/kernel/event_groups.o
 .rela.text._chmod
                0x000000001c054f80        0x0 /home/christian/Documents/CESE/Thesis/FreeRTOS-RISCV-PMP/Software/core-v-freertos/kernel/event_groups.o
 .rela.text._chown
                0x000000001c054f80        0x0 /home/christian/Documents/CESE/Thesis/FreeRTOS-RISCV-PMP/Software/core-v-freertos/kernel/event_groups.o
 .rela.text._execve
                0x000000001c054f80        0x0 /home/christian/Documents/CESE/Thesis/FreeRTOS-RISCV-PMP/Software/core-v-freertos/kernel/event_groups.o
 .rela.text._faccessat
                0x000000001c054f80        0x0 /home/christian/Documents/CESE/Thesis/FreeRTOS-RISCV-PMP/Software/core-v-freertos/kernel/event_groups.o
 .rela.text._fork
                0x000000001c054f80        0x0 /home/christian/Documents/CESE/Thesis/FreeRTOS-RISCV-PMP/Software/core-v-freertos/kernel/event_groups.o
 .rela.text._fstatat
                0x000000001c054f80        0x0 /home/christian/Documents/CESE/Thesis/FreeRTOS-RISCV-PMP/Software/core-v-freertos/kernel/event_groups.o
 .rela.text._getcwd
                0x000000001c054f80        0x0 /home/christian/Documents/CESE/Thesis/FreeRTOS-RISCV-PMP/Software/core-v-freertos/kernel/event_groups.o
 .rela.text._gettimeofday
                0x000000001c054f80        0x0 /home/christian/Documents/CESE/Thesis/FreeRTOS-RISCV-PMP/Software/core-v-freertos/kernel/event_groups.o
 .rela.text.kill
                0x000000001c054f80        0x0 /home/christian/Documents/CESE/Thesis/FreeRTOS-RISCV-PMP/Software/core-v-freertos/kernel/event_groups.o
 .rela.text._link
                0x000000001c054f80        0x0 /home/christian/Documents/CESE/Thesis/FreeRTOS-RISCV-PMP/Software/core-v-freertos/kernel/event_groups.o
 .rela.text._lstat
                0x000000001c054f80        0x0 /home/christian/Documents/CESE/Thesis/FreeRTOS-RISCV-PMP/Software/core-v-freertos/kernel/event_groups.o
 .rela.text._openat
                0x000000001c054f80        0x0 /home/christian/Documents/CESE/Thesis/FreeRTOS-RISCV-PMP/Software/core-v-freertos/kernel/event_groups.o
 .rela.text._unlink
                0x000000001c054f80        0x0 /home/christian/Documents/CESE/Thesis/FreeRTOS-RISCV-PMP/Software/core-v-freertos/kernel/event_groups.o
 .rela.text._wait
                0x000000001c054f80        0x0 /home/christian/Documents/CESE/Thesis/FreeRTOS-RISCV-PMP/Software/core-v-freertos/kernel/event_groups.o
 .rela.text.write
                0x000000001c054f80        0x0 /home/christian/Documents/CESE/Thesis/FreeRTOS-RISCV-PMP/Software/core-v-freertos/kernel/event_groups.o
 .rela.text.sbrk
                0x000000001c054f80        0x0 /home/christian/Documents/CESE/Thesis/FreeRTOS-RISCV-PMP/Software/core-v-freertos/kernel/event_groups.o
 .rela.sdata.brk
                0x000000001c054f80        0x0 /home/christian/Documents/CESE/Thesis/FreeRTOS-RISCV-PMP/Software/core-v-freertos/kernel/event_groups.o
 .rela.text.start
                0x000000001c054f80        0x0 /home/christian/Documents/CESE/Thesis/FreeRTOS-RISCV-PMP/Software/core-v-freertos/kernel/event_groups.o
 .rela.text.vecs
                0x000000001c054f80        0x0 /home/christian/Documents/CESE/Thesis/FreeRTOS-RISCV-PMP/Software/core-v-freertos/kernel/event_groups.o
 .rela.text.system_init
                0x000000001c054f80        0x0 /home/christian/Documents/CESE/Thesis/FreeRTOS-RISCV-PMP/Software/core-v-freertos/kernel/event_groups.o
 .rela.text.undefined_handler
                0x000000001c054f80        0x0 /home/christian/Documents/CESE/Thesis/FreeRTOS-RISCV-PMP/Software/core-v-freertos/kernel/event_groups.o
 .rela.text.vPortSetupTimerInterrupt
                0x000000001c054f80        0x0 /home/christian/Documents/CESE/Thesis/FreeRTOS-RISCV-PMP/Software/core-v-freertos/kernel/event_groups.o
 .rela.text.vSystemIrqHandler
                0x000000001c054f80        0x0 /home/christian/Documents/CESE/Thesis/FreeRTOS-RISCV-PMP/Software/core-v-freertos/kernel/event_groups.o
 .rela.text.gpio_pin_conf_pad
                0x000000001c054f80        0x0 /home/christian/Documents/CESE/Thesis/FreeRTOS-RISCV-PMP/Software/core-v-freertos/kernel/event_groups.o
 .rela.text.gpio_pin_get_raw
                0x000000001c054f80        0x0 /home/christian/Documents/CESE/Thesis/FreeRTOS-RISCV-PMP/Software/core-v-freertos/kernel/event_groups.o
 .rela.text.gpio_pin_set_raw
                0x000000001c054f80        0x0 /home/christian/Documents/CESE/Thesis/FreeRTOS-RISCV-PMP/Software/core-v-freertos/kernel/event_groups.o
 .rela.text.gpio_pin_configure
                0x000000001c054f80        0x0 /home/christian/Documents/CESE/Thesis/FreeRTOS-RISCV-PMP/Software/core-v-freertos/kernel/event_groups.o
 .rela.text.startup.main
                0x000000001c054f80        0x0 /home/christian/Documents/CESE/Thesis/FreeRTOS-RISCV-PMP/Software/core-v-freertos/kernel/event_groups.o
 .rela.text.vSendString
                0x000000001c054f80        0x0 /home/christian/Documents/CESE/Thesis/FreeRTOS-RISCV-PMP/Software/core-v-freertos/kernel/event_groups.o
 .rela.text.vApplicationMallocFailedHook
                0x000000001c054f80        0x0 /home/christian/Documents/CESE/Thesis/FreeRTOS-RISCV-PMP/Software/core-v-freertos/kernel/event_groups.o
 .rela.text.main_blinky
                0x000000001c054f80        0x0 /home/christian/Documents/CESE/Thesis/FreeRTOS-RISCV-PMP/Software/core-v-freertos/kernel/event_groups.o
 .rela.secure_bootloader
                0x000000001c054f80        0x0 /home/christian/Documents/CESE/Thesis/FreeRTOS-RISCV-PMP/Software/core-v-freertos/kernel/event_groups.o
 .rela.text.derive_secret_key_freertos
                0x000000001c054f80        0x0 /home/christian/Documents/CESE/Thesis/FreeRTOS-RISCV-PMP/Software/core-v-freertos/kernel/event_groups.o
 .rela.text.ed25519_create_keypair
                0x000000001c054f80        0x0 /home/christian/Documents/CESE/Thesis/FreeRTOS-RISCV-PMP/Software/core-v-freertos/kernel/event_groups.o
 .rela.text.ed25519_verify
                0x000000001c054f80        0x0 /home/christian/Documents/CESE/Thesis/FreeRTOS-RISCV-PMP/Software/core-v-freertos/kernel/event_groups.o
 .rela.text.ed25519_sign
                0x000000001c054f80        0x0 /home/christian/Documents/CESE/Thesis/FreeRTOS-RISCV-PMP/Software/core-v-freertos/kernel/event_groups.o
 .rela.text.sha3_keccakf
                0x000000001c054f80        0x0 /home/christian/Documents/CESE/Thesis/FreeRTOS-RISCV-PMP/Software/core-v-freertos/kernel/event_groups.o
 .rela.text.hkdf_extract
                0x000000001c054f80        0x0 /home/christian/Documents/CESE/Thesis/FreeRTOS-RISCV-PMP/Software/core-v-freertos/kernel/event_groups.o
 .rela.text.hkdf_expand
                0x000000001c054f80        0x0 /home/christian/Documents/CESE/Thesis/FreeRTOS-RISCV-PMP/Software/core-v-freertos/kernel/event_groups.o
 .rela.text.hmac_sha3_init
                0x000000001c054f80        0x0 /home/christian/Documents/CESE/Thesis/FreeRTOS-RISCV-PMP/Software/core-v-freertos/kernel/event_groups.o
 .rela.QueueSendTaskCode